C51 COMPILER V9.59.0.0   MAIN                                                              09/18/2020 18:57:17 PAGE 1   


C51 COMPILER V9.59.0.0, COMPILATION OF MODULE MAIN
OBJECT MODULE PLACED IN .\list\main.obj
COMPILER INVOKED BY: C:\Keil_v5\C51\BIN\C51.EXE main.c OPTIMIZE(8,SPEED) BROWSE DEBUG OBJECTEXTEND PRINT(.\list\main.lst
                    -) TABS(2) OBJECT(.\list\main.obj)

line level    source

   1          /*---------------------------------------------------------------------*/
   2          /* --- STC MCU Limited ------------------------------------------------*/
   3          /* --- STC 1T Series MCU Demo Programme -------------------------------*/
   4          /* --- Mobile: (86)13922805190 ----------------------------------------*/
   5          /* --- Fax: 86-0513-55012956,55012947,55012969 ------------------------*/
   6          /* --- Tel: 86-0513-55012928,55012929,55012966 ------------------------*/
   7          /* --- Web: www.STCMCU.com --------------------------------------------*/
   8          /* --- Web: www.STCMCUDATA.com  ---------------------------------------*/
   9          /* --- QQ:  800003751 -------------------------------------------------*/
  10          /* 如果要在程序中使用此代码,请在程序中注明使用了STC的资料及程序            */
  11          /*---------------------------------------------------------------------*/
  12          
  13          #include  "config.h"
  14          #include  "GPIO.h"
  15          #include  "timer.h"
  16          #include  "I2C.h"
  17          
  18          /*************  功能说明  **************
  19          
  20          本例程基于STC8H8K64U为主控芯片的实验箱8进行编写测试，STC8G、STC8H系列芯片可通用参考.
  21          
  22          读写RTC, IC为PCF8563.
  23          
  24          用STC的MCU的IO方式驱动8位数码管。
  25          
  26          使用Timer0的16位自动重装来产生1ms节拍,程序运行于这个节拍下, 用户修改MCU主时钟频率时,自动定时于1ms.
  27          
  28          8位数码管显示时间(小时-分钟-秒).
  29          
  30          行列扫描按键键码为17~32.
  31          
  32          按键只支持单键按下, 不支持多键同时按下, 那样将会有不可预知的结果.
  33          
  34          键按下超过1秒后,将以10键/秒的速度提供重键输出. 用户只需要检测KeyCode是否非0来判断键是否按下.
  35          
  36          调整时间键:
  37          键码17: 小时+.
  38          键码18: 小时-.
  39          键码19: 分钟+.
  40          键码20: 分钟-.
  41          
  42          下载时, 选择时钟 24MHz (可以在配置文件"config.h"中修改).
  43          
  44          ******************************************/
  45          
  46          /*************  本地常量声明  **************/
  47          #define DIS_DOT     0x20
  48          #define DIS_BLACK   0x10
  49          #define DIS_        0x11
  50          
  51          u8 code t_display[]={                       //标准字库
  52          //   0    1    2    3    4    5    6    7    8    9    A    B    C    D    E    F
  53              0x3F,0x06,0x5B,0x4F,0x66,0x6D,0x7D,0x07,0x7F,0x6F,0x77,0x7C,0x39,0x5E,0x79,0x71,
  54          //black  -     H    J    K    L    N    o   P    U     t    G    Q    r   M    y
C51 COMPILER V9.59.0.0   MAIN                                                              09/18/2020 18:57:17 PAGE 2   

  55              0x00,0x40,0x76,0x1E,0x70,0x38,0x37,0x5C,0x73,0x3E,0x78,0x3d,0x67,0x50,0x37,0x6e,
  56              0xBF,0x86,0xDB,0xCF,0xE6,0xED,0xFD,0x87,0xFF,0xEF,0x46};    //0. 1. 2. 3. 4. 5. 6. 7. 8. 9. -1
  57          
  58          u8 code T_COM[]={0x01,0x02,0x04,0x08,0x10,0x20,0x40,0x80};      //位码
  59          
  60          /*************  本地变量声明  **************/
  61          u8  LED8[8];        //显示缓冲
  62          u8  display_index;  //显示位索引
  63          bit B_1ms;          //1ms标志
  64          
  65          u8  IO_KeyState, IO_KeyState1, IO_KeyHoldCnt;    //行列键盘变量
  66          u8  KeyHoldCnt; //键按下计时
  67          u8  KeyCode;    //给用户使用的键码
  68          u8  cnt50ms;
  69          
  70          u8  hour,minute,second; //RTC变量
  71          u16 msecond;
  72          
  73          /*************  本地函数声明  **************/
  74          
  75          void IO_KeyScan(void);   //50ms call
  76          void DisplayRTC(void);
  77          void ReadRTC(void);
  78          void WriteRTC(void);
  79          
  80          
  81          /*************  外部函数和变量声明 *****************/
  82          
  83          
  84          
  85          /******************** IO口配置 ********************/
  86          void  GPIO_config(void)
  87          {
  88   1        GPIO_InitTypeDef  GPIO_InitStructure;       //结构定义
  89   1      
  90   1        GPIO_InitStructure.Pin  = GPIO_Pin_All;     //指定要初始化的IO, GPIO_Pin_0 ~ GPIO_Pin_7, 或操作
  91   1        GPIO_InitStructure.Mode = GPIO_PullUp;      //指定IO的输入或输出方式,GPIO_PullUp,GPIO_HighZ,GPIO_OUT_OD,GPIO
             -_OUT_PP
  92   1        GPIO_Inilize(GPIO_P0,&GPIO_InitStructure);  //初始化
  93   1      
  94   1        GPIO_InitStructure.Pin  = GPIO_Pin_All;     //指定要初始化的IO, GPIO_Pin_0 ~ GPIO_Pin_7, 或操作
  95   1        GPIO_InitStructure.Mode = GPIO_PullUp;      //指定IO的输入或输出方式,GPIO_PullUp,GPIO_HighZ,GPIO_OUT_OD,GPIO
             -_OUT_PP
  96   1        GPIO_Inilize(GPIO_P1,&GPIO_InitStructure);  //初始化
  97   1      
  98   1        GPIO_InitStructure.Pin  = GPIO_Pin_All;     //指定要初始化的IO, GPIO_Pin_0 ~ GPIO_Pin_7, 或操作
  99   1        GPIO_InitStructure.Mode = GPIO_PullUp;      //指定IO的输入或输出方式,GPIO_PullUp,GPIO_HighZ,GPIO_OUT_OD,GPIO
             -_OUT_PP
 100   1        GPIO_Inilize(GPIO_P6,&GPIO_InitStructure);  //初始化
 101   1      
 102   1        GPIO_InitStructure.Pin  = GPIO_Pin_All;     //指定要初始化的IO, GPIO_Pin_0 ~ GPIO_Pin_7, 或操作
 103   1        GPIO_InitStructure.Mode = GPIO_PullUp;      //指定IO的输入或输出方式,GPIO_PullUp,GPIO_HighZ,GPIO_OUT_OD,GPIO
             -_OUT_PP
 104   1        GPIO_Inilize(GPIO_P7,&GPIO_InitStructure);  //初始化
 105   1      }
 106          
 107          /************************ 定时器配置 ****************************/
 108          void  Timer_config(void)
 109          {
 110   1        TIM_InitTypeDef   TIM_InitStructure;            //结构定义
 111   1        TIM_InitStructure.TIM_Mode      = TIM_16BitAutoReload;  //指定工作模式,   TIM_16BitAutoReload,TIM_16Bit,TI
             -M_8BitAutoReload,TIM_16BitAutoReloadNoMask
C51 COMPILER V9.59.0.0   MAIN                                                              09/18/2020 18:57:17 PAGE 3   

 112   1        TIM_InitStructure.TIM_Polity    = Polity_0;     //指定中断优先级(低到高) Polity_0,Polity_1,Polity_2,Polity_
             -3
 113   1        TIM_InitStructure.TIM_Interrupt = ENABLE;         //中断是否允许,   ENABLE或DISABLE
 114   1        TIM_InitStructure.TIM_ClkSource = TIM_CLOCK_1T;   //指定时钟源,     TIM_CLOCK_1T,TIM_CLOCK_12T,TIM_CLOCK_E
             -xt
 115   1        TIM_InitStructure.TIM_ClkOut    = DISABLE;        //是否输出高速脉冲, ENABLE或DISABLE
 116   1        TIM_InitStructure.TIM_Value     = 65536UL - (MAIN_Fosc / 1000);   //中断频率, 1000次/秒
 117   1        TIM_InitStructure.TIM_Run       = ENABLE;         //是否初始化后启动定时器, ENABLE或DISABLE
 118   1        Timer_Inilize(Timer0,&TIM_InitStructure);         //初始化Timer0    Timer0,Timer1,Timer2,Timer3,Timer4
 119   1      }
 120          
 121          /****************  I2C初始化函数 *****************/
 122          void  I2C_config(void)
 123          {
 124   1        I2C_InitTypeDef   I2C_InitStructure;
 125   1        I2C_InitStructure.I2C_Mode      = I2C_Mode_Master;  //主从选择   I2C_Mode_Master, I2C_Mode_Slave
 126   1        I2C_InitStructure.I2C_Enable    = ENABLE;           //I2C功能使能,   ENABLE, DISABLE
 127   1        I2C_InitStructure.I2C_MS_WDTA   = DISABLE;          //主机使能自动发送,  ENABLE, DISABLE
 128   1        I2C_InitStructure.I2C_MS_Interrupt = DISABLE;       //使能主机模式中断,  ENABLE, DISABLE
 129   1        I2C_InitStructure.I2C_Speed     = 16;               //总线速度=Fosc/2/(Speed*2+4),      0~63
 130   1        I2C_InitStructure.I2C_IoUse     = I2C_P14_P15;      //IO口切换   I2C_P14_P15, I2C_P24_P25, I2C_P33_P32
 131   1      
 132   1        I2C_Init(&I2C_InitStructure);
 133   1      }
 134          
 135          
 136          /******************** task A **************************/
 137          void main(void)
 138          {
 139   1        u8  i;
 140   1        
 141   1        GPIO_config();
 142   1        Timer_config();
 143   1        I2C_config();
 144   1        EA = 1;
 145   1      
 146   1        display_index = 0;
 147   1        
 148   1        for(i=0; i<8; i++)  LED8[i] = 0x10; //上电消隐
 149   1          
 150   1        ReadRTC();
 151   1        F0 = 0;
 152   1        if(second >= 60)    F0 = 1; //错误
 153   1        if(minute >= 60)    F0 = 1; //错误
 154   1        if(hour   >= 24)    F0 = 1; //错误
 155   1        if(F0)  //有错误, 默认12:00:00
 156   1        {
 157   2          second = 0;
 158   2          minute = 0;
 159   2          hour  = 12;
 160   2          WriteRTC();
 161   2        }
 162   1      
 163   1        DisplayRTC();
 164   1        LED8[2] = DIS_;
 165   1        LED8[5] = DIS_;
 166   1      
 167   1        KeyHoldCnt = 0; //键按下计时
 168   1        KeyCode = 0;    //给用户使用的键码
 169   1      
 170   1        IO_KeyState = 0;
 171   1        IO_KeyState1 = 0;
C51 COMPILER V9.59.0.0   MAIN                                                              09/18/2020 18:57:17 PAGE 4   

 172   1        IO_KeyHoldCnt = 0;
 173   1        cnt50ms = 0;
 174   1      
 175   1        while (1)
 176   1        {
 177   2          if(B_1ms)
 178   2          {
 179   3            B_1ms = 0;
 180   3            if(++msecond >= 1000)   //1秒到
 181   3            {
 182   4              msecond = 0;
 183   4              ReadRTC();
 184   4              DisplayRTC();
 185   4            }
 186   3      
 187   3            if(++cnt50ms >= 50)     //50ms扫描一次行列键盘
 188   3            {
 189   4              cnt50ms = 0;
 190   4              IO_KeyScan();
 191   4            }
 192   3            
 193   3            if(KeyCode != 0)        //有键按下
 194   3            {
 195   4              if(KeyCode == 17)   //hour +1
 196   4              {
 197   5                if(++hour >= 24)    hour = 0;
 198   5                WriteRTC();
 199   5                DisplayRTC();
 200   5              }
 201   4              if(KeyCode == 18)   //hour -1
 202   4              {
 203   5                if(--hour >= 24)    hour = 23;
 204   5                WriteRTC();
 205   5                DisplayRTC();
 206   5              }
 207   4              if(KeyCode == 19)   //minute +1
 208   4              {
 209   5                second = 0;
 210   5                if(++minute >= 60)  minute = 0;
 211   5                WriteRTC();
 212   5                DisplayRTC();
 213   5              }
 214   4              if(KeyCode == 20)   //minute -1
 215   4              {
 216   5                second = 0;
 217   5                if(--minute >= 60)  minute = 59;
 218   5                WriteRTC();
 219   5                DisplayRTC();
 220   5              }
 221   4      
 222   4              KeyCode = 0;
 223   4            }
 224   3          }
 225   2        }
 226   1      }
 227          
 228          /********************** 显示时钟函数 ************************/
 229          void DisplayRTC(void)
 230          {
 231   1          if(hour >= 10)  LED8[0] = hour / 10;
 232   1          else            LED8[0] = DIS_BLACK;
 233   1          LED8[1] = hour % 10;
C51 COMPILER V9.59.0.0   MAIN                                                              09/18/2020 18:57:17 PAGE 5   

 234   1          LED8[2] = DIS_;
 235   1          LED8[3] = minute / 10;
 236   1          LED8[4] = minute % 10;
 237   1          LED8[6] = second / 10;
 238   1          LED8[7] = second % 10;
 239   1      }
 240          
 241          /********************** 读RTC函数 ************************/
 242          void ReadRTC(void)
 243          {
 244   1          u8  tmp[3];
 245   1      
 246   1          ReadNbyte(2, tmp, 3);
 247   1          second = ((tmp[0] >> 4) & 0x07) * 10 + (tmp[0] & 0x0f);
 248   1          minute = ((tmp[1] >> 4) & 0x07) * 10 + (tmp[1] & 0x0f);
 249   1          hour   = ((tmp[2] >> 4) & 0x03) * 10 + (tmp[2] & 0x0f);
 250   1      }
 251          
 252          /********************** 写RTC函数 ************************/
 253          void WriteRTC(void)
 254          {
 255   1          u8  tmp[3];
 256   1      
 257   1          tmp[0] = ((second / 10) << 4) + (second % 10);
 258   1          tmp[1] = ((minute / 10) << 4) + (minute % 10);
 259   1          tmp[2] = ((hour / 10) << 4) + (hour % 10);
 260   1          WriteNbyte(2, tmp, 3);
 261   1      }
 262          
 263          
 264          /*****************************************************
 265              行列键扫描程序
 266              使用XY查找4x4键的方法，只能单键，速度快
 267          
 268             Y     P04      P05      P06      P07
 269                    |        |        |        |
 270          X         |        |        |        |
 271          P00 ---- K00 ---- K01 ---- K02 ---- K03 ----
 272                    |        |        |        |
 273          P01 ---- K04 ---- K05 ---- K06 ---- K07 ----
 274                    |        |        |        |
 275          P02 ---- K08 ---- K09 ---- K10 ---- K11 ----
 276                    |        |        |        |
 277          P03 ---- K12 ---- K13 ---- K14 ---- K15 ----
 278                    |        |        |        |
 279          ******************************************************/
 280          
 281          
 282          u8 code T_KeyTable[16] = {0,1,2,0,3,0,0,0,4,0,0,0,0,0,0,0};
 283          
 284          void IO_KeyDelay(void)
 285          {
 286   1          u8 i;
 287   1          i = 60;
 288   1          while(--i)  ;
 289   1      }
 290          
 291          void IO_KeyScan(void)    //50ms call
 292          {
 293   1          u8  j;
 294   1      
 295   1          j = IO_KeyState1;   //保存上一次状态
C51 COMPILER V9.59.0.0   MAIN                                                              09/18/2020 18:57:17 PAGE 6   

 296   1      
 297   1          P0 = 0xf0;  //X低，读Y
 298   1          IO_KeyDelay();
 299   1          IO_KeyState1 = P0 & 0xf0;
 300   1      
 301   1          P0 = 0x0f;  //Y低，读X
 302   1          IO_KeyDelay();
 303   1          IO_KeyState1 |= (P0 & 0x0f);
 304   1          IO_KeyState1 ^= 0xff;   //取反
 305   1          
 306   1          if(j == IO_KeyState1)   //连续两次读相等
 307   1          {
 308   2              j = IO_KeyState;
 309   2              IO_KeyState = IO_KeyState1;
 310   2              if(IO_KeyState != 0)    //有键按下
 311   2              {
 312   3                  F0 = 0;
 313   3                  if(j == 0)  F0 = 1; //第一次按下
 314   3                  else if(j == IO_KeyState)
 315   3                  {
 316   4                      if(++IO_KeyHoldCnt >= 20)   //1秒后重键
 317   4                      {
 318   5                          IO_KeyHoldCnt = 18;
 319   5                          F0 = 1;
 320   5                      }
 321   4                  }
 322   3                  if(F0)
 323   3                  {
 324   4                      j = T_KeyTable[IO_KeyState >> 4];
 325   4                      if((j != 0) && (T_KeyTable[IO_KeyState& 0x0f] != 0)) 
 326   4                          KeyCode = (j - 1) * 4 + T_KeyTable[IO_KeyState & 0x0f] + 16;    //计算键码，17~32
 327   4                  }
 328   3              }
 329   2              else    IO_KeyHoldCnt = 0;
 330   2          }
 331   1          P0 = 0xff;
 332   1      }
 333          
 334          
 335          /********************** 显示扫描函数 ************************/
 336          void DisplayScan(void)
 337          {   
 338   1          P7 = ~T_COM[7-display_index];
 339   1          P6 = ~t_display[LED8[display_index]];
 340   1          if(++display_index >= 8)    display_index = 0;  //8位结束回0
 341   1      }
 342          
 343          
 344          


MODULE INFORMATION:   STATIC OVERLAYABLE
   CODE SIZE        =    800    ----
   CONSTANT SIZE    =     67    ----
   XDATA SIZE       =   ----    ----
   PDATA SIZE       =   ----    ----
   DATA SIZE        =     20      28
   IDATA SIZE       =   ----    ----
   BIT SIZE         =      1    ----
END OF MODULE INFORMATION.


C51 COMPILATION COMPLETE.  0 WARNING(S),  0 ERROR(S)
