C51 COMPILER V9.60.0.0   I2CBUS                                                            06/12/2022 17:30:45 PAGE 1   


C51 COMPILER V9.60.0.0, COMPILATION OF MODULE I2CBUS
OBJECT MODULE PLACED IN .\Objects\I2CBus.obj
COMPILER INVOKED BY: d:\Keil_v5\C51\BIN\C51.EXE I2CBus.c OPTIMIZE(8,SPEED) BROWSE DEBUG OBJECTEXTEND PRINT(.\Listings\I2
                    -CBus.lst) TABS(2) OBJECT(.\Objects\I2CBus.obj)

line level    source

   1          #include <reg51.h>
   2          #include "I2CBus.h"
   3          #include <intrins.h>
   4          
   5          /**
   6           * 晶振：12MHz
   7           * 工作模式：12T
   8           * 指令周期：1微秒
   9           */
  10          
  11          void I2CBus_Start() {
  12   1        PIN_SDA = 1;
  13   1        PIN_SCL = 1;
  14   1        _nop_();_nop_();_nop_();_nop_();_nop_(); // 5us > 4.7us
  15   1        PIN_SDA = 0;
  16   1        _nop_();_nop_();_nop_();_nop_();_nop_(); // 5us > 4us
  17   1        PIN_SCL = 0;
  18   1      }
  19          
  20          void I2CBus_Stop() {
  21   1        PIN_SDA = 0;
  22   1        PIN_SCL = 1;
  23   1        _nop_();_nop_();_nop_();_nop_();_nop_(); // 5us > 4us
  24   1        PIN_SDA = 1;
  25   1        _nop_();_nop_();_nop_();_nop_();_nop_(); // 5us > 4.7us
  26   1        PIN_SCL = 0;
  27   1      }
  28          
  29          bit I2CBus_Write(uint8_t d) {
  30   1        bit s;
  31   1        // 0
  32   1        PIN_SCL = 0;
  33   1        s = (d >> 7) & 0x01; // 以上 > 4.7us
  34   1        PIN_SDA = s;
  35   1        PIN_SCL = 1;
  36   1        _nop_();_nop_();_nop_();_nop_();_nop_(); // 5us > 4us
  37   1        // 1
  38   1        PIN_SCL = 0;
  39   1        s = (d >> 6) & 0x01; // 以上 > 4.7us
  40   1        PIN_SDA = s;
  41   1        PIN_SCL = 1;
  42   1        _nop_();_nop_();_nop_();_nop_();_nop_(); // 5us > 4us
  43   1        // 2
  44   1        PIN_SCL = 0;
  45   1        s = (d >> 5) & 0x01; // 以上 > 4.7us
  46   1        PIN_SDA = s;
  47   1        PIN_SCL = 1;
  48   1        _nop_();_nop_();_nop_();_nop_();_nop_(); // 5us > 4us
  49   1        // 3
  50   1        PIN_SCL = 0;
  51   1        s = (d >> 4) & 0x01; // 以上 > 4.7us
  52   1        PIN_SDA = s;
  53   1        PIN_SCL = 1;
  54   1        _nop_();_nop_();_nop_();_nop_();_nop_(); // 5us > 4us
C51 COMPILER V9.60.0.0   I2CBUS                                                            06/12/2022 17:30:45 PAGE 2   

  55   1        // 4
  56   1        PIN_SCL = 0;
  57   1        s = (d >> 3) & 0x01; // 以上 > 4.7us
  58   1        PIN_SDA = s;
  59   1        PIN_SCL = 1;
  60   1        _nop_();_nop_();_nop_();_nop_();_nop_(); // 5us > 4us
  61   1        // 5
  62   1        PIN_SCL = 0;
  63   1        s = (d >> 2) & 0x01; // 以上 > 4.7us
  64   1        PIN_SDA = s;
  65   1        PIN_SCL = 1;
  66   1        _nop_();_nop_();_nop_();_nop_();_nop_(); // 5us > 4us
  67   1        // 6
  68   1        PIN_SCL = 0;
  69   1        s = (d >> 1) & 0x01; // 以上 > 4.7us
  70   1        PIN_SDA = s;
  71   1        PIN_SCL = 1;
  72   1        _nop_();_nop_();_nop_();_nop_();_nop_(); // 5us > 4us
  73   1        // 7
  74   1        PIN_SCL = 0;
  75   1        s = d & 0x01;
  76   1        _nop_();  // 以上 > 4.7us
  77   1        PIN_SDA = s;
  78   1        PIN_SCL = 1;
  79   1        _nop_();_nop_();_nop_();_nop_();_nop_(); // 5us > 4us
  80   1      
  81   1        PIN_SCL = 0;
  82   1        _nop_();_nop_();_nop_();_nop_();_nop_(); // 5us > 4.7us
  83   1        PIN_SDA = 1;
  84   1        PIN_SCL = 1;
  85   1        _nop_();_nop_();_nop_();_nop_();_nop_(); // 5us > 4us
  86   1        // while (PIN_SDA);
  87   1        
  88   1        s = PIN_SDA;
  89   1        PIN_SCL = 0;
  90   1        return s;
  91   1      }
  92          
  93          uint8_t I2CBus_Read(bit fi) {
  94   1        uint8_t d;
  95   1        // 0
  96   1        PIN_SCL = 0;
  97   1        d = 0x00;
  98   1        _nop_();_nop_();_nop_(); // 以上5us > 4.7us
  99   1        PIN_SCL = 1;
 100   1        _nop_();_nop_();_nop_();_nop_();_nop_(); // 5us > 4us
 101   1        d |= PIN_SDA;
 102   1        // 1
 103   1        PIN_SCL = 0;
 104   1        d <<= 1;
 105   1        _nop_();_nop_();_nop_(); // 以上5us > 4.7us
 106   1        PIN_SCL = 1;
 107   1        _nop_();_nop_();_nop_();_nop_();_nop_(); // 5us > 4us
 108   1        d |= PIN_SDA;
 109   1        // 2
 110   1        PIN_SCL = 0;
 111   1        d <<= 1;
 112   1        _nop_();_nop_();_nop_(); // 以上5us > 4.7us
 113   1        PIN_SCL = 1;
 114   1        _nop_();_nop_();_nop_();_nop_();_nop_(); // 5us > 4us
 115   1        d |= PIN_SDA;
 116   1        // 3
C51 COMPILER V9.60.0.0   I2CBUS                                                            06/12/2022 17:30:45 PAGE 3   

 117   1        PIN_SCL = 0;
 118   1        d <<= 1;
 119   1        _nop_();_nop_();_nop_(); // 以上5us > 4.7us
 120   1        PIN_SCL = 1;
 121   1        _nop_();_nop_();_nop_();_nop_();_nop_(); // 5us > 4us
 122   1        d |= PIN_SDA;
 123   1        // 4
 124   1        PIN_SCL = 0;
 125   1        d <<= 1;
 126   1        _nop_();_nop_();_nop_(); // 以上5us > 4.7us
 127   1        PIN_SCL = 1;
 128   1        _nop_();_nop_();_nop_();_nop_();_nop_(); // 5us > 4us
 129   1        d |= PIN_SDA;
 130   1        // 5
 131   1        PIN_SCL = 0;
 132   1        d <<= 1;
 133   1        _nop_();_nop_();_nop_(); // 以上5us > 4.7us
 134   1        PIN_SCL = 1;
 135   1        _nop_();_nop_();_nop_();_nop_();_nop_(); // 5us > 4us
 136   1        d |= PIN_SDA;
 137   1        // 6
 138   1        PIN_SCL = 0;
 139   1        d <<= 1;
 140   1        _nop_();_nop_();_nop_(); // 以上5us > 4.7us
 141   1        PIN_SCL = 1;
 142   1        _nop_();_nop_();_nop_();_nop_();_nop_(); // 5us > 4us
 143   1        d |= PIN_SDA;
 144   1        // 7
 145   1        PIN_SCL = 0;
 146   1        d <<= 1;
 147   1        _nop_();_nop_();_nop_(); // 以上5us > 4.7us
 148   1        PIN_SCL = 1;
 149   1        _nop_();_nop_();_nop_();_nop_();_nop_(); // 5us > 4us
 150   1        d |= PIN_SDA;
 151   1        
 152   1        PIN_SCL = 0;
 153   1        _nop_();_nop_();_nop_();_nop_();_nop_(); // 5us > 4.7us
 154   1        PIN_SDA = fi; // ACK or NACK
 155   1        PIN_SCL = 1;
 156   1        _nop_();_nop_();_nop_();_nop_();_nop_(); // 5us > 4us
 157   1        PIN_SCL = 0;
 158   1        
 159   1        return d;
 160   1      }


MODULE INFORMATION:   STATIC OVERLAYABLE
   CODE SIZE        =    419    ----
   CONSTANT SIZE    =   ----    ----
   XDATA SIZE       =   ----    ----
   PDATA SIZE       =   ----    ----
   DATA SIZE        =   ----    ----
   IDATA SIZE       =   ----    ----
   BIT SIZE         =   ----       2
END OF MODULE INFORMATION.


C51 COMPILATION COMPLETE.  0 WARNING(S),  0 ERROR(S)
