C51 COMPILER V9.60.7.0   COMMUNICATION_PROTOCOL                                            01/12/2025 23:07:29 PAGE 1   


C51 COMPILER V9.60.7.0, COMPILATION OF MODULE COMMUNICATION_PROTOCOL
OBJECT MODULE PLACED IN .\Objects\communication_protocol.obj
COMPILER INVOKED BY: D:\Keil_v5\C51\BIN\C51.EXE src\communication_protocol.c OPTIMIZE(8,SPEED) BROWSE DEBUG OBJECTEXTEND
                    - PRINT(.\Listings\communication_protocol.lst) TABS(2) OBJECT(.\Objects\communication_protocol.obj)

line level    source

   1          #include "communication_protocol.h"
   2          
   3          const unsigned char code COMMUICATION_HEART_BEAT[HEART_BEAT_LEN] =  {0xff};


MODULE INFORMATION:   STATIC OVERLAYABLE
   CODE SIZE        =   ----    ----
   CONSTANT SIZE    =      1    ----
   XDATA SIZE       =   ----    ----
   PDATA SIZE       =   ----    ----
   DATA SIZE        =   ----    ----
   IDATA SIZE       =   ----    ----
   BIT SIZE         =   ----    ----
END OF MODULE INFORMATION.


C51 COMPILATION COMPLETE.  0 WARNING(S),  0 ERROR(S)
