C51 COMPILER V9.60.0.0   MAIN                                                              11/25/2022 23:41:52 PAGE 1   


C51 COMPILER V9.60.0.0, COMPILATION OF MODULE MAIN
OBJECT MODULE PLACED IN .\Objects\main.obj
COMPILER INVOKED BY: d:\Keil_v5\C51\BIN\C51.EXE src\main.c OPTIMIZE(8,SPEED) BROWSE DEBUG OBJECTEXTEND PRINT(.\Listings\
                    -main.lst) TABS(2) OBJECT(.\Objects\main.obj)

line level    source

   1          #include "typedef.h"
   2          #include "gpio.h"
   3          
   4          void  GPIO_config() {
   5   1        GPIO_InitTypeDef GPIO_InitStructure;    //结构定义
   6   1        GPIO_InitStructure.Pin = GPIO_Pin_All;    //指定要初始化的IO,
   7   1        GPIO_InitStructure.Mode = GPIO_OUT_PP;    //指定IO的输入或输出方式,GPIO_PullUp,GPIO_HighZ,GPIO_OUT_OD,GPIO_
             -OUT_PP
   8   1        GPIO_Inilize(GPIO_P5, &GPIO_InitStructure); //初始化
   9   1      
  10   1        GPIO_InitStructure.Pin = GPIO_Pin_All;    //指定要初始化的IO,
  11   1        GPIO_InitStructure.Mode = GPIO_OUT_PP;    //指定IO的输入或输出方式,GPIO_PullUp,GPIO_HighZ,GPIO_OUT_OD,GPIO_
             -OUT_PP
  12   1        GPIO_Inilize(GPIO_P3, &GPIO_InitStructure); //初始化
  13   1      }
  14          
  15          void main() {
  16   1        GPIO_config();
  17   1        P55 = 0;
  18   1        P54 = 0;
  19   1        P33 = 0;
  20   1        P32 = 1;
  21   1        while(1);
  22   1        return;
  23   1      }


MODULE INFORMATION:   STATIC OVERLAYABLE
   CODE SIZE        =     47    ----
   CONSTANT SIZE    =   ----    ----
   XDATA SIZE       =   ----    ----
   PDATA SIZE       =   ----    ----
   DATA SIZE        =   ----       2
   IDATA SIZE       =   ----    ----
   BIT SIZE         =   ----    ----
END OF MODULE INFORMATION.


C51 COMPILATION COMPLETE.  0 WARNING(S),  0 ERROR(S)
