C51 COMPILER V9.60.7.0   MAIN                                                              03/07/2024 22:44:15 PAGE 1   


C51 COMPILER V9.60.7.0, COMPILATION OF MODULE MAIN
OBJECT MODULE PLACED IN .\Objects\main.obj
COMPILER INVOKED BY: D:\Keil_v5\C51\BIN\C51.EXE src\main.c OPTIMIZE(8,SPEED) BROWSE DEBUG OBJECTEXTEND PRINT(.\Listings\
                    -main.lst) TABS(2) OBJECT(.\Objects\main.obj)

line level    source

   1          #include "stc8a8k64d4.h"
   2          #include "stc8a_gpio.h"
   3          #include "typedef.h"
   4          #include "servo_t0.h"
   5          #include "servo_t1.h"
   6          #include "delay.h"
   7          #include "action_def.h"
   8          #include "action.h"
   9          
  10          #define CNT_SERVOS 6
  11          #define DMS_MIN 10
  12          #define DMS_NORM 32
  13          #define INIT_ANGLES 90, 90, 135, 135, 0, 0
  14          #define INTER_ANGLE 30
  15          
  16          void GPIO_Config() {
  17   1        GPIO_InitTypeDef conf;
  18   1        conf.Mode = GPIO_OUT_PP;
  19   1        conf.Pin = GPIO_Pin_All;
  20   1        GPIO_Inilize(GPIO_P0, &conf);
  21   1        GPIO_Inilize(GPIO_P1, &conf);
  22   1        GPIO_Inilize(GPIO_P3, &conf);
  23   1      }
  24          xdata u8 ens[CNT_SERVOS] = {1, 1, 1, 1, 1, 1};
  25          
  26          void initing_delay() {
  27   1        u8 i = 0;
  28   1        for (i = 0; i < 5; ++i) {
  29   2          delay_ms(254);
  30   2        }
  31   1      }
  32          
  33          void delay_per_degree(u8 dms) {
  34   1        u8 i;
  35   1        for (i = 0; i < 1; ++i) {
  36   2          // delay_ms(32);
  37   2          delay_ms(dms);
  38   2        }
  39   1      }
  40          
  41          void to_initial_pos() {
  42   1        xdata u8 initial_pos[CNT_SERVOS];
  43   1        initial_pos[0] = 90;
  44   1        initial_pos[1] = 90;
  45   1        initial_pos[2] = 135;
  46   1        initial_pos[3] = 135;
  47   1        initial_pos[4] = 0;
  48   1        initial_pos[5] = 0;
  49   1        Servo_T0_Set_Target_Degree(initial_pos);
  50   1        Servo_T1_Set_Target_Degree(initial_pos);
  51   1      }
  52          
  53          double pow(double a, u8 b) {
  54   1        u8 i;
C51 COMPILER V9.60.7.0   MAIN                                                              03/07/2024 22:44:15 PAGE 2   

  55   1        double r = 1;
  56   1        for (i = 0; i < b; ++i) {
  57   2          r *= a;
  58   2        }
  59   1        return r;
  60   1      }
  61          
  62          // Ê¹ÓÃ 30.000 MHzÉÕÂ¼
  63          void main() {
  64   1        u8 i;
  65   1        xdata int angles_t0[CNT_SERVOS], angles_t1[CNT_SERVOS];
  66   1        xdata u8 ens_t0[CNT_SERVOS], ens_t1[CNT_SERVOS];
  67   1      
  68   1        for (i = 0; i < CNT_SERVOS; ++i) {
  69   2          angles_t0[i] = 0;
  70   2          ens_t0[i] = 0;
  71   2      
  72   2          angles_t1[i] = 0;
  73   2          ens_t1[i] = 0;
  74   2        }
  75   1        
  76   1        GPIO_Config();
  77   1        Servo_T0_Init();
  78   1        Servo_T1_Init();
  79   1        to_initial_pos();
  80   1        initing_delay();
  81   1        Action_Timer_Init();
  82   1        
  83   1        while (1) {
  84   2        }
  85   1      }


MODULE INFORMATION:   STATIC OVERLAYABLE
   CODE SIZE        =    266    ----
   CONSTANT SIZE    =   ----    ----
   XDATA SIZE       =      6      42
   PDATA SIZE       =   ----    ----
   DATA SIZE        =   ----      15
   IDATA SIZE       =   ----    ----
   BIT SIZE         =   ----    ----
END OF MODULE INFORMATION.


C51 COMPILATION COMPLETE.  0 WARNING(S),  0 ERROR(S)
