C51 COMPILER V9.60.0.0   I2CBUS                                                            05/11/2022 22:59:17 PAGE 1   


C51 COMPILER V9.60.0.0, COMPILATION OF MODULE I2CBUS
OBJECT MODULE PLACED IN .\Objects\I2CBus.obj
COMPILER INVOKED BY: d:\Keil_v5\C51\BIN\C51.EXE I2CBus.c OPTIMIZE(8,SPEED) BROWSE DEBUG OBJECTEXTEND PRINT(.\Listings\I2
                    -CBus.lst) TABS(2) OBJECT(.\Objects\I2CBus.obj)

line level    source

   1          #include <reg51.h>
   2          #include "I2CBus.h"
   3          #include <intrins.h>
   4          
   5          /**
   6           * 晶振：12MHz
   7           * 工作模式：12T
   8           * 指令周期：1微秒
   9           */
  10          
  11          sbit PIN_SCL = P2 ^ 4;
  12          sbit PIN_SDA = P2 ^ 5;
  13          
  14          void I2CBus_Start() {
  15   1        PIN_SDA = 1;
  16   1        PIN_SCL = 1;
  17   1        _nop_();_nop_();_nop_();_nop_();_nop_(); // 5us > 4.7us
  18   1        PIN_SDA = 0;
  19   1        _nop_();_nop_();_nop_();_nop_();_nop_(); // 5us > 4us
  20   1        PIN_SCL = 0;
  21   1      }
  22          
  23          void I2CBus_Stop() {
  24   1        PIN_SDA = 0;
  25   1        PIN_SCL = 1;
  26   1        _nop_();_nop_();_nop_();_nop_();_nop_(); // 5us > 4us
  27   1        PIN_SDA = 1;
  28   1        _nop_();_nop_();_nop_();_nop_();_nop_(); // 5us > 4.7us
  29   1        PIN_SCL = 0;
  30   1      }
  31          
  32          bit I2CBus_Write(unsigned char d) {
  33   1        bit s;
  34   1        // 0
  35   1        PIN_SCL = 0;
  36   1        s = (d >> 7) & 0x01; // 以上 > 4.7us
  37   1        PIN_SDA = s;
  38   1        PIN_SCL = 1;
  39   1        _nop_();_nop_();_nop_();_nop_();_nop_(); // 5us > 4us
  40   1        // 1
  41   1        PIN_SCL = 0;
  42   1        s = (d >> 6) & 0x01; // 以上 > 4.7us
  43   1        PIN_SDA = s;
  44   1        PIN_SCL = 1;
  45   1        _nop_();_nop_();_nop_();_nop_();_nop_(); // 5us > 4us
  46   1        // 2
  47   1        PIN_SCL = 0;
  48   1        s = (d >> 5) & 0x01; // 以上 > 4.7us
  49   1        PIN_SDA = s;
  50   1        PIN_SCL = 1;
  51   1        _nop_();_nop_();_nop_();_nop_();_nop_(); // 5us > 4us
  52   1        // 3
  53   1        PIN_SCL = 0;
  54   1        s = (d >> 4) & 0x01; // 以上 > 4.7us
C51 COMPILER V9.60.0.0   I2CBUS                                                            05/11/2022 22:59:17 PAGE 2   

  55   1        PIN_SDA = s;
  56   1        PIN_SCL = 1;
  57   1        _nop_();_nop_();_nop_();_nop_();_nop_(); // 5us > 4us
  58   1        // 4
  59   1        PIN_SCL = 0;
  60   1        s = (d >> 3) & 0x01; // 以上 > 4.7us
  61   1        PIN_SDA = s;
  62   1        PIN_SCL = 1;
  63   1        _nop_();_nop_();_nop_();_nop_();_nop_(); // 5us > 4us
  64   1        // 5
  65   1        PIN_SCL = 0;
  66   1        s = (d >> 2) & 0x01; // 以上 > 4.7us
  67   1        PIN_SDA = s;
  68   1        PIN_SCL = 1;
  69   1        _nop_();_nop_();_nop_();_nop_();_nop_(); // 5us > 4us
  70   1        // 6
  71   1        PIN_SCL = 0;
  72   1        s = (d >> 1) & 0x01; // 以上 > 4.7us
  73   1        PIN_SDA = s;
  74   1        PIN_SCL = 1;
  75   1        _nop_();_nop_();_nop_();_nop_();_nop_(); // 5us > 4us
  76   1        // 7
  77   1        PIN_SCL = 0;
  78   1        s = d & 0x01;
  79   1        _nop_();  // 以上 > 4.7us
  80   1        PIN_SDA = s;
  81   1        PIN_SCL = 1;
  82   1        _nop_();_nop_();_nop_();_nop_();_nop_(); // 5us > 4us
  83   1      
  84   1        PIN_SCL = 0;
  85   1        _nop_();_nop_();_nop_();_nop_();_nop_(); // 5us > 4.7us
  86   1        PIN_SDA = 1;
  87   1        PIN_SCL = 1;
  88   1        _nop_();_nop_();_nop_();_nop_();_nop_(); // 5us > 4us
  89   1        // while (PIN_SDA);
  90   1        
  91   1        s = PIN_SDA;
  92   1        PIN_SCL = 0;
  93   1        return s;
  94   1      }
  95          
  96          unsigned char I2CBus_Read(bit fi) {
  97   1        unsigned char d;
  98   1        // 0
  99   1        PIN_SCL = 0;
 100   1        d = 0x00;
 101   1        _nop_();_nop_();_nop_(); // 以上5us > 4.7us
 102   1        PIN_SCL = 1;
 103   1        _nop_();_nop_();_nop_();_nop_();_nop_(); // 5us > 4us
 104   1        d |= PIN_SDA;
 105   1        // 1
 106   1        PIN_SCL = 0;
 107   1        d <<= 1;
 108   1        _nop_();_nop_();_nop_(); // 以上5us > 4.7us
 109   1        PIN_SCL = 1;
 110   1        _nop_();_nop_();_nop_();_nop_();_nop_(); // 5us > 4us
 111   1        d |= PIN_SDA;
 112   1        // 2
 113   1        PIN_SCL = 0;
 114   1        d <<= 1;
 115   1        _nop_();_nop_();_nop_(); // 以上5us > 4.7us
 116   1        PIN_SCL = 1;
C51 COMPILER V9.60.0.0   I2CBUS                                                            05/11/2022 22:59:17 PAGE 3   

 117   1        _nop_();_nop_();_nop_();_nop_();_nop_(); // 5us > 4us
 118   1        d |= PIN_SDA;
 119   1        // 3
 120   1        PIN_SCL = 0;
 121   1        d <<= 1;
 122   1        _nop_();_nop_();_nop_(); // 以上5us > 4.7us
 123   1        PIN_SCL = 1;
 124   1        _nop_();_nop_();_nop_();_nop_();_nop_(); // 5us > 4us
 125   1        d |= PIN_SDA;
 126   1        // 4
 127   1        PIN_SCL = 0;
 128   1        d <<= 1;
 129   1        _nop_();_nop_();_nop_(); // 以上5us > 4.7us
 130   1        PIN_SCL = 1;
 131   1        _nop_();_nop_();_nop_();_nop_();_nop_(); // 5us > 4us
 132   1        d |= PIN_SDA;
 133   1        // 5
 134   1        PIN_SCL = 0;
 135   1        d <<= 1;
 136   1        _nop_();_nop_();_nop_(); // 以上5us > 4.7us
 137   1        PIN_SCL = 1;
 138   1        _nop_();_nop_();_nop_();_nop_();_nop_(); // 5us > 4us
 139   1        d |= PIN_SDA;
 140   1        // 6
 141   1        PIN_SCL = 0;
 142   1        d <<= 1;
 143   1        _nop_();_nop_();_nop_(); // 以上5us > 4.7us
 144   1        PIN_SCL = 1;
 145   1        _nop_();_nop_();_nop_();_nop_();_nop_(); // 5us > 4us
 146   1        d |= PIN_SDA;
 147   1        // 7
 148   1        PIN_SCL = 0;
 149   1        d <<= 1;
 150   1        _nop_();_nop_();_nop_(); // 以上5us > 4.7us
 151   1        PIN_SCL = 1;
 152   1        _nop_();_nop_();_nop_();_nop_();_nop_(); // 5us > 4us
 153   1        d |= PIN_SDA;
 154   1        
 155   1        PIN_SCL = 0;
 156   1        _nop_();_nop_();_nop_();_nop_();_nop_(); // 5us > 4.7us
 157   1        PIN_SDA = fi; // ACK or NACK
 158   1        PIN_SCL = 1;
 159   1        _nop_();_nop_();_nop_();_nop_();_nop_(); // 5us > 4us
 160   1        PIN_SCL = 0;
 161   1        
 162   1        return d;
 163   1      }


MODULE INFORMATION:   STATIC OVERLAYABLE
   CODE SIZE        =    419    ----
   CONSTANT SIZE    =   ----    ----
   XDATA SIZE       =   ----    ----
   PDATA SIZE       =   ----    ----
   DATA SIZE        =   ----    ----
   IDATA SIZE       =   ----    ----
   BIT SIZE         =   ----       2
END OF MODULE INFORMATION.


C51 COMPILATION COMPLETE.  0 WARNING(S),  0 ERROR(S)
