C51 COMPILER V9.59.0.0   STC8A_BMM_ISR                                                     06/10/2021 18:06:26 PAGE 1   


C51 COMPILER V9.59.0.0, COMPILATION OF MODULE STC8A_BMM_ISR
OBJECT MODULE PLACED IN .\list\STC8A_BMM_Isr.obj
COMPILER INVOKED BY: C:\Keil_v5\C51\BIN\C51.EXE STC8A_BMM_Isr.c LARGE OMF2 OPTIMIZE(8,SPEED) BROWSE DEBUG PRINT(.\list\S
                    -TC8A_BMM_Isr.lst) TABS(2) OBJECT(.\list\STC8A_BMM_Isr.obj)

line level    source

   1          /*---------------------------------------------------------------------*/
   2          /* --- STC MCU Limited ------------------------------------------------*/
   3          /* --- STC 1T Series MCU Demo Programme -------------------------------*/
   4          /* --- Mobile: (86)13922805190 ----------------------------------------*/
   5          /* --- Fax: 86-0513-55012956,55012947,55012969 ------------------------*/
   6          /* --- Tel: 86-0513-55012928,55012929,55012966 ------------------------*/
   7          /* --- Web: www.STCMCU.com --------------------------------------------*/
   8          /* --- Web: www.STCMCUDATA.com  ---------------------------------------*/
   9          /* --- QQ:  800003751 -------------------------------------------------*/
  10          /* 如果要在程序中使用此代码,请在程序中注明使用了STC的资料及程序            */
  11          /*---------------------------------------------------------------------*/
  12          
  13          #include "STC8A_BMM.h"
  14          #include "STC8A_LCM.h"
  15          
  16          //========================================================================
  17          // 函数: BMM_ISR_Handler
  18          // 描述: BMM中断函数.
  19          // 参数: none.
  20          // 返回: none.
  21          // 版本: V1.0, 2021-05-25
  22          //========================================================================
  23          void BMM_ISR_Handler (void) interrupt 13
  24          {
  25   1        char store;
  26   1        
  27   1        store = P_SW2;
  28   1        P_SW2 |= 0x80;    //使能扩展SFR(XSFR)访问
  29   1      
  30   1        // TODO: 在此处添加用户代码
  31   1        //------------- LCM --------------
  32   1        if(LCMIFSTA & 0x01)
  33   1        {
  34   2          LCMIFSTA = 0x00;
  35   2          LcmFlag = 0;
  36   2        }
  37   1        
  38   1        //---------- BMM LCM -------------
  39   1        if(BMM_LCM_STA & 0x01)
  40   1        {
  41   2          if(BmmLcmFlag)
  42   2          {
  43   3            BmmLcmFlag = 0;
  44   3            BMM_LCM_CR = 0;
  45   3          }
  46   2          else
  47   2          {
  48   3            LCM_Cnt--;
  49   3            if(LCM_Cnt == 0)
  50   3            {
  51   4              BMM_LCM_CR = 0;
  52   4              LCD_CS=1;
  53   4            }
  54   3            else
C51 COMPILER V9.59.0.0   STC8A_BMM_ISR                                                     06/10/2021 18:06:26 PAGE 2   

  55   3            {
  56   4              BMM_LCM_CR = 0xa0;  //Write dat
  57   4            }
  58   3          }
  59   2          BMM_LCM_STA = 0;    //清标志位
  60   2        }
  61   1      
  62   1        P_SW2 = store;
  63   1      }


MODULE INFORMATION:   STATIC OVERLAYABLE
   CODE SIZE        =    101    ----
   CONSTANT SIZE    =   ----    ----
   XDATA SIZE       =   ----    ----
   PDATA SIZE       =   ----    ----
   DATA SIZE        =   ----    ----
   IDATA SIZE       =   ----    ----
   BIT SIZE         =   ----    ----
   EDATA SIZE       =   ----    ----
   HDATA SIZE       =   ----    ----
   XDATA CONST SIZE =   ----    ----
   FAR CONST SIZE   =   ----    ----
END OF MODULE INFORMATION.


C51 COMPILATION COMPLETE.  0 WARNING(S),  0 ERROR(S)
