C51 COMPILER V9.60.7.0   MAIN                                                              07/22/2023 16:33:01 PAGE 1   


C51 COMPILER V9.60.7.0, COMPILATION OF MODULE MAIN
OBJECT MODULE PLACED IN .\Objects\main.obj
COMPILER INVOKED BY: D:\Keil_v5\C51\BIN\C51.EXE src\main.c OPTIMIZE(8,SPEED) BROWSE DEBUG OBJECTEXTEND PRINT(.\Listings\
                    -main.lst) TABS(2) OBJECT(.\Objects\main.obj)

line level    source

   1          #include "typedef.h"
   2          #include "dtos.h"
   3          #include "STC8xxxx.h"
   4          #include "GPIO.h"
   5          #include "UART.h"
   6          
   7          void OLED_GPIO_Config() {
   8   1        xdata GPIO_InitTypeDef conf;
   9   1        conf.Mode = GPIO_OUT_PP;
  10   1        conf.Pin = GPIO_Pin_4 | GPIO_Pin_0;
  11   1        GPIO_Inilize(GPIO_P1, &conf);
  12   1      }
  13          
  14          void UART_Config() {
  15   1        xdata COMx_InitDefine config; //结构定义
  16   1        config.UART_Mode = UART_8bit_BRTx; //模式, UART_ShiftRight,UART_8bit_BRTx,UART_9bit,UART_9bit_BRTx
  17   1        config.UART_BRT_Use = BRT_Timer2; //使用波特率, BRT_Timer1, BRT_Timer2 (注意: 串口2固定使用BRT_Timer2)
  18   1        config.UART_BaudRate = 9600ul;  //波特率, 一般 110 ~ 115200
  19   1        config.UART_RxEnable = ENABLE; //接收允许, ENABLE或DISABLE
  20   1        config.BaudRateDouble = DISABLE; //波特率加倍, ENABLE或DISABLE
  21   1        config.UART_Interrupt = ENABLE; //中断允许, ENABLE或DISABLE
  22   1        config.UART_Polity = Polity_0; //指定中断优先级(低到高) Polity_0,Polity_1,Polity_2,Polity_3
  23   1        config.UART_P_SW = UART1_SW_P30_P31; //切换端口, UART1_SW_P30_P31,UART1_SW_P36_P37,UART1_SW_P16_P17,UART
             -1_SW_P43_P44
  24   1        UART_Configuration(UART1, &config); //初始化串口1 UART1,UART2,UART3,UART4
  25   1      }
  26          
  27          void main() {
  28   1        OLED_GPIO_Config();
  29   1        UART_Config();
  30   1        EA = 1;
  31   1        
  32   1        PrintString1("STC8H8K64U UART1 Test Programme!\r\n"); //UART1发送一个字符串
  33   1      
  34   1        while(1) {
  35   2          delay_ms(1);
  36   2          if (COM1.RX_TimeOut > 0) {
  37   3            if (--COM1.RX_TimeOut == 0) {
  38   4              u8 i;
  39   4              if (COM1.RX_Cnt > 0) {
  40   5                for (i = 0; i < COM1.RX_Cnt; ++i) {
  41   6                  TX1_write2buff(RX1_Buffer[i]);
  42   6                }
  43   5                COM1.RX_Cnt = 0;
  44   5              }
  45   4            }
  46   3          }
  47   2        }
  48   1      }


MODULE INFORMATION:   STATIC OVERLAYABLE
   CODE SIZE        =    141    ----
   CONSTANT SIZE    =     35    ----
C51 COMPILER V9.60.7.0   MAIN                                                              07/22/2023 16:33:01 PAGE 2   

   XDATA SIZE       =   ----      14
   PDATA SIZE       =   ----    ----
   DATA SIZE        =   ----       1
   IDATA SIZE       =   ----    ----
   BIT SIZE         =   ----    ----
END OF MODULE INFORMATION.


C51 COMPILATION COMPLETE.  0 WARNING(S),  0 ERROR(S)
