C51 COMPILER V9.60.7.0   MAIN                                                              12/17/2023 09:45:07 PAGE 1   


C51 COMPILER V9.60.7.0, COMPILATION OF MODULE MAIN
OBJECT MODULE PLACED IN .\Objects\main.obj
COMPILER INVOKED BY: D:\Keil_v5\C51\BIN\C51.EXE src\main.c OPTIMIZE(8,SPEED) BROWSE DEBUG OBJECTEXTEND PRINT(.\Listings\
                    -main.lst) TABS(2) OBJECT(.\Objects\main.obj)

line level    source

   1          #include "typedef.h"
   2          #include "dtos.h"
   3          #include "STC8xxxx.h"
   4          #include "GPIO.h"
   5          #include "UART.h"
   6          
   7          void RZ7899_GPIO_Config() {
   8   1        xdata GPIO_InitTypeDef conf;
   9   1        conf.Mode = GPIO_OUT_PP;
  10   1        conf.Pin = GPIO_Pin_4 | GPIO_Pin_5;
  11   1        GPIO_Inilize(GPIO_P1, &conf);
  12   1      }
  13          
  14          void UART_Config() {
  15   1        xdata COMx_InitDefine config; //结构定义
  16   1        config.UART_Mode = UART_8bit_BRTx; //模式, UART_ShiftRight,UART_8bit_BRTx,UART_9bit,UART_9bit_BRTx
  17   1        config.UART_BRT_Use = BRT_Timer1; //使用波特率, BRT_Timer1, BRT_Timer2 (注意: 串口2固定使用BRT_Timer2)
  18   1        config.UART_BaudRate = 9600ul;  //波特率, 一般 110 ~ 115200
  19   1        config.UART_RxEnable = ENABLE; //接收允许, ENABLE或DISABLE
  20   1        config.BaudRateDouble = DISABLE; //波特率加倍, ENABLE或DISABLE
  21   1        config.UART_Interrupt = ENABLE; //中断允许, ENABLE或DISABLE
  22   1        config.UART_Polity = Polity_0; //指定中断优先级(低到高) Polity_0,Polity_1,Polity_2,Polity_3
  23   1        // config.UART_P_SW = UART1_SW_P30_P31; //切换端口, UART1_SW_P30_P31,UART1_SW_P36_P37,UART1_SW_P16_P17,U
             -ART1_SW_P43_P44
  24   1        config.UART_P_SW = UART1_SW_P16_P17; //切换端口, UART1_SW_P30_P31,UART1_SW_P36_P37,UART1_SW_P16_P17,UART1
             -_SW_P43_P44
  25   1        UART_Configuration(UART1, &config); //初始化串口1 UART1,UART2,UART3,UART4
  26   1      }
  27          
  28          void UART_GPIO_Config() {
  29   1        xdata GPIO_InitTypeDef conf;
  30   1        conf.Mode = GPIO_OUT_PP;
  31   1        conf.Pin = GPIO_Pin_6 | GPIO_Pin_7;
  32   1        GPIO_Inilize(GPIO_P1, &conf);
  33   1      
  34   1        conf.Mode = GPIO_OUT_PP;
  35   1        conf.Pin = GPIO_Pin_0 | GPIO_Pin_1;
  36   1        GPIO_Inilize(GPIO_P3, &conf);
  37   1      }
  38          
  39          void main() {
  40   1        RZ7899_GPIO_Config();
  41   1        UART_Config();
  42   1        EA = 1;
  43   1      
  44   1        P_VM1_RZ7899_I2 = 0;
  45   1        P_VM1_RZ7899_I1 = 0;
  46   1      
  47   1        /*while(1) {
  48   1          delay_ms(1);
  49   1          if (COM1.RX_TimeOut > 0) {
  50   1            if (--COM1.RX_TimeOut == 0) {
  51   1              u8 i;
  52   1              if (COM1.RX_Cnt > 0) {
C51 COMPILER V9.60.7.0   MAIN                                                              12/17/2023 09:45:07 PAGE 2   

  53   1                for (i = 0; i < COM1.RX_Cnt; ++i) {
  54   1                  TX1_write2buff(RX1_Buffer[i]);
  55   1                  P_VM1_RZ7899_I1 = 1;
  56   1                }
  57   1                COM1.RX_Cnt = 0;
  58   1              }
  59   1            }
  60   1          }
  61   1        }*/
  62   1      
  63   1        while(1) {
  64   2          delay_ms(100);
  65   2          // PrintString1("STC8H8K64U UART1 Test Programme!\r\n");
  66   2          if (COM1.RX_TimeOut > 0) {
  67   3            if (--COM1.RX_TimeOut == 0) {
  68   4              u8 i;
  69   4              if (COM1.RX_Cnt > 0) {
  70   5                for (i = 0; i < COM1.RX_Cnt; ++i) {
  71   6                  TX1_write2buff(RX1_Buffer[i]);
  72   6                  if (RX1_Buffer[i] == '0') {
  73   7                    P_VM1_RZ7899_I1 = 0;
  74   7                    P_VM1_RZ7899_I2 = 0;
  75   7                  } else if (RX1_Buffer[i] == '1') {
  76   7                    P_VM1_RZ7899_I1 = 1;
  77   7                    P_VM1_RZ7899_I2 = 0;
  78   7                  } else if (RX1_Buffer[i] == '2') {
  79   7                    P_VM1_RZ7899_I1 = 0;
  80   7                    P_VM1_RZ7899_I2 = 1;
  81   7                  } else if (RX1_Buffer[i] == '3') {
  82   7                    P_VM1_RZ7899_I1 = 1;
  83   7                    P_VM1_RZ7899_I2 = 1;
  84   7                  }
  85   6                }
  86   5                COM1.RX_Cnt = 0;
  87   5              }
  88   4            }
  89   3          }
  90   2        }
  91   1      }


MODULE INFORMATION:   STATIC OVERLAYABLE
   CODE SIZE        =    227    ----
   CONSTANT SIZE    =   ----    ----
   XDATA SIZE       =   ----      16
   PDATA SIZE       =   ----    ----
   DATA SIZE        =   ----       1
   IDATA SIZE       =   ----    ----
   BIT SIZE         =   ----    ----
END OF MODULE INFORMATION.


C51 COMPILATION COMPLETE.  0 WARNING(S),  0 ERROR(S)
