BL51 BANKED LINKER/LOCATER V6.22.2.0                                                    09/11/2022  20:30:51  PAGE 1


BL51 BANKED LINKER/LOCATER V6.22.2.0, INVOKED BY:
D:\KEIL_V5\C51\BIN\BL51.EXE .\Objects\STARTUP.obj, .\Objects\main.obj, .\Objects\shanwai.obj, .\Objects\STC8A_GPIO.obj, 
>> .\Objects\STC8A_NVIC.obj, .\Objects\STC8A_UART.obj, .\Objects\STC8A_UART_Isr.obj, .\Objects\uart.obj, .\Objects\STC8A
>> _I2C.obj, .\Objects\STC8A_Timer.obj, .\Objects\STC8A_Timer_Isr.obj, .\Objects\Task.obj, .\Objects\mpu6500.obj, .\Obje
>> cts\servo.obj, .\Objects\STC8A_PWM15bit.obj, .\Objects\STC8A_PWM15bit_Isr.obj, .\Objects\oled12864.obj, .\Objects\del
>> ay.obj TO .\Objects\自平衡自行车 PRINT (.\Listings\自平衡自行车.m51) RAMSIZE (256) DISABLEWARNING (16)


MEMORY MODEL: LARGE WITH FLOATING POINT ARITHMETIC


INPUT MODULES INCLUDED:
  .\Objects\STARTUP.obj (?C_STARTUP)
  .\Objects\main.obj (MAIN)
  .\Objects\shanwai.obj (SHANWAI)
  .\Objects\STC8A_GPIO.obj (STC8A_GPIO)
  .\Objects\STC8A_NVIC.obj (STC8A_NVIC)
  .\Objects\STC8A_UART.obj (STC8A_UART)
  .\Objects\STC8A_UART_Isr.obj (STC8A_UART_ISR)
  .\Objects\uart.obj (UART)
  .\Objects\STC8A_I2C.obj (STC8A_I2C)
  .\Objects\STC8A_Timer.obj (STC8A_TIMER)
  .\Objects\STC8A_Timer_Isr.obj (STC8A_TIMER_ISR)
  .\Objects\Task.obj (TASK)
  .\Objects\mpu6500.obj (MPU6500)
  .\Objects\servo.obj (SERVO)
  .\Objects\STC8A_PWM15bit.obj (STC8A_PWM15BIT)
  .\Objects\STC8A_PWM15bit_Isr.obj (STC8A_PWM15BIT_ISR)
  .\Objects\oled12864.obj (OLED12864)
  .\Objects\delay.obj (DELAY)
  D:\KEIL_V5\C51\LIB\C51FPL.LIB (?C?FPADD)
  D:\KEIL_V5\C51\LIB\C51FPL.LIB (?C?FPMUL)
  D:\KEIL_V5\C51\LIB\C51FPL.LIB (?C?FPDIV)
  D:\KEIL_V5\C51\LIB\C51FPL.LIB (?C?FPNEG)
  D:\KEIL_V5\C51\LIB\C51FPL.LIB (?C?FCAST)
  D:\KEIL_V5\C51\LIB\C51FPL.LIB (?C?CASTF)
  D:\KEIL_V5\C51\LIB\C51FPL.LIB (PRINTF)
  D:\KEIL_V5\C51\LIB\C51FPL.LIB (SQRT)
  D:\KEIL_V5\C51\LIB\C51FPL.LIB (ASIN)
  D:\KEIL_V5\C51\LIB\C51FPL.LIB (?C?FPGETOPN)
  D:\KEIL_V5\C51\LIB\C51FPL.LIB (?C?FPROUND)
  D:\KEIL_V5\C51\LIB\C51FPL.LIB (?C?FPCONVERT)
  D:\KEIL_V5\C51\LIB\C51FPL.LIB (ATAN)
  D:\KEIL_V5\C51\LIB\C51FPL.LIB (?C?FTNPWR)
  D:\KEIL_V5\C51\LIB\C51FPL.LIB (?C?FPSERIES)
  D:\KEIL_V5\C51\LIB\C51L.LIB (?C_INIT)
  D:\KEIL_V5\C51\LIB\C51L.LIB (?C?COPY)
  D:\KEIL_V5\C51\LIB\C51L.LIB (?C?CLDPTR)
  D:\KEIL_V5\C51\LIB\C51L.LIB (?C?CLDOPTR)
  D:\KEIL_V5\C51\LIB\C51L.LIB (?C?CSTPTR)
  D:\KEIL_V5\C51\LIB\C51L.LIB (?C?IMUL)
  D:\KEIL_V5\C51\LIB\C51L.LIB (?C?IILDX)
  D:\KEIL_V5\C51\LIB\C51L.LIB (?C?ILDIX)
  D:\KEIL_V5\C51\LIB\C51L.LIB (?C?ILDOPTR)
  D:\KEIL_V5\C51\LIB\C51L.LIB (?C?ULDIV)
  D:\KEIL_V5\C51\LIB\C51L.LIB (?C?LNEG)
  D:\KEIL_V5\C51\LIB\C51L.LIB (?C?ULCMP)
  D:\KEIL_V5\C51\LIB\C51L.LIB (?C?ULSHR)
BL51 BANKED LINKER/LOCATER V6.22.2.0                                                  09/11/2022  20:30:51  PAGE 2


  D:\KEIL_V5\C51\LIB\C51L.LIB (?C?LLDPTR)
  D:\KEIL_V5\C51\LIB\C51L.LIB (?C?LLDOPTR)
  D:\KEIL_V5\C51\LIB\C51L.LIB (?C?LSTPTR)
  D:\KEIL_V5\C51\LIB\C51L.LIB (?C?LSTOPTR)
  D:\KEIL_V5\C51\LIB\C51L.LIB (?C?LLDIDATA)
  D:\KEIL_V5\C51\LIB\C51L.LIB (?C?LLDXDATA)
  D:\KEIL_V5\C51\LIB\C51L.LIB (?C?LLDCODE)
  D:\KEIL_V5\C51\LIB\C51L.LIB (?C?LLDIDATA0)
  D:\KEIL_V5\C51\LIB\C51L.LIB (?C?LLDXDATA0)
  D:\KEIL_V5\C51\LIB\C51L.LIB (?C?LLDCODE0)
  D:\KEIL_V5\C51\LIB\C51L.LIB (?C?LLDOPTR0)
  D:\KEIL_V5\C51\LIB\C51L.LIB (?C?LSTIDATA)
  D:\KEIL_V5\C51\LIB\C51L.LIB (?C?LSTXDATA)
  D:\KEIL_V5\C51\LIB\C51L.LIB (?C?LSTKXDATA)
  D:\KEIL_V5\C51\LIB\C51L.LIB (?C?PLDIXDATA)
  D:\KEIL_V5\C51\LIB\C51L.LIB (?C?PSTXDATA)
  D:\KEIL_V5\C51\LIB\C51L.LIB (?C?CCASE)
  D:\KEIL_V5\C51\LIB\C51L.LIB (?C?ICALL)
  D:\KEIL_V5\C51\LIB\C51L.LIB (?C?LLDPDATA)
  D:\KEIL_V5\C51\LIB\C51L.LIB (?C?LLDPDATA0)
  D:\KEIL_V5\C51\LIB\C51L.LIB (?C?LSTPDATA)


LINK MAP OF MODULE:  .\Objects\自平衡自行车 (?C_STARTUP)


            TYPE    BASE      LENGTH    RELOCATION   SEGMENT NAME
            -----------------------------------------------------

            * * * * * * *   D A T A   M E M O R Y   * * * * * * *
            REG     0000H     0008H     ABSOLUTE     "REG BANK 0"
            DATA    0008H     0005H     UNIT         _DATA_GROUP_
                    000DH     0013H                  *** GAP ***
            BIT     0020H.0   0001H.1   UNIT         _BIT_GROUP_
            BIT     0021H.1   0000H.1   UNIT         ?BI?MAIN
                    0021H.2   0000H.6                *** GAP ***
            IDATA   0022H     004EH     UNIT         _IDATA_GROUP_
            IDATA   0070H     001CH     UNIT         ?ID?MPU6500
            IDATA   008CH     001AH     UNIT         ?ID?MAIN
            IDATA   00A6H     0001H     UNIT         ?STACK

            * * * * * * *  X D A T A   M E M O R Y  * * * * * * *
            XDATA   0000H     0107H     UNIT         ?XD?STC8A_UART
            XDATA   0107H     0030H     UNIT         _XDATA_GROUP_
            XDATA   0137H     000CH     UNIT         ?XD?_SHANWAI_SENDWAVEVALUE?SHANWAI
            XDATA   0143H     0009H     UNIT         ?XD?TASK
            XDATA   014CH     0008H     UNIT         ?XD?STC8A_I2C
            XDATA   0154H     0008H     UNIT         ?XD?_PWMCHANNELCTRL?STC8A_PWM15BIT
            XDATA   015CH     0007H     UNIT         ?XD?MOTOR1_PWM15BIT_INIT?MAIN
            XDATA   0163H     0007H     UNIT         ?XD?_OLED_SHOWHEXBUF8?OLED12864
            XDATA   016AH     0006H     UNIT         ?XD?SERVO
            XDATA   0170H     0006H     UNIT         ?XD?_OLED_SHOWSTRING?OLED12864
            XDATA   0176H     0005H     UNIT         ?XD?_I2C_WRITENBYTE?STC8A_I2C
            XDATA   017BH     0005H     UNIT         ?XD?_I2C_READNBYTE?STC8A_I2C
            XDATA   0180H     0001H     UNIT         ?XD?TASK_PRO_HANDLER_CALLBACK?TASK

            * * * * * * *   C O D E   M E M O R Y   * * * * * * *
BL51 BANKED LINKER/LOCATER V6.22.2.0                                                  09/11/2022  20:30:51  PAGE 3


            CODE    0000H     0003H     ABSOLUTE     
            CODE    0003H     0007H     UNIT         ?PR?MPU6500_GPIO_CONFIG?MAIN
            CODE    000AH     0001H     UNIT         ?CO?MPU6500
            CODE    000BH     0003H     ABSOLUTE     
            CODE    000EH     000CH     UNIT         ?PR?WAIT?STC8A_I2C
                    001AH     0001H                  *** GAP ***
            CODE    001BH     0003H     ABSOLUTE     
            CODE    001EH     0005H     UNIT         ?PR?_PUTCHAR?STC8A_UART
            CODE    0023H     0003H     ABSOLUTE     
            CODE    0026H     003DH     UNIT         ?PR?_MPU6500_GETDATA?MPU6500
            CODE    0063H     0003H     ABSOLUTE     
            CODE    0066H     0032H     UNIT         ?PR?TIMER_CONFIG?SERVO
            CODE    0098H     0003H     UNIT         ?PR?TIMER1_ISR_HANDLER?STC8A_TIMER_ISR
            CODE    009BH     0003H     ABSOLUTE     
            CODE    009EH     0003H     UNIT         ?PR?TIMER2_ISR_HANDLER?STC8A_TIMER_ISR
                    00A1H     0002H                  *** GAP ***
            CODE    00A3H     0003H     ABSOLUTE     
            CODE    00A6H     000CH     UNIT         ?PR?DELAY1MS?DELAY
                    00B2H     0001H                  *** GAP ***
            CODE    00B3H     0003H     ABSOLUTE     
            CODE    00B6H     09FAH     UNIT         ?C?LIB_CODE
            CODE    0AB0H     0818H     UNIT         ?CO?OLED12864
            CODE    12C8H     076BH     UNIT         ?PR?_MPU6500_IMU_UPDATE?MPU6500
            CODE    1A33H     0483H     UNIT         ?PR?PRINTF?PRINTF
            CODE    1EB6H     0277H     UNIT         ?PR?_GPIO_INILIZE?STC8A_GPIO
            CODE    212DH     0266H     UNIT         ?PR?_TIMER_INILIZE?STC8A_TIMER
            CODE    2393H     01B0H     UNIT         ?PR?_UART_CONFIGURATION?STC8A_UART
            CODE    2543H     0126H     UNIT         ?PR?MAIN?MAIN
            CODE    2669H     0122H     UNIT         ?PR?ATAN?ATAN
            CODE    278BH     00F8H     UNIT         ?PR?_MPI6500_GETGADATA?MPU6500
            CODE    2883H     00E2H     UNIT         ?PR?OLED_INIT?OLED12864
            CODE    2965H     00C5H     UNIT         ?PR?_SHANWAI_SENDWAVEVALUE?SHANWAI
            CODE    2A2AH     00B4H     UNIT         ?PR?_PWMCHANNELCTRL?STC8A_PWM15BIT
            CODE    2ADEH     00ACH     UNIT         ?PR?SQRT?SQRT
            CODE    2B8AH     009CH     UNIT         ?PR?_MPU6500_IMU_UPDATE_ARR?MPU6500
            CODE    2C26H     008CH     UNIT         ?C_C51STARTUP
            CODE    2CB2H     0089H     UNIT         ?PR?_OLED_SHOWCHAR?OLED12864
            CODE    2D3BH     0087H     UNIT         ?PR?TASK_MARKS_HANDLER_CALLBACK?TASK
            CODE    2DC2H     0087H     UNIT         ?PR?MPU6500_INIT?MPU6500
            CODE    2E49H     0083H     UNIT         ?PR?_I2C_INIT?STC8A_I2C
            CODE    2ECCH     0077H     UNIT         ?PR?_NVIC_PCA_INIT?STC8A_NVIC
            CODE    2F43H     0076H     UNIT         ?PR?_FILTERDEGREE?MAIN
            CODE    2FB9H     0076H     UNIT         ?PR?_PWM15_INIT?STC8A_PWM15BIT
            CODE    302FH     0072H     UNIT         ?PR?_OLED_SHOWHEXBUF8?OLED12864
            CODE    30A1H     006FH     UNIT         ?PR?_NVIC_I2C_INIT?STC8A_NVIC
            CODE    3110H     006EH     UNIT         ?PR?_PWM15DUTY?STC8A_PWM15BIT
            CODE    317EH     0063H     UNIT         ?C_INITSEG
            CODE    31E1H     0058H     UNIT         ?PR?TASK_PRO_HANDLER_CALLBACK?TASK
            CODE    3239H     0058H     UNIT         ?PR?_OLED_SHOWSTRING?OLED12864
            CODE    3291H     0057H     UNIT         ?PR?SERVO_TIMER_10US_CALLBACK?SERVO
            CODE    32E8H     0056H     UNIT         ?PR?UART1_ISR_HANDLER?STC8A_UART_ISR
            CODE    333EH     0055H     UNIT         ?PR?_NVIC_CMP_INIT?STC8A_NVIC
            CODE    3393H     0055H     UNIT         ?PR?_NVIC_UART3_INIT?STC8A_NVIC
            CODE    33E8H     0053H     UNIT         ?PR?_NVIC_UART4_INIT?STC8A_NVIC
            CODE    343BH     0052H     UNIT         ?PR?_NVIC_SPI_INIT?STC8A_NVIC
            CODE    348DH     0052H     UNIT         ?PR?_OLED_SHOWSTRING8?OLED12864
            CODE    34DFH     004EH     UNIT         ?PR?_NVIC_UART2_INIT?STC8A_NVIC
BL51 BANKED LINKER/LOCATER V6.22.2.0                                                  09/11/2022  20:30:51  PAGE 4


            CODE    352DH     004DH     UNIT         ?PR?_NVIC_TIMER0_INIT?STC8A_NVIC
            CODE    357AH     004DH     UNIT         ?PR?_NVIC_TIMER1_INIT?STC8A_NVIC
            CODE    35C7H     004DH     UNIT         ?PR?_NVIC_INT0_INIT?STC8A_NVIC
            CODE    3614H     004DH     UNIT         ?PR?_NVIC_INT1_INIT?STC8A_NVIC
            CODE    3661H     004DH     UNIT         ?PR?_NVIC_ADC_INIT?STC8A_NVIC
            CODE    36AEH     004DH     UNIT         ?PR?_NVIC_UART1_INIT?STC8A_NVIC
            CODE    36FBH     004DH     UNIT         ?PR?_PWMLEVELSET?STC8A_PWM15BIT
            CODE    3748H     004CH     UNIT         ?PR?_OLED_SHOWCHAR8?OLED12864
            CODE    3794H     004AH     UNIT         ?PR?_I2C_READNBYTE_DADDR?STC8A_I2C
            CODE    37DEH     0049H     UNIT         ?PR?_SERVO_SET_TARGET_DEGREE?SERVO
            CODE    3827H     0047H     UNIT         ?PR?_NVIC_BMM_ADC_INIT?STC8A_NVIC
            CODE    386EH     0047H     UNIT         ?PR?_NVIC_BMM_M2M_INIT?STC8A_NVIC
            CODE    38B5H     0047H     UNIT         ?PR?_NVIC_BMM_SPI_INIT?STC8A_NVIC
            CODE    38FCH     0047H     UNIT         ?PR?_NVIC_BMM_UART1_TX_INIT?STC8A_NVIC
            CODE    3943H     0047H     UNIT         ?PR?_NVIC_BMM_UART1_RX_INIT?STC8A_NVIC
            CODE    398AH     0047H     UNIT         ?PR?_NVIC_BMM_UART2_TX_INIT?STC8A_NVIC
            CODE    39D1H     0047H     UNIT         ?PR?_NVIC_BMM_UART2_RX_INIT?STC8A_NVIC
            CODE    3A18H     0047H     UNIT         ?PR?_NVIC_BMM_UART3_TX_INIT?STC8A_NVIC
            CODE    3A5FH     0047H     UNIT         ?PR?_NVIC_BMM_UART3_RX_INIT?STC8A_NVIC
            CODE    3AA6H     0047H     UNIT         ?PR?_NVIC_BMM_UART4_TX_INIT?STC8A_NVIC
            CODE    3AEDH     0047H     UNIT         ?PR?_NVIC_BMM_UART4_RX_INIT?STC8A_NVIC
            CODE    3B34H     0047H     UNIT         ?PR?_NVIC_BMM_LCM_INIT?STC8A_NVIC
            CODE    3B7BH     0040H     UNIT         ?CO?STC8A_PWM15BIT
            CODE    3BBBH     003BH     UNIT         ?PR?TIMER0_ISR_HANDLER?STC8A_TIMER_ISR
            CODE    3BF6H     003BH     UNIT         ?PR?ASIN?ASIN
            CODE    3C31H     0039H     UNIT         ?PR?_I2C_READNBYTE?STC8A_I2C
            CODE    3C6AH     0039H     UNIT         ?PR?OLED_CLEAR?OLED12864
            CODE    3CA3H     0038H     UNIT         ?PR?MOTOR1_PWM15BIT_INIT?MAIN
            CODE    3CDBH     0038H     UNIT         ?PR?_OLED_WR_BYTE?OLED12864
            CODE    3D13H     0037H     UNIT         ?PR?_I2C_WRITENBYTE_DADDR?STC8A_I2C
            CODE    3D4AH     0036H     UNIT         ?PR?_NVIC_LCM_INIT?STC8A_NVIC
            CODE    3D80H     002FH     UNIT         ?PR?UART_CONFIG?UART
            CODE    3DAFH     002FH     UNIT         ?PR?PWM_ISR_HANDLER?STC8A_PWM15BIT_ISR
            CODE    3DDEH     0026H     UNIT         ?PR?_I2C_WRITENBYTE?STC8A_I2C
            CODE    3E04H     0022H     UNIT         ?PR?MPU6500_I2C_CONFIG?MAIN
            CODE    3E26H     0020H     UNIT         ?PR?_OLED_SET_POS?OLED12864
            CODE    3E46H     001FH     UNIT         ?PR?_SENDDATA?STC8A_I2C
            CODE    3E65H     001EH     UNIT         ?PR?RECVACK?STC8A_I2C
            CODE    3E83H     001CH     UNIT         ?CO?MAIN
            CODE    3E9FH     001BH     UNIT         ?PR?_NVIC_TIMER4_INIT?STC8A_NVIC
            CODE    3EBAH     001BH     UNIT         ?PR?_NVIC_INT4_INIT?STC8A_NVIC
            CODE    3ED5H     001AH     UNIT         ?PR?_NVIC_TIMER2_INIT?STC8A_NVIC
            CODE    3EEFH     001AH     UNIT         ?PR?_NVIC_TIMER3_INIT?STC8A_NVIC
            CODE    3F09H     001AH     UNIT         ?PR?_NVIC_INT3_INIT?STC8A_NVIC
            CODE    3F23H     0019H     UNIT         ?PR?_NVIC_INT2_INIT?STC8A_NVIC
            CODE    3F3CH     0017H     UNIT         ?PR?_BIT4TOHEX?OLED12864
            CODE    3F53H     0015H     UNIT         ?PR?OLED12864_GPIO_CONFIG?MAIN
            CODE    3F68H     0013H     UNIT         ?PR?_PRINTSTRING1?STC8A_UART
            CODE    3F7BH     0013H     UNIT         ?PR?_UART_WRITESTR?UART
            CODE    3F8EH     0011H     UNIT         ?PR?SERVO_INIT?SERVO
            CODE    3F9FH     000FH     UNIT         ?PR?_TX1_WRITE2BUFF?STC8A_UART
            CODE    3FAEH     000FH     UNIT         ?PR?_UART_WRITEBYTE?UART
            CODE    3FBDH     000FH     UNIT         ?PR?RECVDATA?STC8A_I2C
            CODE    3FCCH     000FH     UNIT         ?PR?SENDNAK?STC8A_I2C
            CODE    3FDBH     000EH     UNIT         ?PR?SENDACK?STC8A_I2C
            CODE    3FE9H     000EH     UNIT         ?PR?_DELAY_MS?DELAY
            CODE    3FF7H     0009H     UNIT         ?PR?START?STC8A_I2C
BL51 BANKED LINKER/LOCATER V6.22.2.0                                                  09/11/2022  20:30:51  PAGE 5


            CODE    4000H     0009H     UNIT         ?PR?STOP?STC8A_I2C
            CODE    4009H     0007H     UNIT         ?PR?SERVO_GPIO_CONFIG?MAIN
            CODE    4010H     0007H     UNIT         ?PR?MOTOR1_GPIO_CONFIG?MAIN
            CODE    4017H     0003H     UNIT         ?PR?TIMER3_ISR_HANDLER?STC8A_TIMER_ISR
            CODE    401AH     0003H     UNIT         ?PR?TIMER4_ISR_HANDLER?STC8A_TIMER_ISR



OVERLAY MAP OF MODULE:   .\Objects\自平衡自行车 (?C_STARTUP)


SEGMENT                                           BIT_GROUP          DATA_GROUP          IDATA_GROUP         XDATA_GROUP
>> 
  +--> CALLED SEGMENT                          START    LENGTH     START    LENGTH     START    LENGTH     START    LENG
>> TH
------------------------------------------------------------------------------------------------------------------------
>> --
?C_C51STARTUP                                  -----    -----      -----    -----      -----    -----      -----    ----
>> -
  +--> ?PR?MAIN?MAIN
  +--> ?C_INITSEG

?PR?MAIN?MAIN                                  -----    -----      -----    -----      0022H    0032H      -----    ----
>> -
  +--> ?PR?UART_CONFIG?UART
  +--> ?PR?MPU6500_GPIO_CONFIG?MAIN
  +--> ?PR?MPU6500_I2C_CONFIG?MAIN
  +--> ?PR?MPU6500_INIT?MPU6500
  +--> ?PR?SERVO_GPIO_CONFIG?MAIN
  +--> ?PR?SERVO_INIT?SERVO
  +--> ?PR?MOTOR1_GPIO_CONFIG?MAIN
  +--> ?PR?OLED12864_GPIO_CONFIG?MAIN
  +--> ?PR?OLED_INIT?OLED12864
  +--> ?PR?_MPI6500_GETGADATA?MPU6500
  +--> ?PR?_MPU6500_IMU_UPDATE_ARR?MPU6500
  +--> ?CO?MAIN
  +--> ?PR?PRINTF?PRINTF
  +--> ?PR?_OLED_SHOWSTRING8?OLED12864
  +--> ?PR?_FILTERDEGREE?MAIN
  +--> ?PR?_SERVO_SET_TARGET_DEGREE?SERVO

?PR?UART_CONFIG?UART                           -----    -----      -----    -----      -----    -----      0107H    0009
>> H
  +--> ?PR?_UART_CONFIGURATION?STC8A_UART
  +--> ?PR?_NVIC_UART1_INIT?STC8A_NVIC

?PR?_UART_CONFIGURATION?STC8A_UART             -----    -----      -----    -----      -----    -----      0110H    0007
>> H

?PR?MPU6500_I2C_CONFIG?MAIN                    -----    -----      -----    -----      -----    -----      0107H    0006
>> H
  +--> ?PR?_I2C_INIT?STC8A_I2C

?PR?MPU6500_INIT?MPU6500                       -----    -----      -----    -----      -----    -----      0107H    0001
>> H
  +--> ?CO?MPU6500
  +--> ?PR?_I2C_WRITENBYTE_DADDR?STC8A_I2C
BL51 BANKED LINKER/LOCATER V6.22.2.0                                                  09/11/2022  20:30:51  PAGE 6



?PR?_I2C_WRITENBYTE_DADDR?STC8A_I2C            -----    -----      -----    -----      -----    -----      0108H    0006
>> H
  +--> ?PR?START?STC8A_I2C
  +--> ?PR?_SENDDATA?STC8A_I2C
  +--> ?PR?RECVACK?STC8A_I2C
  +--> ?PR?STOP?STC8A_I2C

?PR?START?STC8A_I2C                            -----    -----      -----    -----      -----    -----      -----    ----
>> -
  +--> ?PR?WAIT?STC8A_I2C

?PR?_SENDDATA?STC8A_I2C                        -----    -----      -----    -----      -----    -----      -----    ----
>> -
  +--> ?PR?WAIT?STC8A_I2C

?PR?RECVACK?STC8A_I2C                          -----    -----      -----    -----      -----    -----      -----    ----
>> -
  +--> ?PR?START?STC8A_I2C
  +--> ?PR?_SENDDATA?STC8A_I2C
  +--> ?PR?WAIT?STC8A_I2C

?PR?STOP?STC8A_I2C                             -----    -----      -----    -----      -----    -----      -----    ----
>> -
  +--> ?PR?WAIT?STC8A_I2C

?PR?SERVO_INIT?SERVO                           -----    -----      -----    -----      -----    -----      -----    ----
>> -
  +--> ?PR?TIMER_CONFIG?SERVO

?PR?TIMER_CONFIG?SERVO                         -----    -----      -----    -----      -----    -----      0107H    0006
>> H
  +--> ?PR?_TIMER_INILIZE?STC8A_TIMER
  +--> ?PR?_NVIC_TIMER0_INIT?STC8A_NVIC

?PR?OLED12864_GPIO_CONFIG?MAIN                 -----    -----      -----    -----      -----    -----      0107H    0002
>> H
  +--> ?PR?_GPIO_INILIZE?STC8A_GPIO

?PR?OLED_INIT?OLED12864                        -----    -----      -----    -----      -----    -----      -----    ----
>> -
  +--> ?PR?_DELAY_MS?DELAY
  +--> ?PR?_OLED_WR_BYTE?OLED12864
  +--> ?PR?OLED_CLEAR?OLED12864
  +--> ?PR?_OLED_SET_POS?OLED12864

?PR?_DELAY_MS?DELAY                            -----    -----      -----    -----      -----    -----      -----    ----
>> -
  +--> ?PR?DELAY1MS?DELAY

?PR?OLED_CLEAR?OLED12864                       -----    -----      -----    -----      -----    -----      -----    ----
>> -
  +--> ?PR?_OLED_WR_BYTE?OLED12864

?PR?_OLED_SET_POS?OLED12864                    -----    -----      -----    -----      -----    -----      -----    ----
>> -
  +--> ?PR?_OLED_WR_BYTE?OLED12864
BL51 BANKED LINKER/LOCATER V6.22.2.0                                                  09/11/2022  20:30:51  PAGE 7



?PR?_MPI6500_GETGADATA?MPU6500                 -----    -----      -----    -----      -----    -----      0107H    0003
>> H
  +--> ?PR?_MPU6500_GETDATA?MPU6500

?PR?_MPU6500_GETDATA?MPU6500                   -----    -----      -----    -----      -----    -----      010AH    0003
>> H
  +--> ?PR?_I2C_READNBYTE_DADDR?STC8A_I2C

?PR?_I2C_READNBYTE_DADDR?STC8A_I2C             -----    -----      -----    -----      -----    -----      010DH    0006
>> H
  +--> ?PR?START?STC8A_I2C
  +--> ?PR?RECVACK?STC8A_I2C
  +--> ?PR?_SENDDATA?STC8A_I2C
  +--> ?PR?RECVDATA?STC8A_I2C
  +--> ?PR?SENDACK?STC8A_I2C
  +--> ?PR?SENDNAK?STC8A_I2C
  +--> ?PR?STOP?STC8A_I2C

?PR?RECVDATA?STC8A_I2C                         -----    -----      -----    -----      -----    -----      -----    ----
>> -
  +--> ?PR?WAIT?STC8A_I2C

?PR?SENDACK?STC8A_I2C                          -----    -----      -----    -----      -----    -----      -----    ----
>> -
  +--> ?PR?WAIT?STC8A_I2C

?PR?SENDNAK?STC8A_I2C                          -----    -----      -----    -----      -----    -----      -----    ----
>> -
  +--> ?PR?WAIT?STC8A_I2C

?PR?_MPU6500_IMU_UPDATE_ARR?MPU6500            -----    -----      -----    -----      -----    -----      0107H    0006
>> H
  +--> ?PR?_MPU6500_IMU_UPDATE?MPU6500

?PR?_MPU6500_IMU_UPDATE?MPU6500                -----    -----      -----    -----      0054H    001CH      010DH    001E
>> H
  +--> ?PR?SQRT?SQRT
  +--> ?PR?ASIN?ASIN

?PR?SQRT?SQRT                                  -----    -----      -----    -----      -----    -----      012BH    0004
>> H

?PR?ASIN?ASIN                                  -----    -----      -----    -----      -----    -----      -----    ----
>> -
  +--> ?PR?SQRT?SQRT
  +--> ?PR?ATAN?ATAN

?PR?ATAN?ATAN                                  0020H.0  0000H.2    -----    -----      -----    -----      012BH    0004
>> H

?PR?PRINTF?PRINTF                              0020H.0  0001H.1    0008H    0005H      -----    -----      0107H    0030
>> H
  +--> ?PR?_PUTCHAR?STC8A_UART

?PR?_PUTCHAR?STC8A_UART                        -----    -----      -----    -----      -----    -----      -----    ----
>> -
BL51 BANKED LINKER/LOCATER V6.22.2.0                                                  09/11/2022  20:30:51  PAGE 8


  +--> ?PR?_TX1_WRITE2BUFF?STC8A_UART

?PR?_OLED_SHOWSTRING8?OLED12864                -----    -----      -----    -----      -----    -----      0107H    0006
>> H
  +--> ?PR?_OLED_SHOWCHAR8?OLED12864

?PR?_OLED_SHOWCHAR8?OLED12864                  -----    -----      -----    -----      -----    -----      -----    ----
>> -
  +--> ?PR?_BIT4TOHEX?OLED12864
  +--> ?PR?_OLED_SET_POS?OLED12864
  +--> ?CO?OLED12864
  +--> ?PR?_OLED_WR_BYTE?OLED12864

?PR?_FILTERDEGREE?MAIN                         -----    -----      0008H    0001H      0054H    0001H      -----    ----
>> -

*** NEW ROOT ***************************************************

?PR?TIMER0_ISR_HANDLER?STC8A_TIMER_ISR         -----    -----      -----    -----      -----    -----      -----    ----
>> -
  +--> ?PR?SERVO_TIMER_10US_CALLBACK?SERVO



SYMBOL TABLE OF MODULE:  .\Objects\自平衡自行车 (?C_STARTUP)

  VALUE           TYPE          NAME
  ----------------------------------

  -------         MODULE        ?C_STARTUP
  C:2C26H         SEGMENT       ?C_C51STARTUP
  I:00A6H         SEGMENT       ?STACK
  C:0000H         PUBLIC        ?C_STARTUP
  D:00E0H         SYMBOL        ACC
  D:00F0H         SYMBOL        B
  D:0083H         SYMBOL        DPH
  D:0082H         SYMBOL        DPL
  N:0000H         SYMBOL        IBPSTACK
  N:0100H         SYMBOL        IBPSTACKTOP
  N:0080H         SYMBOL        IDATALEN
  C:2C29H         SYMBOL        IDATALOOP
  N:0000H         SYMBOL        PBPSTACK
  N:0100H         SYMBOL        PBPSTACKTOP
  N:0000H         SYMBOL        PDATALEN
  N:0000H         SYMBOL        PDATASTART
  N:0000H         SYMBOL        PPAGE
  N:0000H         SYMBOL        PPAGEENABLE
  D:00A0H         SYMBOL        PPAGE_SFR
  D:0081H         SYMBOL        SP
  C:2C26H         SYMBOL        STARTUP1
  N:0000H         SYMBOL        XBPSTACK
  N:0000H         SYMBOL        XBPSTACKTOP
  N:0000H         SYMBOL        XDATALEN
  N:0000H         SYMBOL        XDATASTART
  C:0000H         LINE#         126
  C:2C26H         LINE#         133
  C:2C28H         LINE#         134
BL51 BANKED LINKER/LOCATER V6.22.2.0                                                  09/11/2022  20:30:51  PAGE 9


  C:2C29H         LINE#         135
  C:2C2AH         LINE#         136
  C:2C2CH         LINE#         185
  C:2C2FH         LINE#         196
  -------         ENDMOD        ?C_STARTUP

  -------         MODULE        MAIN
  C:0000H         SYMBOL        _ICE_DUMMY_
  D:0092H         PUBLIC        P1M0
  D:0096H         PUBLIC        P2M0
  D:0091H         PUBLIC        P1M1
  D:0080H         PUBLIC        P0
  D:0095H         PUBLIC        P2M1
  D:0090H         PUBLIC        P1
  D:00B4H         PUBLIC        P4M0
  D:00A0H         PUBLIC        P2
  D:00B3H         PUBLIC        P4M1
  D:00B0H         PUBLIC        P3
  D:00C0H         PUBLIC        P4
  D:00C8H         PUBLIC        P5
  B:0021H.1       PUBLIC        g_LastDirection
  B:00A8H.7       PUBLIC        EA
  D:00E8H         PUBLIC        P6
  D:00F8H         PUBLIC        P7
  C:0003H         PUBLIC        MPU6500_GPIO_Config
  D:00BAH         PUBLIC        P_SW2
  D:00A8H         PUBLIC        IE
  C:4010H         PUBLIC        MOTOR1_GPIO_Config
  C:3E04H         PUBLIC        MPU6500_I2C_Config
  D:00B8H         PUBLIC        IP
  D:00D8H         PUBLIC        CCON
  C:2543H         PUBLIC        main
  I:008CH         PUBLIC        g_LastDegree
  D:0098H         PUBLIC        SCON
  D:0088H         PUBLIC        TCON
  I:008DH         PUBLIC        g_TurnInterval
  D:00F0H         PUBLIC        B
  D:00E0H         PUBLIC        ACC
  C:3CA3H         PUBLIC        MOTOR1_PWM15bit_init
  C:2F43H         PUBLIC        _filterDegree
  C:4009H         PUBLIC        Servo_GPIO_Config
  I:008EH         PUBLIC        g_AX
  I:0092H         PUBLIC        g_AY
  I:0096H         PUBLIC        g_AZ
  B:00A0H.0       PUBLIC        P_MOTOR_A
  B:00A0H.1       PUBLIC        P_MOTOR_B
  I:009AH         PUBLIC        g_GX
  I:009EH         PUBLIC        g_GY
  I:00A2H         PUBLIC        g_GZ
  C:3F53H         PUBLIC        OLED12864_GPIO_Config
  D:00D0H         PUBLIC        PSW
  -------         PROC          MPU6500_GPIO_CONFIG
  C:0003H         LINE#         24
  C:0003H         LINE#         25
  C:0009H         LINE#         26
  -------         ENDPROC       MPU6500_GPIO_CONFIG
  -------         PROC          SERVO_GPIO_CONFIG
BL51 BANKED LINKER/LOCATER V6.22.2.0                                                  09/11/2022  20:30:51  PAGE 10


  C:4009H         LINE#         28
  C:4009H         LINE#         29
  C:400FH         LINE#         30
  -------         ENDPROC       SERVO_GPIO_CONFIG
  -------         PROC          MPU6500_I2C_CONFIG
  -------         DO            
  X:0107H         SYMBOL        conf
  -------         ENDDO         
  C:3E04H         LINE#         32
  C:3E04H         LINE#         34
  C:3E0AH         LINE#         35
  C:3E0EH         LINE#         36
  C:3E13H         LINE#         37
  C:3E19H         LINE#         38
  C:3E22H         LINE#         40
  C:3E25H         LINE#         41
  -------         ENDPROC       MPU6500_I2C_CONFIG
  -------         PROC          MOTOR1_GPIO_CONFIG
  C:4010H         LINE#         43
  C:4010H         LINE#         44
  C:4016H         LINE#         45
  -------         ENDPROC       MOTOR1_GPIO_CONFIG
  -------         PROC          MOTOR1_PWM15BIT_INIT
  -------         DO            
  X:015CH         SYMBOL        PWM15_InitStructure
  -------         ENDDO         
  C:3CA3H         LINE#         47
  C:3CA3H         LINE#         50
  C:3CA9H         LINE#         51
  C:3CB3H         LINE#         52
  C:3CB8H         LINE#         53
  C:3CBAH         LINE#         54
  C:3CBEH         LINE#         55
  C:3CC3H         LINE#         56
  C:3CCBH         LINE#         59
  -------         ENDPROC       MOTOR1_PWM15BIT_INIT
  -------         PROC          OLED12864_GPIO_CONFIG
  -------         DO            
  X:0107H         SYMBOL        conf
  -------         ENDDO         
  C:3F53H         LINE#         62
  C:3F53H         LINE#         64
  C:3F59H         LINE#         65
  C:3F5DH         LINE#         66
  -------         ENDPROC       OLED12864_GPIO_CONFIG
  -------         PROC          MAIN
  -------         DO            
  I:0022H         SYMBOL        values
  I:003AH         SYMBOL        angle
  I:0042H         SYMBOL        str
  I:0052H         SYMBOL        d
  I:0053H         SYMBOL        diff
  -------         ENDDO         
  C:2543H         LINE#         69
  C:2543H         LINE#         72
  C:2546H         LINE#         75
  C:2549H         LINE#         76
BL51 BANKED LINKER/LOCATER V6.22.2.0                                                  09/11/2022  20:30:51  PAGE 11


  C:254CH         LINE#         77
  C:254FH         LINE#         80
  C:2552H         LINE#         81
  C:2555H         LINE#         84
  C:2558H         LINE#         85
  C:255AH         LINE#         86
  C:255CH         LINE#         89
  C:255FH         LINE#         90
  C:2562H         LINE#         92
  C:2564H         LINE#         94
  C:2564H         LINE#         100
  C:256DH         LINE#         101
  C:2583H         LINE#         103
  C:25A5H         LINE#         104
  C:25B1H         LINE#         105
  C:25D3H         LINE#         106
  C:25E0H         LINE#         107
  C:2602H         LINE#         108
  C:2622H         LINE#         109
  C:262FH         LINE#         110
  C:2638H         LINE#         115
  C:263FH         LINE#         116
  C:264AH         LINE#         117
  C:264CH         LINE#         118
  C:2659H         LINE#         119
  C:265DH         LINE#         120
  C:265DH         LINE#         123
  C:2666H         LINE#         125
  -------         ENDPROC       MAIN
  -------         PROC          _FILTERDEGREE
  D:0007H         SYMBOL        d
  -------         DO            
  I:0054H         SYMBOL        diff
  B:0008H.0       SYMBOL        dir
  -------         ENDDO         
  C:2F43H         LINE#         128
  C:2F43H         LINE#         131
  C:2F50H         LINE#         132
  C:2F52H         LINE#         133
  C:2F5FH         LINE#         134
  C:2F61H         LINE#         135
  C:2F63H         LINE#         136
  C:2F65H         LINE#         137
  C:2F65H         LINE#         139
  C:2F6DH         LINE#         140
  C:2F72H         LINE#         141
  C:2F74H         LINE#         142
  C:2F76H         LINE#         143
  C:2F80H         LINE#         144
  C:2F82H         LINE#         145
  C:2F82H         LINE#         147
  C:2F85H         LINE#         148
  C:2F8DH         LINE#         149
  C:2F99H         LINE#         150
  C:2F9DH         LINE#         151
  C:2F9DH         LINE#         152
  C:2F9DH         LINE#         154
BL51 BANKED LINKER/LOCATER V6.22.2.0                                                  09/11/2022  20:30:51  PAGE 12


  C:2FA9H         LINE#         155
  C:2FADH         LINE#         156
  C:2FB1H         LINE#         157
  C:2FB4H         LINE#         158
  C:2FB4H         LINE#         159
  C:2FB8H         LINE#         160
  -------         ENDPROC       _FILTERDEGREE
  -------         ENDMOD        MAIN

  -------         MODULE        SHANWAI
  C:0000H         SYMBOL        _ICE_DUMMY_
  D:0080H         PUBLIC        P0
  D:0090H         PUBLIC        P1
  D:00A0H         PUBLIC        P2
  D:00B0H         PUBLIC        P3
  D:00C0H         PUBLIC        P4
  D:00C8H         PUBLIC        P5
  D:00E8H         PUBLIC        P6
  D:00F8H         PUBLIC        P7
  D:00A8H         PUBLIC        IE
  D:00B8H         PUBLIC        IP
  D:00D8H         PUBLIC        CCON
  C:2965H         PUBLIC        _SHANWAI_sendWaveValue
  D:0098H         PUBLIC        SCON
  D:0088H         PUBLIC        TCON
  D:00F0H         PUBLIC        B
  D:00E0H         PUBLIC        ACC
  D:00D0H         PUBLIC        PSW
  -------         PROC          _SHANWAI_SENDWAVEVALUE
  D:0001H         SYMBOL        d
  X:013AH         SYMBOL        sized
  X:013BH         SYMBOL        len
  -------         DO            
  X:013CH         SYMBOL        i
  X:013EH         SYMBOL        s
  X:0140H         SYMBOL        v
  -------         ENDDO         
  C:2965H         LINE#         3
  C:296AH         LINE#         5
  C:2975H         LINE#         7
  C:297AH         LINE#         8
  C:297FH         LINE#         9
  C:29A0H         LINE#         10
  C:29C1H         LINE#         11
  C:29FCH         LINE#         12
  C:2A0CH         LINE#         13
  C:2A20H         LINE#         14
  C:2A25H         LINE#         15
  -------         ENDPROC       _SHANWAI_SENDWAVEVALUE
  -------         ENDMOD        SHANWAI

  -------         MODULE        STC8A_GPIO
  C:0000H         SYMBOL        _ICE_DUMMY_
  D:0093H         PUBLIC        P0M1
  D:0092H         PUBLIC        P1M0
  D:0096H         PUBLIC        P2M0
  D:0091H         PUBLIC        P1M1
BL51 BANKED LINKER/LOCATER V6.22.2.0                                                  09/11/2022  20:30:51  PAGE 13


  D:0080H         PUBLIC        P0
  D:00B2H         PUBLIC        P3M0
  D:0095H         PUBLIC        P2M1
  D:0090H         PUBLIC        P1
  D:00B4H         PUBLIC        P4M0
  D:00B1H         PUBLIC        P3M1
  D:00A0H         PUBLIC        P2
  D:00CAH         PUBLIC        P5M0
  D:00B3H         PUBLIC        P4M1
  D:00B0H         PUBLIC        P3
  D:00CCH         PUBLIC        P6M0
  D:00C9H         PUBLIC        P5M1
  D:00C0H         PUBLIC        P4
  D:00E2H         PUBLIC        P7M0
  D:00CBH         PUBLIC        P6M1
  D:00C8H         PUBLIC        P5
  D:00E8H         PUBLIC        P6
  D:00E1H         PUBLIC        P7M1
  D:00F8H         PUBLIC        P7
  D:00A8H         PUBLIC        IE
  D:00B8H         PUBLIC        IP
  D:00D8H         PUBLIC        CCON
  D:0098H         PUBLIC        SCON
  D:0088H         PUBLIC        TCON
  D:00F0H         PUBLIC        B
  D:00E0H         PUBLIC        ACC
  C:1EB6H         PUBLIC        _GPIO_Inilize
  D:00D0H         PUBLIC        PSW
  D:0094H         PUBLIC        P0M0
  -------         PROC          _GPIO_INILIZE
  D:0007H         SYMBOL        GPIO
  D:0001H         SYMBOL        GPIOx
  C:1EB6H         LINE#         22
  C:1EB6H         LINE#         23
  C:1EB6H         LINE#         24
  C:1EC3H         LINE#         25
  C:1ED3H         LINE#         26
  C:1ED6H         LINE#         27
  C:1ED6H         LINE#         28
  C:1EE4H         LINE#         29
  C:1EF6H         LINE#         30
  C:1F08H         LINE#         31
  C:1F1AH         LINE#         32
  C:1F1AH         LINE#         33
  C:1F1FH         LINE#         34
  C:1F1FH         LINE#         35
  C:1F30H         LINE#         36
  C:1F40H         LINE#         37
  C:1F51H         LINE#         38
  C:1F65H         LINE#         39
  C:1F65H         LINE#         40
  C:1F6AH         LINE#         41
  C:1F6AH         LINE#         42
  C:1F7BH         LINE#         43
  C:1F8BH         LINE#         44
  C:1F9CH         LINE#         45
  C:1FB0H         LINE#         46
BL51 BANKED LINKER/LOCATER V6.22.2.0                                                  09/11/2022  20:30:51  PAGE 14


  C:1FB0H         LINE#         47
  C:1FB5H         LINE#         48
  C:1FB5H         LINE#         49
  C:1FC6H         LINE#         50
  C:1FD6H         LINE#         51
  C:1FE7H         LINE#         52
  C:1FFBH         LINE#         53
  C:1FFBH         LINE#         54
  C:2000H         LINE#         55
  C:2000H         LINE#         56
  C:2011H         LINE#         57
  C:2021H         LINE#         58
  C:2032H         LINE#         59
  C:2046H         LINE#         60
  C:2046H         LINE#         61
  C:204BH         LINE#         62
  C:204BH         LINE#         63
  C:205CH         LINE#         64
  C:206CH         LINE#         65
  C:207DH         LINE#         66
  C:2091H         LINE#         67
  C:2091H         LINE#         68
  C:2096H         LINE#         69
  C:2096H         LINE#         70
  C:20A7H         LINE#         71
  C:20B7H         LINE#         72
  C:20C8H         LINE#         73
  C:20DCH         LINE#         74
  C:20DCH         LINE#         75
  C:20E1H         LINE#         76
  C:20E1H         LINE#         77
  C:20F4H         LINE#         78
  C:2105H         LINE#         79
  C:2116H         LINE#         80
  C:212AH         LINE#         81
  C:212AH         LINE#         82
  C:212CH         LINE#         83
  -------         ENDPROC       _GPIO_INILIZE
  -------         ENDMOD        STC8A_GPIO

  -------         MODULE        STC8A_NVIC
  C:0000H         SYMBOL        _ICE_DUMMY_
  D:0080H         PUBLIC        P0
  D:0090H         PUBLIC        P1
  D:00A0H         PUBLIC        P2
  D:00B0H         PUBLIC        P3
  D:00C0H         PUBLIC        P4
  D:00C8H         PUBLIC        P5
  D:00E8H         PUBLIC        P6
  D:00F8H         PUBLIC        P7
  D:00BAH         PUBLIC        P_SW2
  B:00A8H.5       PUBLIC        EADC
  D:00A8H         PUBLIC        IE
  C:3827H         PUBLIC        _NVIC_BMM_ADC_Init
  C:386EH         PUBLIC        _NVIC_BMM_M2M_Init
  D:00B6H         PUBLIC        IP2H
  D:00EEH         PUBLIC        IP3H
BL51 BANKED LINKER/LOCATER V6.22.2.0                                                  09/11/2022  20:30:51  PAGE 15


  D:00DAH         PUBLIC        CCAPM0
  D:00DBH         PUBLIC        CCAPM1
  B:00A8H.4       PUBLIC        ES
  D:00DCH         PUBLIC        CCAPM2
  B:00B8H.5       PUBLIC        PADC
  D:00B8H         PUBLIC        IP
  C:3B34H         PUBLIC        _NVIC_BMM_LCM_Init
  B:00B8H.4       PUBLIC        PS
  D:00D9H         PUBLIC        CMOD
  D:00D8H         PUBLIC        CCON
  C:35C7H         PUBLIC        _NVIC_INT0_Init
  B:00B8H.7       PUBLIC        PPCA
  C:3614H         PUBLIC        _NVIC_INT1_Init
  C:3F23H         PUBLIC        _NVIC_INT2_Init
  C:3F09H         PUBLIC        _NVIC_INT3_Init
  D:00E6H         PUBLIC        CMPCR1
  C:3EBAH         PUBLIC        _NVIC_INT4_Init
  C:38B5H         PUBLIC        _NVIC_BMM_SPI_Init
  D:0098H         PUBLIC        SCON
  D:0088H         PUBLIC        TCON
  C:352DH         PUBLIC        _NVIC_Timer0_Init
  C:357AH         PUBLIC        _NVIC_Timer1_Init
  C:3ED5H         PUBLIC        _NVIC_Timer2_Init
  C:3EEFH         PUBLIC        _NVIC_Timer3_Init
  D:00AFH         PUBLIC        IE2
  C:3E9FH         PUBLIC        _NVIC_Timer4_Init
  D:00F0H         PUBLIC        B
  C:30A1H         PUBLIC        _NVIC_I2C_Init
  D:00E0H         PUBLIC        ACC
  B:00A8H.1       PUBLIC        ET0
  B:00A8H.3       PUBLIC        ET1
  D:00B5H         PUBLIC        IP2
  D:00DFH         PUBLIC        IP3
  B:00A8H.0       PUBLIC        EX0
  B:00A8H.2       PUBLIC        EX1
  C:3661H         PUBLIC        _NVIC_ADC_Init
  B:00B8H.1       PUBLIC        PT0
  B:00B8H.3       PUBLIC        PT1
  B:00B8H.0       PUBLIC        PX0
  B:00B8H.2       PUBLIC        PX1
  C:2ECCH         PUBLIC        _NVIC_PCA_Init
  C:3943H         PUBLIC        _NVIC_BMM_UART1_Rx_Init
  C:39D1H         PUBLIC        _NVIC_BMM_UART2_Rx_Init
  D:00B7H         PUBLIC        IPH
  C:3A5FH         PUBLIC        _NVIC_BMM_UART3_Rx_Init
  C:38FCH         PUBLIC        _NVIC_BMM_UART1_Tx_Init
  C:3AEDH         PUBLIC        _NVIC_BMM_UART4_Rx_Init
  C:398AH         PUBLIC        _NVIC_BMM_UART2_Tx_Init
  C:3A18H         PUBLIC        _NVIC_BMM_UART3_Tx_Init
  C:3D4AH         PUBLIC        _NVIC_LCM_Init
  C:3AA6H         PUBLIC        _NVIC_BMM_UART4_Tx_Init
  C:333EH         PUBLIC        _NVIC_CMP_Init
  C:343BH         PUBLIC        _NVIC_SPI_Init
  D:008FH         PUBLIC        INT_CLKO
  C:36AEH         PUBLIC        _NVIC_UART1_Init
  C:34DFH         PUBLIC        _NVIC_UART2_Init
  C:3393H         PUBLIC        _NVIC_UART3_Init
BL51 BANKED LINKER/LOCATER V6.22.2.0                                                  09/11/2022  20:30:51  PAGE 16


  C:33E8H         PUBLIC        _NVIC_UART4_Init
  D:00D0H         PUBLIC        PSW
  -------         PROC          _NVIC_TIMER0_INIT
  D:0007H         SYMBOL        State
  D:0005H         SYMBOL        Priority
  C:352DH         LINE#         23
  C:352DH         LINE#         24
  C:352DH         LINE#         25
  C:3541H         LINE#         26
  C:3577H         LINE#         27
  C:3579H         LINE#         28
  -------         ENDPROC       _NVIC_TIMER0_INIT
  -------         PROC          _NVIC_TIMER1_INIT
  D:0007H         SYMBOL        State
  D:0005H         SYMBOL        Priority
  C:357AH         LINE#         38
  C:357AH         LINE#         39
  C:357AH         LINE#         40
  C:358EH         LINE#         41
  C:35C4H         LINE#         42
  C:35C6H         LINE#         43
  -------         ENDPROC       _NVIC_TIMER1_INIT
  -------         PROC          _NVIC_TIMER2_INIT
  D:0007H         SYMBOL        State
  D:0005H         SYMBOL        Priority
  C:3ED5H         LINE#         53
  C:3ED5H         LINE#         54
  C:3ED5H         LINE#         55
  C:3EECH         LINE#         56
  C:3EEDH         LINE#         57
  C:3EEEH         LINE#         58
  -------         ENDPROC       _NVIC_TIMER2_INIT
  -------         PROC          _NVIC_TIMER3_INIT
  D:0007H         SYMBOL        State
  D:0005H         SYMBOL        Priority
  C:3EEFH         LINE#         68
  C:3EEFH         LINE#         69
  C:3EEFH         LINE#         70
  C:3F06H         LINE#         71
  C:3F07H         LINE#         72
  C:3F08H         LINE#         73
  -------         ENDPROC       _NVIC_TIMER3_INIT
  -------         PROC          _NVIC_TIMER4_INIT
  D:0007H         SYMBOL        State
  D:0005H         SYMBOL        Priority
  C:3E9FH         LINE#         83
  C:3E9FH         LINE#         84
  C:3E9FH         LINE#         85
  C:3EB7H         LINE#         86
  C:3EB8H         LINE#         87
  C:3EB9H         LINE#         88
  -------         ENDPROC       _NVIC_TIMER4_INIT
  -------         PROC          _NVIC_INT0_INIT
  D:0007H         SYMBOL        State
  D:0005H         SYMBOL        Priority
  C:35C7H         LINE#         98
  C:35C7H         LINE#         99
BL51 BANKED LINKER/LOCATER V6.22.2.0                                                  09/11/2022  20:30:51  PAGE 17


  C:35C7H         LINE#         100
  C:35DBH         LINE#         101
  C:3611H         LINE#         102
  C:3613H         LINE#         103
  -------         ENDPROC       _NVIC_INT0_INIT
  -------         PROC          _NVIC_INT1_INIT
  D:0007H         SYMBOL        State
  D:0005H         SYMBOL        Priority
  C:3614H         LINE#         113
  C:3614H         LINE#         114
  C:3614H         LINE#         115
  C:3628H         LINE#         116
  C:365EH         LINE#         117
  C:3660H         LINE#         118
  -------         ENDPROC       _NVIC_INT1_INIT
  -------         PROC          _NVIC_INT2_INIT
  D:0007H         SYMBOL        State
  D:0005H         SYMBOL        Priority
  C:3F23H         LINE#         128
  C:3F23H         LINE#         129
  C:3F23H         LINE#         130
  C:3F39H         LINE#         131
  C:3F3AH         LINE#         132
  C:3F3BH         LINE#         133
  -------         ENDPROC       _NVIC_INT2_INIT
  -------         PROC          _NVIC_INT3_INIT
  D:0007H         SYMBOL        State
  D:0005H         SYMBOL        Priority
  C:3F09H         LINE#         143
  C:3F09H         LINE#         144
  C:3F09H         LINE#         145
  C:3F20H         LINE#         146
  C:3F21H         LINE#         147
  C:3F22H         LINE#         148
  -------         ENDPROC       _NVIC_INT3_INIT
  -------         PROC          _NVIC_INT4_INIT
  D:0007H         SYMBOL        State
  D:0005H         SYMBOL        Priority
  C:3EBAH         LINE#         158
  C:3EBAH         LINE#         159
  C:3EBAH         LINE#         160
  C:3ED2H         LINE#         161
  C:3ED3H         LINE#         162
  C:3ED4H         LINE#         163
  -------         ENDPROC       _NVIC_INT4_INIT
  -------         PROC          _NVIC_ADC_INIT
  D:0007H         SYMBOL        State
  D:0005H         SYMBOL        Priority
  C:3661H         LINE#         173
  C:3661H         LINE#         174
  C:3661H         LINE#         175
  C:3675H         LINE#         176
  C:36ABH         LINE#         177
  C:36ADH         LINE#         178
  -------         ENDPROC       _NVIC_ADC_INIT
  -------         PROC          _NVIC_CMP_INIT
  D:0007H         SYMBOL        State
BL51 BANKED LINKER/LOCATER V6.22.2.0                                                  09/11/2022  20:30:51  PAGE 18


  D:0005H         SYMBOL        Priority
  C:333EH         LINE#         188
  C:333EH         LINE#         189
  C:333EH         LINE#         190
  C:3347H         LINE#         191
  C:334AH         LINE#         192
  C:3353H         LINE#         193
  C:3356H         LINE#         194
  C:3390H         LINE#         195
  C:3392H         LINE#         196
  -------         ENDPROC       _NVIC_CMP_INIT
  -------         PROC          _NVIC_I2C_INIT
  D:0007H         SYMBOL        Mode
  D:0005H         SYMBOL        State
  D:0003H         SYMBOL        Priority
  C:30A1H         LINE#         208
  C:30A1H         LINE#         209
  C:30A1H         LINE#         210
  C:30AEH         LINE#         211
  C:30B1H         LINE#         212
  C:30B6H         LINE#         213
  C:30B6H         LINE#         214
  C:30C6H         LINE#         215
  C:30C8H         LINE#         216
  C:30CBH         LINE#         217
  C:30CBH         LINE#         218
  C:30D3H         LINE#         219
  C:30D3H         LINE#         221
  C:310DH         LINE#         222
  C:310FH         LINE#         223
  -------         ENDPROC       _NVIC_I2C_INIT
  -------         PROC          _NVIC_UART1_INIT
  D:0007H         SYMBOL        State
  D:0005H         SYMBOL        Priority
  C:36AEH         LINE#         233
  C:36AEH         LINE#         234
  C:36AEH         LINE#         235
  C:36C2H         LINE#         236
  C:36F8H         LINE#         237
  C:36FAH         LINE#         238
  -------         ENDPROC       _NVIC_UART1_INIT
  -------         PROC          _NVIC_UART2_INIT
  D:0007H         SYMBOL        State
  D:0005H         SYMBOL        Priority
  C:34DFH         LINE#         248
  C:34DFH         LINE#         249
  C:34DFH         LINE#         250
  C:34F0H         LINE#         251
  C:352AH         LINE#         252
  C:352CH         LINE#         253
  -------         ENDPROC       _NVIC_UART2_INIT
  -------         PROC          _NVIC_UART3_INIT
  D:0007H         SYMBOL        State
  D:0005H         SYMBOL        Priority
  C:3393H         LINE#         263
  C:3393H         LINE#         264
  C:3393H         LINE#         265
BL51 BANKED LINKER/LOCATER V6.22.2.0                                                  09/11/2022  20:30:51  PAGE 19


  C:33ABH         LINE#         266
  C:33E5H         LINE#         267
  C:33E7H         LINE#         268
  -------         ENDPROC       _NVIC_UART3_INIT
  -------         PROC          _NVIC_UART4_INIT
  D:0007H         SYMBOL        State
  D:0005H         SYMBOL        Priority
  C:33E8H         LINE#         278
  C:33E8H         LINE#         279
  C:33E8H         LINE#         280
  C:33FEH         LINE#         281
  C:3438H         LINE#         282
  C:343AH         LINE#         283
  -------         ENDPROC       _NVIC_UART4_INIT
  -------         PROC          _NVIC_SPI_INIT
  D:0007H         SYMBOL        State
  D:0005H         SYMBOL        Priority
  C:343BH         LINE#         293
  C:343BH         LINE#         294
  C:343BH         LINE#         295
  C:3450H         LINE#         296
  C:348AH         LINE#         297
  C:348CH         LINE#         298
  -------         ENDPROC       _NVIC_SPI_INIT
  -------         PROC          _NVIC_PCA_INIT
  D:0007H         SYMBOL        Channel
  D:0005H         SYMBOL        State
  D:0003H         SYMBOL        Priority
  C:2ECCH         LINE#         309
  C:2ECCH         LINE#         310
  C:2ECCH         LINE#         312
  C:2F0BH         LINE#         313
  C:2F1CH         LINE#         314
  C:2F1CH         LINE#         315
  C:2F1CH         LINE#         316
  C:2F1EH         LINE#         317
  C:2F20H         LINE#         319
  C:2F20H         LINE#         320
  C:2F22H         LINE#         321
  C:2F24H         LINE#         323
  C:2F24H         LINE#         324
  C:2F26H         LINE#         325
  C:2F28H         LINE#         327
  C:2F28H         LINE#         328
  C:2F2BH         LINE#         329
  C:2F30H         LINE#         330
  C:2F33H         LINE#         331
  C:2F35H         LINE#         333
  C:2F35H         LINE#         334
  C:2F40H         LINE#         335
  C:2F40H         LINE#         336
  C:2F40H         LINE#         337
  C:2F42H         LINE#         338
  -------         ENDPROC       _NVIC_PCA_INIT
  -------         PROC          _NVIC_BMM_ADC_INIT
  D:0007H         SYMBOL        State
  D:0005H         SYMBOL        Priority
BL51 BANKED LINKER/LOCATER V6.22.2.0                                                  09/11/2022  20:30:51  PAGE 20


  D:0003H         SYMBOL        Bus_Priority
  C:3827H         LINE#         349
  C:3827H         LINE#         350
  C:3827H         LINE#         351
  C:382AH         LINE#         352
  C:3831H         LINE#         353
  C:3846H         LINE#         354
  C:3856H         LINE#         355
  C:385EH         LINE#         356
  C:3864H         LINE#         358
  C:3868H         LINE#         359
  C:386BH         LINE#         360
  C:386DH         LINE#         361
  -------         ENDPROC       _NVIC_BMM_ADC_INIT
  -------         PROC          _NVIC_BMM_M2M_INIT
  D:0007H         SYMBOL        State
  D:0005H         SYMBOL        Priority
  D:0003H         SYMBOL        Bus_Priority
  C:386EH         LINE#         372
  C:386EH         LINE#         373
  C:386EH         LINE#         374
  C:3871H         LINE#         375
  C:3878H         LINE#         376
  C:388DH         LINE#         377
  C:389DH         LINE#         378
  C:38A5H         LINE#         379
  C:38ABH         LINE#         381
  C:38AFH         LINE#         382
  C:38B2H         LINE#         383
  C:38B4H         LINE#         384
  -------         ENDPROC       _NVIC_BMM_M2M_INIT
  -------         PROC          _NVIC_BMM_SPI_INIT
  D:0007H         SYMBOL        State
  D:0005H         SYMBOL        Priority
  D:0003H         SYMBOL        Bus_Priority
  C:38B5H         LINE#         395
  C:38B5H         LINE#         396
  C:38B5H         LINE#         397
  C:38B8H         LINE#         398
  C:38BFH         LINE#         399
  C:38D4H         LINE#         400
  C:38E4H         LINE#         401
  C:38ECH         LINE#         402
  C:38F2H         LINE#         404
  C:38F6H         LINE#         405
  C:38F9H         LINE#         406
  C:38FBH         LINE#         407
  -------         ENDPROC       _NVIC_BMM_SPI_INIT
  -------         PROC          _NVIC_BMM_UART1_TX_INIT
  D:0007H         SYMBOL        State
  D:0005H         SYMBOL        Priority
  D:0003H         SYMBOL        Bus_Priority
  C:38FCH         LINE#         418
  C:38FCH         LINE#         419
  C:38FCH         LINE#         420
  C:38FFH         LINE#         421
  C:3906H         LINE#         422
BL51 BANKED LINKER/LOCATER V6.22.2.0                                                  09/11/2022  20:30:51  PAGE 21


  C:391BH         LINE#         423
  C:392BH         LINE#         424
  C:3933H         LINE#         425
  C:3939H         LINE#         427
  C:393DH         LINE#         428
  C:3940H         LINE#         429
  C:3942H         LINE#         430
  -------         ENDPROC       _NVIC_BMM_UART1_TX_INIT
  -------         PROC          _NVIC_BMM_UART1_RX_INIT
  D:0007H         SYMBOL        State
  D:0005H         SYMBOL        Priority
  D:0003H         SYMBOL        Bus_Priority
  C:3943H         LINE#         441
  C:3943H         LINE#         442
  C:3943H         LINE#         443
  C:3946H         LINE#         444
  C:394DH         LINE#         445
  C:3962H         LINE#         446
  C:3972H         LINE#         447
  C:397AH         LINE#         448
  C:3980H         LINE#         450
  C:3984H         LINE#         451
  C:3987H         LINE#         452
  C:3989H         LINE#         453
  -------         ENDPROC       _NVIC_BMM_UART1_RX_INIT
  -------         PROC          _NVIC_BMM_UART2_TX_INIT
  D:0007H         SYMBOL        State
  D:0005H         SYMBOL        Priority
  D:0003H         SYMBOL        Bus_Priority
  C:398AH         LINE#         464
  C:398AH         LINE#         465
  C:398AH         LINE#         466
  C:398DH         LINE#         467
  C:3994H         LINE#         468
  C:39A9H         LINE#         469
  C:39B9H         LINE#         470
  C:39C1H         LINE#         471
  C:39C7H         LINE#         473
  C:39CBH         LINE#         474
  C:39CEH         LINE#         475
  C:39D0H         LINE#         476
  -------         ENDPROC       _NVIC_BMM_UART2_TX_INIT
  -------         PROC          _NVIC_BMM_UART2_RX_INIT
  D:0007H         SYMBOL        State
  D:0005H         SYMBOL        Priority
  D:0003H         SYMBOL        Bus_Priority
  C:39D1H         LINE#         487
  C:39D1H         LINE#         488
  C:39D1H         LINE#         489
  C:39D4H         LINE#         490
  C:39DBH         LINE#         491
  C:39F0H         LINE#         492
  C:3A00H         LINE#         493
  C:3A08H         LINE#         494
  C:3A0EH         LINE#         496
  C:3A12H         LINE#         497
  C:3A15H         LINE#         498
BL51 BANKED LINKER/LOCATER V6.22.2.0                                                  09/11/2022  20:30:51  PAGE 22


  C:3A17H         LINE#         499
  -------         ENDPROC       _NVIC_BMM_UART2_RX_INIT
  -------         PROC          _NVIC_BMM_UART3_TX_INIT
  D:0007H         SYMBOL        State
  D:0005H         SYMBOL        Priority
  D:0003H         SYMBOL        Bus_Priority
  C:3A18H         LINE#         510
  C:3A18H         LINE#         511
  C:3A18H         LINE#         512
  C:3A1BH         LINE#         513
  C:3A22H         LINE#         514
  C:3A37H         LINE#         515
  C:3A47H         LINE#         516
  C:3A4FH         LINE#         517
  C:3A55H         LINE#         519
  C:3A59H         LINE#         520
  C:3A5CH         LINE#         521
  C:3A5EH         LINE#         522
  -------         ENDPROC       _NVIC_BMM_UART3_TX_INIT
  -------         PROC          _NVIC_BMM_UART3_RX_INIT
  D:0007H         SYMBOL        State
  D:0005H         SYMBOL        Priority
  D:0003H         SYMBOL        Bus_Priority
  C:3A5FH         LINE#         533
  C:3A5FH         LINE#         534
  C:3A5FH         LINE#         535
  C:3A62H         LINE#         536
  C:3A69H         LINE#         537
  C:3A7EH         LINE#         538
  C:3A8EH         LINE#         539
  C:3A96H         LINE#         540
  C:3A9CH         LINE#         542
  C:3AA0H         LINE#         543
  C:3AA3H         LINE#         544
  C:3AA5H         LINE#         545
  -------         ENDPROC       _NVIC_BMM_UART3_RX_INIT
  -------         PROC          _NVIC_BMM_UART4_TX_INIT
  D:0007H         SYMBOL        State
  D:0005H         SYMBOL        Priority
  D:0003H         SYMBOL        Bus_Priority
  C:3AA6H         LINE#         556
  C:3AA6H         LINE#         557
  C:3AA6H         LINE#         558
  C:3AA9H         LINE#         559
  C:3AB0H         LINE#         560
  C:3AC5H         LINE#         561
  C:3AD5H         LINE#         562
  C:3ADDH         LINE#         563
  C:3AE3H         LINE#         565
  C:3AE7H         LINE#         566
  C:3AEAH         LINE#         567
  C:3AECH         LINE#         568
  -------         ENDPROC       _NVIC_BMM_UART4_TX_INIT
  -------         PROC          _NVIC_BMM_UART4_RX_INIT
  D:0007H         SYMBOL        State
  D:0005H         SYMBOL        Priority
  D:0003H         SYMBOL        Bus_Priority
BL51 BANKED LINKER/LOCATER V6.22.2.0                                                  09/11/2022  20:30:51  PAGE 23


  C:3AEDH         LINE#         579
  C:3AEDH         LINE#         580
  C:3AEDH         LINE#         581
  C:3AF0H         LINE#         582
  C:3AF7H         LINE#         583
  C:3B0CH         LINE#         584
  C:3B1CH         LINE#         585
  C:3B24H         LINE#         586
  C:3B2AH         LINE#         588
  C:3B2EH         LINE#         589
  C:3B31H         LINE#         590
  C:3B33H         LINE#         591
  -------         ENDPROC       _NVIC_BMM_UART4_RX_INIT
  -------         PROC          _NVIC_BMM_LCM_INIT
  D:0007H         SYMBOL        State
  D:0005H         SYMBOL        Priority
  D:0003H         SYMBOL        Bus_Priority
  C:3B34H         LINE#         602
  C:3B34H         LINE#         603
  C:3B34H         LINE#         604
  C:3B37H         LINE#         605
  C:3B3EH         LINE#         606
  C:3B53H         LINE#         607
  C:3B63H         LINE#         608
  C:3B6BH         LINE#         609
  C:3B71H         LINE#         611
  C:3B75H         LINE#         612
  C:3B78H         LINE#         613
  C:3B7AH         LINE#         614
  -------         ENDPROC       _NVIC_BMM_LCM_INIT
  -------         PROC          _NVIC_LCM_INIT
  D:0007H         SYMBOL        State
  D:0005H         SYMBOL        Priority
  C:3D4AH         LINE#         624
  C:3D4AH         LINE#         625
  C:3D4AH         LINE#         626
  C:3D4DH         LINE#         627
  C:3D54H         LINE#         628
  C:3D68H         LINE#         629
  C:3D70H         LINE#         630
  C:3D76H         LINE#         632
  C:3D7AH         LINE#         633
  C:3D7DH         LINE#         634
  C:3D7FH         LINE#         635
  -------         ENDPROC       _NVIC_LCM_INIT
  -------         ENDMOD        STC8A_NVIC

  -------         MODULE        STC8A_UART
  C:0000H         SYMBOL        _ICE_DUMMY_
  C:2393H         PUBLIC        _UART_Configuration
  D:0080H         PUBLIC        P0
  D:0090H         PUBLIC        P1
  D:00A0H         PUBLIC        P2
  D:00B0H         PUBLIC        P3
  D:00C0H         PUBLIC        P4
  D:00C8H         PUBLIC        P5
  D:00E8H         PUBLIC        P6
BL51 BANKED LINKER/LOCATER V6.22.2.0                                                  09/11/2022  20:30:51  PAGE 24


  D:00F8H         PUBLIC        P7
  D:00A8H         PUBLIC        IE
  X:0000H         PUBLIC        COM1
  D:00B8H         PUBLIC        IP
  X:0007H         PUBLIC        RX1_Buffer
  X:0087H         PUBLIC        TX1_Buffer
  D:00D8H         PUBLIC        CCON
  D:0099H         PUBLIC        SBUF
  D:0087H         PUBLIC        PCON
  D:0098H         PUBLIC        SCON
  D:0089H         PUBLIC        TMOD
  D:0088H         PUBLIC        TCON
  C:3F68H         PUBLIC        _PrintString1
  D:00AFH         PUBLIC        IE2
  D:00F0H         PUBLIC        B
  D:008EH         PUBLIC        AUXR
  C:3F9FH         PUBLIC        _TX1_write2buff
  D:00E0H         PUBLIC        ACC
  B:00A8H.3       PUBLIC        ET1
  D:008DH         PUBLIC        TH1
  D:00D6H         PUBLIC        TH2
  D:008BH         PUBLIC        TL1
  D:00D7H         PUBLIC        TL2
  B:0088H.6       PUBLIC        TR1
  B:0098H.4       PUBLIC        REN
  D:008FH         PUBLIC        INT_CLKO
  D:00D0H         PUBLIC        PSW
  C:001EH         PUBLIC        _putchar
  -------         PROC          _UART_CONFIGURATION
  D:0007H         SYMBOL        UARTx
  X:0110H         SYMBOL        COMx
  -------         DO            
  D:0007H         SYMBOL        i
  X:0113H         SYMBOL        j
  -------         ENDDO         
  C:2393H         LINE#         47
  C:239EH         LINE#         48
  C:239EH         LINE#         58
  C:23A6H         LINE#         59
  C:23A6H         LINE#         60
  C:23ABH         LINE#         61
  C:23AEH         LINE#         62
  C:23B0H         LINE#         63
  C:23B2H         LINE#         64
  C:23B4H         LINE#         65
  C:23B6H         LINE#         66
  C:23B8H         LINE#         68
  C:23D2H         LINE#         69
  C:23EDH         LINE#         71
  C:2403H         LINE#         72
  C:2410H         LINE#         73
  C:2410H         LINE#         74
  C:2427H         LINE#         75
  C:2444H         LINE#         76
  C:2466H         LINE#         77
  C:247BH         LINE#         78
  C:247BH         LINE#         79
BL51 BANKED LINKER/LOCATER V6.22.2.0                                                  09/11/2022  20:30:51  PAGE 25


  C:247EH         LINE#         80
  C:2481H         LINE#         81
  C:2484H         LINE#         82
  C:2487H         LINE#         83
  C:249CH         LINE#         84
  C:24A5H         LINE#         85
  C:24A8H         LINE#         86
  C:24ABH         LINE#         87
  C:24ADH         LINE#         89
  C:24ADH         LINE#         90
  C:24AFH         LINE#         91
  C:24B2H         LINE#         92
  C:24B5H         LINE#         93
  C:24B8H         LINE#         94
  C:24BBH         LINE#         95
  C:24D0H         LINE#         96
  C:24D9H         LINE#         97
  C:24DBH         LINE#         98
  C:24DEH         LINE#         99
  C:24E1H         LINE#         100
  C:24E3H         LINE#         101
  C:24E3H         LINE#         102
  C:24E5H         LINE#         103
  C:24F8H         LINE#         104
  C:24F8H         LINE#         105
  C:2507H         LINE#         106
  C:250AH         LINE#         107
  C:250CH         LINE#         108
  C:2512H         LINE#         109
  C:2512H         LINE#         110
  C:2521H         LINE#         111
  C:2524H         LINE#         112
  C:2524H         LINE#         113
  C:253DH         LINE#         115
  C:2540H         LINE#         116
  C:2540H         LINE#         245
  C:2542H         LINE#         246
  -------         ENDPROC       _UART_CONFIGURATION
  -------         PROC          _TX1_WRITE2BUFF
  D:0007H         SYMBOL        dat
  C:3F9FH         LINE#         252
  C:3F9FH         LINE#         253
  C:3F9FH         LINE#         254
  C:3FA1H         LINE#         255
  C:3FA7H         LINE#         256
  C:3FADH         LINE#         257
  -------         ENDPROC       _TX1_WRITE2BUFF
  -------         PROC          _PRINTSTRING1
  D:0001H         SYMBOL        puts
  C:3F68H         LINE#         259
  C:3F68H         LINE#         260
  C:3F68H         LINE#         261
  C:3F7AH         LINE#         262
  -------         ENDPROC       _PRINTSTRING1
  -------         PROC          _PUTCHAR
  D:0006H         SYMBOL        c
  C:001EH         LINE#         333
BL51 BANKED LINKER/LOCATER V6.22.2.0                                                  09/11/2022  20:30:51  PAGE 26


  C:0020H         LINE#         334
  C:0020H         LINE#         335
  -------         ENDPROC       _PUTCHAR
  -------         ENDMOD        STC8A_UART

  -------         MODULE        STC8A_UART_ISR
  C:0000H         SYMBOL        _ICE_DUMMY_
  D:0080H         PUBLIC        P0
  D:0090H         PUBLIC        P1
  D:00A0H         PUBLIC        P2
  D:00B0H         PUBLIC        P3
  D:00C0H         PUBLIC        P4
  D:00C8H         PUBLIC        P5
  D:00E8H         PUBLIC        P6
  D:00F8H         PUBLIC        P7
  D:00A8H         PUBLIC        IE
  D:00B8H         PUBLIC        IP
  B:0098H.0       PUBLIC        RI
  B:0098H.1       PUBLIC        TI
  D:00D8H         PUBLIC        CCON
  D:0099H         PUBLIC        SBUF
  D:0098H         PUBLIC        SCON
  D:0088H         PUBLIC        TCON
  D:00F0H         PUBLIC        B
  D:00E0H         PUBLIC        ACC
  C:32E8H         PUBLIC        UART1_ISR_Handler
  D:00D0H         PUBLIC        PSW
  -------         PROC          UART1_ISR_HANDLER
  C:32E8H         LINE#         23
  C:32F5H         LINE#         25
  C:32F8H         LINE#         26
  C:32F8H         LINE#         27
  C:32FAH         LINE#         28
  C:3300H         LINE#         29
  C:3300H         LINE#         30
  C:330FH         LINE#         31
  C:3323H         LINE#         32
  C:3329H         LINE#         33
  C:3329H         LINE#         34
  C:3329H         LINE#         36
  C:332CH         LINE#         37
  C:332CH         LINE#         38
  C:332EH         LINE#         39
  C:3333H         LINE#         47
  C:3333H         LINE#         48
  -------         ENDPROC       UART1_ISR_HANDLER
  -------         ENDMOD        STC8A_UART_ISR

  -------         MODULE        UART
  C:0000H         SYMBOL        _ICE_DUMMY_
  D:0080H         PUBLIC        P0
  D:0090H         PUBLIC        P1
  D:00A0H         PUBLIC        P2
  D:00B0H         PUBLIC        P3
  D:00C0H         PUBLIC        P4
  D:00C8H         PUBLIC        P5
  D:00E8H         PUBLIC        P6
BL51 BANKED LINKER/LOCATER V6.22.2.0                                                  09/11/2022  20:30:51  PAGE 27


  D:00F8H         PUBLIC        P7
  C:3F7BH         PUBLIC        _UART_writeStr
  D:00A2H         PUBLIC        P_SW1
  D:00A8H         PUBLIC        IE
  C:3D80H         PUBLIC        UART_config
  D:00B8H         PUBLIC        IP
  D:00D8H         PUBLIC        CCON
  D:0099H         PUBLIC        SBUF
  D:0098H         PUBLIC        SCON
  D:0088H         PUBLIC        TCON
  D:00F0H         PUBLIC        B
  D:00E0H         PUBLIC        ACC
  C:3FAEH         PUBLIC        _UART_writeByte
  D:00D0H         PUBLIC        PSW
  -------         PROC          UART_CONFIG
  -------         DO            
  X:0107H         SYMBOL        COMx_InitStructure
  -------         ENDDO         
  C:3D80H         LINE#         3
  C:3D80H         LINE#         6
  C:3D86H         LINE#         7
  C:3D8AH         LINE#         9
  C:3D92H         LINE#         10
  C:3D97H         LINE#         11
  C:3D99H         LINE#         12
  C:3DA4H         LINE#         13
  C:3DABH         LINE#         15
  C:3DAEH         LINE#         16
  -------         ENDPROC       UART_CONFIG
  -------         PROC          _UART_WRITEBYTE
  D:0007H         SYMBOL        dat
  C:3FAEH         LINE#         18
  C:3FAEH         LINE#         19
  C:3FB0H         LINE#         20
  C:3FB6H         LINE#         21
  C:3FBCH         LINE#         22
  -------         ENDPROC       _UART_WRITEBYTE
  -------         PROC          _UART_WRITESTR
  D:0001H         SYMBOL        str
  C:3F7BH         LINE#         24
  C:3F7BH         LINE#         25
  C:3F81H         LINE#         26
  C:3F84H         LINE#         27
  C:3F8DH         LINE#         28
  -------         ENDPROC       _UART_WRITESTR
  -------         ENDMOD        UART

  -------         MODULE        STC8A_I2C
  C:0000H         SYMBOL        _ICE_DUMMY_
  D:0080H         PUBLIC        P0
  D:0090H         PUBLIC        P1
  D:00A0H         PUBLIC        P2
  D:00B0H         PUBLIC        P3
  D:00C0H         PUBLIC        P4
  D:00C8H         PUBLIC        P5
  D:00E8H         PUBLIC        P6
  D:00F8H         PUBLIC        P7
BL51 BANKED LINKER/LOCATER V6.22.2.0                                                  09/11/2022  20:30:51  PAGE 28


  C:3E57H         PUBLIC        _SendData
  D:00BAH         PUBLIC        P_SW2
  D:00A8H         PUBLIC        IE
  C:3FBDH         PUBLIC        RecvData
  C:3FF7H         PUBLIC        Start
  C:000EH         PUBLIC        Wait
  D:00B8H         PUBLIC        IP
  C:3C31H         PUBLIC        _I2C_ReadNbyte
  D:00D8H         PUBLIC        CCON
  C:4000H         PUBLIC        Stop
  C:3DDEH         PUBLIC        _I2C_WriteNbyte
  D:0098H         PUBLIC        SCON
  C:2E49H         PUBLIC        _I2C_Init
  D:0088H         PUBLIC        TCON
  D:00F0H         PUBLIC        B
  C:3794H         PUBLIC        _I2C_ReadNbyte_DAddr
  D:00E0H         PUBLIC        ACC
  C:3D13H         PUBLIC        _I2C_WriteNbyte_DAddr
  C:3FDBH         PUBLIC        SendACK
  C:3E7AH         PUBLIC        RecvACK
  C:3FCCH         PUBLIC        SendNAK
  D:00D0H         PUBLIC        PSW
  X:014CH         PUBLIC        I2C_Buffer
  -------         PROC          _I2C_INIT
  D:0001H         SYMBOL        I2Cx
  C:2E49H         LINE#         28
  C:2E49H         LINE#         29
  C:2E49H         LINE#         30
  C:2E4CH         LINE#         32
  C:2E56H         LINE#         33
  C:2E56H         LINE#         34
  C:2E5DH         LINE#         35
  C:2E62H         LINE#         36
  C:2E70H         LINE#         37
  C:2E7FH         LINE#         41
  C:2E7FH         LINE#         42
  C:2E86H         LINE#         43
  C:2E8BH         LINE#         44
  C:2E9CH         LINE#         45
  C:2EAFH         LINE#         46
  C:2EB3H         LINE#         47
  C:2EB3H         LINE#         49
  C:2EC8H         LINE#         54
  C:2ECBH         LINE#         55
  -------         ENDPROC       _I2C_INIT
  -------         PROC          WAIT
  C:000EH         LINE#         64
  C:000EH         LINE#         65
  C:000EH         LINE#         66
  C:0015H         LINE#         67
  C:0019H         LINE#         68
  -------         ENDPROC       WAIT
  -------         PROC          START
  C:3FF7H         LINE#         77
  C:3FF7H         LINE#         78
  C:3FF7H         LINE#         79
  C:3FFDH         LINE#         80
BL51 BANKED LINKER/LOCATER V6.22.2.0                                                  09/11/2022  20:30:51  PAGE 29


  -------         ENDPROC       START
  -------         PROC          L?0042
  -------         ENDPROC       L?0042
  -------         PROC          _SENDDATA
  D:0007H         SYMBOL        dat
  C:3E57H         LINE#         90
  C:3E57H         LINE#         91
  C:3E57H         LINE#         92
  C:3E5CH         LINE#         93
  C:3E62H         LINE#         94
  -------         ENDPROC       _SENDDATA
  C:3E75H         SYMBOL        L?0041
  -------         PROC          L?0040
  -------         ENDPROC       L?0040
  C:3E75H         SYMBOL        L?0041
  -------         PROC          RECVACK
  C:3E7AH         LINE#         104
  C:3E7AH         LINE#         105
  C:3E7AH         LINE#         106
  C:3E80H         LINE#         107
  -------         ENDPROC       RECVACK
  -------         PROC          RECVDATA
  C:3FBDH         LINE#         117
  C:3FBDH         LINE#         118
  C:3FBDH         LINE#         119
  C:3FC3H         LINE#         120
  C:3FC6H         LINE#         121
  C:3FCBH         LINE#         122
  -------         ENDPROC       RECVDATA
  -------         PROC          SENDACK
  C:3FDBH         LINE#         131
  C:3FDBH         LINE#         132
  C:3FDBH         LINE#         133
  C:3FE0H         LINE#         134
  C:3FE6H         LINE#         135
  -------         ENDPROC       SENDACK
  -------         PROC          SENDNAK
  C:3FCCH         LINE#         145
  C:3FCCH         LINE#         146
  C:3FCCH         LINE#         147
  C:3FD2H         LINE#         148
  C:3FD8H         LINE#         149
  -------         ENDPROC       SENDNAK
  -------         PROC          STOP
  C:4000H         LINE#         159
  C:4000H         LINE#         160
  C:4000H         LINE#         161
  C:4006H         LINE#         162
  -------         ENDPROC       STOP
  -------         PROC          _I2C_WRITENBYTE
  D:0006H         SYMBOL        addr
  X:0177H         SYMBOL        p
  X:017AH         SYMBOL        number
  C:3DDEH         LINE#         172
  C:3DE9H         LINE#         173
  C:3DE9H         LINE#         174
  C:3DE9H         LINE#         175
BL51 BANKED LINKER/LOCATER V6.22.2.0                                                  09/11/2022  20:30:51  PAGE 30


  C:3DE9H         LINE#         176
  C:3DE9H         LINE#         177
  C:3DE9H         LINE#         178
  C:3DE9H         LINE#         179
  C:3DECH         LINE#         181
  C:3DECH         LINE#         182
  C:3DF2H         LINE#         183
  C:3DF5H         LINE#         184
  C:3DF5H         LINE#         185
  C:3DFDH         LINE#         186
  C:3E00H         LINE#         187
  C:3E03H         LINE#         188
  -------         ENDPROC       _I2C_WRITENBYTE
  -------         PROC          _I2C_WRITENBYTE_DADDR
  D:0007H         SYMBOL        daddr
  D:0005H         SYMBOL        addr
  X:010AH         SYMBOL        p
  X:010DH         SYMBOL        number
  C:3D13H         LINE#         190
  C:3D1EH         LINE#         191
  C:3D21H         LINE#         192
  C:3D24H         LINE#         193
  C:3D27H         LINE#         194
  C:3D2AH         LINE#         195
  C:3D2FH         LINE#         196
  C:3D32H         LINE#         198
  C:3D32H         LINE#         199
  C:3D38H         LINE#         200
  C:3D3BH         LINE#         201
  C:3D3BH         LINE#         202
  C:3D43H         LINE#         203
  C:3D46H         LINE#         204
  C:3D49H         LINE#         205
  -------         ENDPROC       _I2C_WRITENBYTE_DADDR
  -------         PROC          _I2C_READNBYTE
  D:0006H         SYMBOL        addr
  D:0001H         SYMBOL        p
  X:017FH         SYMBOL        number
  C:3C31H         LINE#         214
  C:3C31H         LINE#         215
  C:3C31H         LINE#         216
  C:3C31H         LINE#         217
  C:3C31H         LINE#         218
  C:3C31H         LINE#         219
  C:3C31H         LINE#         220
  C:3C31H         LINE#         221
  C:3C34H         LINE#         222
  C:3C37H         LINE#         223
  C:3C3CH         LINE#         224
  C:3C3FH         LINE#         226
  C:3C3FH         LINE#         227
  C:3C46H         LINE#         228
  C:3C4DH         LINE#         229
  C:3C58H         LINE#         230
  C:3C58H         LINE#         231
  C:3C60H         LINE#         232
  C:3C63H         LINE#         233
BL51 BANKED LINKER/LOCATER V6.22.2.0                                                  09/11/2022  20:30:51  PAGE 31


  C:3C66H         LINE#         234
  C:3C69H         LINE#         235
  -------         ENDPROC       _I2C_READNBYTE
  -------         PROC          _I2C_READNBYTE_DADDR
  D:0006H         SYMBOL        daddr
  D:0005H         SYMBOL        addr
  D:0001H         SYMBOL        p
  X:0112H         SYMBOL        number
  C:3794H         LINE#         237
  C:3796H         LINE#         238
  C:3796H         LINE#         239
  C:3799H         LINE#         240
  C:379CH         LINE#         241
  C:379CH         LINE#         242
  C:379FH         LINE#         243
  C:37A4H         LINE#         244
  C:37A7H         LINE#         245
  C:37AAH         LINE#         246
  C:37B0H         LINE#         247
  C:37B3H         LINE#         249
  C:37B3H         LINE#         250
  C:37BAH         LINE#         251
  C:37C1H         LINE#         252
  C:37CCH         LINE#         253
  C:37CCH         LINE#         254
  C:37D4H         LINE#         255
  C:37D7H         LINE#         256
  C:37DAH         LINE#         257
  C:37DDH         LINE#         258
  -------         ENDPROC       _I2C_READNBYTE_DADDR
  -------         ENDMOD        STC8A_I2C

  -------         MODULE        STC8A_TIMER
  C:0000H         SYMBOL        _ICE_DUMMY_
  D:0080H         PUBLIC        P0
  D:0090H         PUBLIC        P1
  D:00A0H         PUBLIC        P2
  D:00B0H         PUBLIC        P3
  D:00C0H         PUBLIC        P4
  D:00C8H         PUBLIC        P5
  D:00E8H         PUBLIC        P6
  D:00F8H         PUBLIC        P7
  D:00A8H         PUBLIC        IE
  D:00B8H         PUBLIC        IP
  D:00D8H         PUBLIC        CCON
  D:0098H         PUBLIC        SCON
  D:0089H         PUBLIC        TMOD
  D:0088H         PUBLIC        TCON
  C:212DH         PUBLIC        _Timer_Inilize
  D:00F0H         PUBLIC        B
  D:008EH         PUBLIC        AUXR
  D:00E0H         PUBLIC        ACC
  D:008CH         PUBLIC        TH0
  D:008DH         PUBLIC        TH1
  D:00D6H         PUBLIC        TH2
  D:00D4H         PUBLIC        TH3
  D:00D2H         PUBLIC        TH4
BL51 BANKED LINKER/LOCATER V6.22.2.0                                                  09/11/2022  20:30:51  PAGE 32


  D:008AH         PUBLIC        TL0
  D:008BH         PUBLIC        TL1
  D:00D7H         PUBLIC        TL2
  D:00D5H         PUBLIC        TL3
  D:00D3H         PUBLIC        TL4
  B:0088H.4       PUBLIC        TR0
  B:0088H.6       PUBLIC        TR1
  D:00D1H         PUBLIC        T4T3M
  D:008FH         PUBLIC        INT_CLKO
  D:00D0H         PUBLIC        PSW
  -------         PROC          _TIMER_INILIZE
  D:0005H         SYMBOL        TIM
  D:0001H         SYMBOL        TIMx
  C:212DH         LINE#         22
  C:212FH         LINE#         23
  C:212FH         LINE#         24
  C:2135H         LINE#         25
  C:2135H         LINE#         26
  C:2137H         LINE#         27
  C:2147H         LINE#         28
  C:214EH         LINE#         29
  C:2161H         LINE#         30
  C:2182H         LINE#         31
  C:2190H         LINE#         32
  C:21A2H         LINE#         33
  C:21B0H         LINE#         34
  C:21B3H         LINE#         35
  C:21B3H         LINE#         37
  C:21BBH         LINE#         38
  C:21BBH         LINE#         39
  C:21BDH         LINE#         40
  C:21CDH         LINE#         41
  C:21D9H         LINE#         42
  C:21ECH         LINE#         43
  C:220DH         LINE#         44
  C:221DH         LINE#         45
  C:222FH         LINE#         46
  C:223DH         LINE#         47
  C:2240H         LINE#         48
  C:2240H         LINE#         50
  C:2245H         LINE#         51
  C:2245H         LINE#         52
  C:2248H         LINE#         53
  C:226EH         LINE#         54
  C:2280H         LINE#         56
  C:2292H         LINE#         57
  C:22A3H         LINE#         58
  C:22A6H         LINE#         59
  C:22A6H         LINE#         61
  C:22ABH         LINE#         62
  C:22ABH         LINE#         63
  C:22AEH         LINE#         64
  C:22C1H         LINE#         65
  C:22E2H         LINE#         66
  C:22F0H         LINE#         68
  C:2302H         LINE#         69
  C:2312H         LINE#         70
BL51 BANKED LINKER/LOCATER V6.22.2.0                                                  09/11/2022  20:30:51  PAGE 33


  C:2314H         LINE#         71
  C:2314H         LINE#         73
  C:2319H         LINE#         74
  C:2319H         LINE#         75
  C:231CH         LINE#         76
  C:2331H         LINE#         77
  C:2358H         LINE#         78
  C:2369H         LINE#         80
  C:2379H         LINE#         81
  C:238DH         LINE#         82
  C:2390H         LINE#         83
  C:2390H         LINE#         84
  C:2392H         LINE#         85
  -------         ENDPROC       _TIMER_INILIZE
  -------         ENDMOD        STC8A_TIMER

  -------         MODULE        STC8A_TIMER_ISR
  C:0000H         SYMBOL        _ICE_DUMMY_
  D:0080H         PUBLIC        P0
  D:0090H         PUBLIC        P1
  D:00A0H         PUBLIC        P2
  D:00B0H         PUBLIC        P3
  D:00C0H         PUBLIC        P4
  D:00C8H         PUBLIC        P5
  D:00E8H         PUBLIC        P6
  D:00F8H         PUBLIC        P7
  D:00A8H         PUBLIC        IE
  D:00B8H         PUBLIC        IP
  D:00D8H         PUBLIC        CCON
  C:3BBBH         PUBLIC        Timer0_ISR_Handler
  C:0098H         PUBLIC        Timer1_ISR_Handler
[...]
  -------         ENDPROC       _PWM15_INIT
  -------         ENDMOD        STC8A_PWM15BIT

  -------         MODULE        STC8A_PWM15BIT_ISR
  C:0000H         SYMBOL        _ICE_DUMMY_
  D:0080H         PUBLIC        P0
  D:0090H         PUBLIC        P1
  D:00A0H         PUBLIC        P2
  D:00B0H         PUBLIC        P3
  D:00C0H         PUBLIC        P4
  D:00C8H         PUBLIC        P5
  D:00E8H         PUBLIC        P6
  D:00F8H         PUBLIC        P7
  D:00BAH         PUBLIC        P_SW2
  D:00A8H         PUBLIC        IE
BL51 BANKED LINKER/LOCATER V6.22.2.0                                                  09/11/2022  20:30:51  PAGE 41


  D:00B8H         PUBLIC        IP
  D:00D8H         PUBLIC        CCON
  D:0098H         PUBLIC        SCON
  D:0088H         PUBLIC        TCON
  D:00F0H         PUBLIC        B
  D:00F6H         PUBLIC        PWMCFG
  D:00E0H         PUBLIC        ACC
  C:3DAFH         PUBLIC        PWM_ISR_Handler
  D:00D0H         PUBLIC        PSW
  -------         PROC          PWM_ISR_HANDLER
  -------         DO            
  D:0007H         SYMBOL        store
  -------         ENDDO         
  C:3DAFH         LINE#         22
  C:3DBCH         LINE#         25
  C:3DBEH         LINE#         26
  C:3DC1H         LINE#         28
  C:3DC6H         LINE#         29
  C:3DC6H         LINE#         30
  C:3DC9H         LINE#         32
  C:3DC9H         LINE#         33
  C:3DCFH         LINE#         34
  C:3DCFH         LINE#         35
  C:3DD1H         LINE#         37
  C:3DD1H         LINE#         38
  C:3DD3H         LINE#         39
  -------         ENDPROC       PWM_ISR_HANDLER
  -------         ENDMOD        STC8A_PWM15BIT_ISR

  -------         MODULE        OLED12864
  C:0000H         SYMBOL        _ICE_DUMMY_
  D:0080H         PUBLIC        P0
  D:0090H         PUBLIC        P1
  D:00A0H         PUBLIC        P2
  D:00B0H         PUBLIC        P3
  D:00C0H         PUBLIC        P4
  D:00C8H         PUBLIC        P5
  D:00E8H         PUBLIC        P6
  D:00F8H         PUBLIC        P7
  D:00A8H         PUBLIC        IE
  B:0080H.1       PUBLIC        P_OLED12864_SDA
  D:00B8H         PUBLIC        IP
  C:2883H         PUBLIC        OLED_Init
  B:0080H.0       PUBLIC        P_OLED12864_SCK
  D:00D8H         PUBLIC        CCON
  C:3239H         PUBLIC        _OLED_ShowString
  C:3CE2H         PUBLIC        _OLED_WR_Byte
  C:302FH         PUBLIC        _OLED_ShowHexBuf8
  B:0080H.2       PUBLIC        P_OLED12864_RES
  C:2CB2H         PUBLIC        _OLED_ShowChar
  C:0AB0H         PUBLIC        F6x8
  D:0098H         PUBLIC        SCON
  D:0088H         PUBLIC        TCON
  C:0CD8H         PUBLIC        F8X16
  C:3F3CH         PUBLIC        _Bit4ToHex
  D:00F0H         PUBLIC        B
  B:0080H.3       PUBLIC        P_OLED12864_DC
BL51 BANKED LINKER/LOCATER V6.22.2.0                                                  09/11/2022  20:30:51  PAGE 42


  C:3E26H         PUBLIC        _OLED_Set_Pos
  D:00E0H         PUBLIC        ACC
  B:0080H.4       PUBLIC        P_OLED12864_CS
  C:348DH         PUBLIC        _OLED_ShowString8
  C:3756H         PUBLIC        _OLED_ShowChar8
  C:3C6AH         PUBLIC        OLED_Clear
  D:00D0H         PUBLIC        PSW
  -------         PROC          OLED_INIT
  C:2883H         LINE#         6
  C:2883H         LINE#         7
  C:2885H         LINE#         8
  C:288AH         LINE#         9
  C:288CH         LINE#         10
  C:2891H         LINE#         11
  C:2893H         LINE#         13
  C:289AH         LINE#         14
  C:28A0H         LINE#         15
  C:28A7H         LINE#         16
  C:28AEH         LINE#         17
  C:28B5H         LINE#         18
  C:28BCH         LINE#         19
  C:28C3H         LINE#         20
  C:28CAH         LINE#         21
  C:28D1H         LINE#         22
  C:28D8H         LINE#         23
  C:28DFH         LINE#         24
  C:28E6H         LINE#         25
  C:28ECH         LINE#         26
  C:28F3H         LINE#         27
  C:28FAH         LINE#         28
  C:2901H         LINE#         29
  C:2908H         LINE#         30
  C:290FH         LINE#         31
  C:2916H         LINE#         32
  C:291DH         LINE#         33
  C:2924H         LINE#         34
  C:292BH         LINE#         35
  C:2932H         LINE#         36
  C:2939H         LINE#         37
  C:2940H         LINE#         38
  C:2947H         LINE#         39
  C:294EH         LINE#         40
  C:2955H         LINE#         41
  C:295CH         LINE#         42
  C:295FH         LINE#         43
  -------         ENDPROC       OLED_INIT
  C:3CDBH         SYMBOL        L?0051
  -------         PROC          L?0050
  -------         ENDPROC       L?0050
  C:3CDBH         SYMBOL        L?0051
  -------         PROC          _OLED_WR_BYTE
  D:0007H         SYMBOL        dat
  D:0005H         SYMBOL        cmd
  -------         DO            
  D:0006H         SYMBOL        i
  -------         ENDDO         
  C:3CE2H         LINE#         49
BL51 BANKED LINKER/LOCATER V6.22.2.0                                                  09/11/2022  20:30:51  PAGE 43


  C:3CE2H         LINE#         51
  C:3CE5H         LINE#         52
  C:3CE7H         LINE#         53
  C:3CE9H         LINE#         54
  C:3CEBH         LINE#         55
  C:3CEBH         LINE#         56
  C:3CEDH         LINE#         57
  C:3CF9H         LINE#         58
  C:3CFBH         LINE#         59
  C:3CFFH         LINE#         60
  C:3D01H         LINE#         61
  C:3D03H         LINE#         62
  C:3D03H         LINE#         63
  C:3D05H         LINE#         64
  C:3D05H         LINE#         65
  C:3D07H         LINE#         66
  C:3D0BH         LINE#         67
  C:3D0EH         LINE#         68
  C:3D10H         LINE#         69
  C:3D12H         LINE#         70
  -------         ENDPROC       _OLED_WR_BYTE
  -------         PROC          _OLED_SET_POS
  D:0004H         SYMBOL        x
  D:0005H         SYMBOL        y
  C:3E26H         LINE#         72
  C:3E28H         LINE#         73
  C:3E31H         LINE#         74
  C:3E3DH         LINE#         75
  -------         ENDPROC       _OLED_SET_POS
  -------         PROC          OLED_CLEAR
  -------         DO            
  D:0004H         SYMBOL        i
  D:0003H         SYMBOL        n
  -------         ENDDO         
  C:3C6AH         LINE#         79
  C:3C6AH         LINE#         81
  C:3C76H         LINE#         82
  C:3C7FH         LINE#         83
  C:3C84H         LINE#         84
  C:3C89H         LINE#         85
  C:3C95H         LINE#         86
  C:3C9CH         LINE#         87
  C:3C9FH         LINE#         88
  C:3CA2H         LINE#         89
  -------         ENDPROC       OLED_CLEAR
  -------         PROC          _BIT4TOHEX
  D:0007H         SYMBOL        bit4
  C:3F3CH         LINE#         91
  C:3F3CH         LINE#         92
  C:3F40H         LINE#         93
  C:3F49H         LINE#         94
  C:3F4DH         LINE#         95
  C:3F4EH         LINE#         96
  C:3F52H         LINE#         97
  C:3F52H         LINE#         98
  C:3F52H         LINE#         99
  -------         ENDPROC       _BIT4TOHEX
BL51 BANKED LINKER/LOCATER V6.22.2.0                                                  09/11/2022  20:30:51  PAGE 44


  -------         PROC          _OLED_SHOWCHAR
  D:0002H         SYMBOL        x
  D:0001H         SYMBOL        y
  D:0007H         SYMBOL        chr
  -------         DO            
  D:0003H         SYMBOL        c
  D:0004H         SYMBOL        i
  -------         ENDDO         
  C:2CB2H         LINE#         102
  C:2CB8H         LINE#         104
  C:2CBCH         LINE#         105
  C:2CC9H         LINE#         106
  C:2CCBH         LINE#         107
  C:2CCBH         LINE#         109
  C:2CD5H         LINE#         110
  C:2CD7H         LINE#         111
  C:2CD9H         LINE#         112
  C:2CD9H         LINE#         113
  C:2CE0H         LINE#         114
  C:2CECH         LINE#         115
  C:2D06H         LINE#         116
  C:2D09H         LINE#         117
  C:2D11H         LINE#         118
  C:2D1DH         LINE#         119
  C:2D37H         LINE#         120
  C:2D3AH         LINE#         121
  -------         ENDPROC       _OLED_SHOWCHAR
  -------         PROC          _OLED_SHOWSTRING
  X:0170H         SYMBOL        x
  X:0171H         SYMBOL        y
  X:0172H         SYMBOL        chr
  -------         DO            
  X:0175H         SYMBOL        j
  -------         ENDDO         
  C:3239H         LINE#         124
  C:324AH         LINE#         125
  C:324DH         LINE#         126
  C:3265H         LINE#         127
  C:3270H         LINE#         128
  C:3277H         LINE#         129
  C:3281H         LINE#         130
  C:3283H         LINE#         131
  C:3288H         LINE#         132
  C:3288H         LINE#         133
  C:328EH         LINE#         134
  C:3290H         LINE#         135
  -------         ENDPROC       _OLED_SHOWSTRING
  C:3751H         SYMBOL        L?0049
  -------         PROC          L?0048
  -------         ENDPROC       L?0048
  C:3751H         SYMBOL        L?0049
  -------         PROC          _OLED_SHOWCHAR8
  D:0007H         SYMBOL        x
  D:0005H         SYMBOL        y
  D:0003H         SYMBOL        chr
  -------         DO            
  D:0003H         SYMBOL        c
BL51 BANKED LINKER/LOCATER V6.22.2.0                                                  09/11/2022  20:30:51  PAGE 45


  D:0004H         SYMBOL        i
  -------         ENDDO         
  C:3756H         LINE#         139
  C:3756H         LINE#         141
  C:375AH         LINE#         142
  C:3764H         LINE#         143
  C:3766H         LINE#         144
  C:3767H         LINE#         145
  C:3767H         LINE#         146
  C:376AH         LINE#         147
  C:3776H         LINE#         148
  C:3790H         LINE#         149
  C:3793H         LINE#         150
  -------         ENDPROC       _OLED_SHOWCHAR8
  -------         PROC          _OLED_SHOWSTRING8
  X:0107H         SYMBOL        x
  X:0108H         SYMBOL        y
  X:0109H         SYMBOL        chr
  -------         DO            
  X:010CH         SYMBOL        j
  -------         ENDDO         
  C:348DH         LINE#         152
  C:349EH         LINE#         153
  C:34A1H         LINE#         154
  C:34B9H         LINE#         155
  C:34BFH         LINE#         156
  C:34C6H         LINE#         157
  C:34D0H         LINE#         158
  C:34D2H         LINE#         159
  C:34D6H         LINE#         160
  C:34D6H         LINE#         161
  C:34DCH         LINE#         162
  C:34DEH         LINE#         163
  -------         ENDPROC       _OLED_SHOWSTRING8
  -------         PROC          _OLED_SHOWHEXBUF8
  X:0163H         SYMBOL        x
  X:0164H         SYMBOL        y
  X:0165H         SYMBOL        buf
  X:0168H         SYMBOL        len
  -------         DO            
  X:0169H         SYMBOL        i
  -------         ENDDO         
  C:302FH         LINE#         165
  C:3040H         LINE#         167
  C:3051H         LINE#         168
  C:3057H         LINE#         169
  C:3070H         LINE#         170
  C:3077H         LINE#         171
  C:3091H         LINE#         172
  C:3098H         LINE#         173
  C:30A0H         LINE#         174
  -------         ENDPROC       _OLED_SHOWHEXBUF8
  -------         ENDMOD        OLED12864

  -------         MODULE        DELAY
  C:0000H         SYMBOL        _ICE_DUMMY_
  D:0080H         PUBLIC        P0
BL51 BANKED LINKER/LOCATER V6.22.2.0                                                  09/11/2022  20:30:51  PAGE 46


  D:0090H         PUBLIC        P1
  D:00A0H         PUBLIC        P2
  D:00B0H         PUBLIC        P3
  D:00C0H         PUBLIC        P4
  C:00A6H         PUBLIC        Delay1ms
  D:00C8H         PUBLIC        P5
  D:00E8H         PUBLIC        P6
  D:00F8H         PUBLIC        P7
  D:00A8H         PUBLIC        IE
  D:00B8H         PUBLIC        IP
  D:00D8H         PUBLIC        CCON
  D:0098H         PUBLIC        SCON
  D:0088H         PUBLIC        TCON
  D:00F0H         PUBLIC        B
  D:00E0H         PUBLIC        ACC
  C:3FE9H         PUBLIC        _delay_ms
  D:00D0H         PUBLIC        PSW
  -------         PROC          DELAY1MS
  -------         DO            
  D:0007H         SYMBOL        i
  D:0006H         SYMBOL        j
  -------         ENDDO         
  C:00A6H         LINE#         3
  C:00A6H         LINE#         5
  C:00A7H         LINE#         6
  C:00A8H         LINE#         7
  C:00A9H         LINE#         8
  C:00ABH         LINE#         9
  C:00ADH         LINE#         10
  C:00ADH         LINE#         11
  C:00AFH         LINE#         12
  C:00B1H         LINE#         13
  -------         ENDPROC       DELAY1MS
  -------         PROC          _DELAY_MS
  D:0005H         SYMBOL        ms
  C:3FE9H         LINE#         15
  C:3FEBH         LINE#         16
  C:3FF1H         LINE#         17
  C:3FF4H         LINE#         18
  C:3FF6H         LINE#         19
  -------         ENDPROC       _DELAY_MS
  -------         ENDMOD        DELAY

  -------         MODULE        ?C?FPADD
  C:00BDH         PUBLIC        ?C?FPADD
  C:00B9H         PUBLIC        ?C?FPSUB
  -------         ENDMOD        ?C?FPADD

  -------         MODULE        ?C?FPMUL
  C:01AEH         PUBLIC        ?C?FPMUL
  -------         ENDMOD        ?C?FPMUL

  -------         MODULE        ?C?FPDIV
  C:02B7H         PUBLIC        ?C?FPDIV
  -------         ENDMOD        ?C?FPDIV

  -------         MODULE        ?C?FPNEG
BL51 BANKED LINKER/LOCATER V6.22.2.0                                                  09/11/2022  20:30:51  PAGE 47


  C:0354H         PUBLIC        ?C?FPNEG
  -------         ENDMOD        ?C?FPNEG

  -------         MODULE        ?C?FCAST
  C:036FH         PUBLIC        ?C?FCASTC
  C:036AH         PUBLIC        ?C?FCASTI
  C:0365H         PUBLIC        ?C?FCASTL
  -------         ENDMOD        ?C?FCAST

  -------         MODULE        ?C?CASTF
  C:03A3H         PUBLIC        ?C?CASTF
  -------         ENDMOD        ?C?CASTF

  -------         MODULE        PRINTF
  X:0107H         PUBLIC        ?_PRINTF?BYTE
  X:0107H         PUBLIC        ?_SPRINTF?BYTE
  C:1A9EH         PUBLIC        _PRINTF
  C:1A98H         PUBLIC        _SPRINTF
  -------         ENDMOD        PRINTF

  -------         MODULE        SQRT
  C:2AE2H         PUBLIC        _SQRT
  -------         ENDMOD        SQRT

  -------         MODULE        ASIN
  C:3BF6H         PUBLIC        _ASIN
  -------         ENDMOD        ASIN

  -------         MODULE        ?C?FPROUND
  C:0424H         PUBLIC        ?C?FPROUND
  -------         ENDMOD        ?C?FPROUND

  -------         MODULE        ?C?FPCONVERT
  C:0461H         PUBLIC        ?C?FPCONVERT
  -------         ENDMOD        ?C?FPCONVERT

  -------         MODULE        ATAN
  C:2689H         PUBLIC        _ATAN
  -------         ENDMOD        ATAN

  -------         MODULE        ?C?FTNPWR
  C:0596H         PUBLIC        ?C?FTNPWR
  -------         ENDMOD        ?C?FTNPWR

  -------         MODULE        ?C?COPY
  C:06F3H         PUBLIC        ?C?COPY
  -------         ENDMOD        ?C?COPY

  -------         MODULE        ?C?CLDPTR
  C:0719H         PUBLIC        ?C?CLDPTR
  -------         ENDMOD        ?C?CLDPTR

  -------         MODULE        ?C?CLDOPTR
  C:0732H         PUBLIC        ?C?CLDOPTR
  -------         ENDMOD        ?C?CLDOPTR

  -------         MODULE        ?C?CSTPTR
BL51 BANKED LINKER/LOCATER V6.22.2.0                                                  09/11/2022  20:30:51  PAGE 48


  C:075FH         PUBLIC        ?C?CSTPTR
  -------         ENDMOD        ?C?CSTPTR

  -------         MODULE        ?C?IMUL
  C:0771H         PUBLIC        ?C?IMUL
  -------         ENDMOD        ?C?IMUL

  -------         MODULE        ?C?IILDX
  C:0783H         PUBLIC        ?C?IILDX
  -------         ENDMOD        ?C?IILDX

  -------         MODULE        ?C?ILDIX
  C:0799H         PUBLIC        ?C?ILDIX
  -------         ENDMOD        ?C?ILDIX

  -------         MODULE        ?C?ILDOPTR
  C:07AFH         PUBLIC        ?C?ILDOPTR
  -------         ENDMOD        ?C?ILDOPTR

  -------         MODULE        ?C?ULDIV
  C:0823H         PUBLIC        ?C?ULDIV
  -------         ENDMOD        ?C?ULDIV

  -------         MODULE        ?C?LNEG
  C:08B5H         PUBLIC        ?C?LNEG
  -------         ENDMOD        ?C?LNEG

  -------         MODULE        ?C?ULCMP
  C:08C3H         PUBLIC        ?C?ULCMP
  -------         ENDMOD        ?C?ULCMP

  -------         MODULE        ?C?ULSHR
  C:08D4H         PUBLIC        ?C?ULSHR
  -------         ENDMOD        ?C?ULSHR

  -------         MODULE        ?C?LLDPTR
  C:08E7H         PUBLIC        ?C?LLDPTR
  -------         ENDMOD        ?C?LLDPTR

  -------         MODULE        ?C?LLDOPTR
  C:0907H         PUBLIC        ?C?LLDOPTR
  -------         ENDMOD        ?C?LLDOPTR

  -------         MODULE        ?C?LSTPTR
  C:0937H         PUBLIC        ?C?LSTPTR
  -------         ENDMOD        ?C?LSTPTR

  -------         MODULE        ?C?LSTOPTR
  C:0951H         PUBLIC        ?C?LSTOPTR
  -------         ENDMOD        ?C?LSTOPTR

  -------         MODULE        ?C?LLDIDATA
  C:0975H         PUBLIC        ?C?LLDIDATA
  -------         ENDMOD        ?C?LLDIDATA

  -------         MODULE        ?C?LLDXDATA
  C:0981H         PUBLIC        ?C?LLDXDATA
BL51 BANKED LINKER/LOCATER V6.22.2.0                                                  09/11/2022  20:30:51  PAGE 49


  -------         ENDMOD        ?C?LLDXDATA

  -------         MODULE        ?C?LLDCODE
  C:098DH         PUBLIC        ?C?LLDCODE
  -------         ENDMOD        ?C?LLDCODE

  -------         MODULE        ?C?LLDIDATA0
  C:099DH         PUBLIC        ?C?LLDIDATA0
  -------         ENDMOD        ?C?LLDIDATA0

  -------         MODULE        ?C?LLDXDATA0
  C:09AAH         PUBLIC        ?C?LLDXDATA0
  -------         ENDMOD        ?C?LLDXDATA0

  -------         MODULE        ?C?LLDCODE0
  C:09B6H         PUBLIC        ?C?LLDCODE0
  -------         ENDMOD        ?C?LLDCODE0

  -------         MODULE        ?C?LLDOPTR0
  C:09C6H         PUBLIC        ?C?LLDOPTR0
  -------         ENDMOD        ?C?LLDOPTR0

  -------         MODULE        ?C?LSTIDATA
  C:09F6H         PUBLIC        ?C?LSTIDATA
  -------         ENDMOD        ?C?LSTIDATA

  -------         MODULE        ?C?LSTXDATA
  C:0A02H         PUBLIC        ?C?LSTXDATA
  -------         ENDMOD        ?C?LSTXDATA

  -------         MODULE        ?C?LSTKXDATA
  C:0A0EH         PUBLIC        ?C?LSTKXDATA
  -------         ENDMOD        ?C?LSTKXDATA

  -------         MODULE        ?C?PLDIXDATA
  C:0A3FH         PUBLIC        ?C?PLDIXDATA
  -------         ENDMOD        ?C?PLDIXDATA

  -------         MODULE        ?C?PSTXDATA
  C:0A56H         PUBLIC        ?C?PSTXDATA
  -------         ENDMOD        ?C?PSTXDATA

  -------         MODULE        ?C?CCASE
  C:0A5FH         PUBLIC        ?C?CCASE
  -------         ENDMOD        ?C?CCASE

  -------         MODULE        ?C?ICALL
  C:0A85H         PUBLIC        ?C?ICALL
  C:0A89H         PUBLIC        ?C?ICALL2
  -------         ENDMOD        ?C?ICALL

  -------         MODULE        ?C?LLDPDATA
  C:0A8BH         PUBLIC        ?C?LLDPDATA
  -------         ENDMOD        ?C?LLDPDATA

  -------         MODULE        ?C?LLDPDATA0
  C:0A97H         PUBLIC        ?C?LLDPDATA0
BL51 BANKED LINKER/LOCATER V6.22.2.0                                                  09/11/2022  20:30:51  PAGE 50


  -------         ENDMOD        ?C?LLDPDATA0

  -------         MODULE        ?C?LSTPDATA
  C:0AA4H         PUBLIC        ?C?LSTPDATA
  -------         ENDMOD        ?C?LSTPDATA

Program Size: data=147.2 xdata=385 code=16409
LINK/LOCATE RUN COMPLETE.  0 WARNING(S),  0 ERROR(S)
