BL51 BANKED LINKER/LOCATER V6.22.4.0                                                    03/24/2024  17:36:26  PAGE 1


BL51 BANKED LINKER/LOCATER V6.22.4.0, INVOKED BY:
D:\KEIL_V5\C51\BIN\BL51.EXE .\Objects\STARTUP.obj, .\Objects\delay.obj, .\Objects\main.obj, .\Objects\STC8A_GPIO.obj, .\
>> Objects\STC8A_Timer_Isr.obj, .\Objects\STC8A_Timer.obj, .\Objects\STC8A_NVIC.obj, .\Objects\servo_t0.obj, .\Objects\s
>> ervo_t1.obj, .\Objects\action.obj, .\Objects\action_def.obj, .\Objects\G01_S.obj, .\Objects\spi.obj, .\Objects\oled12
>> 864.obj, .\Objects\dtos.obj, .\Objects\communication_protocol.obj TO .\Objects\¶æ»ú¿ØÖÆ¼ÆÊ±Æ÷ PRINT (.\Listings\¶æ»ú¿
>> ØÖÆ¼ÆÊ±Æ÷.m51) RAMSIZE (256) DISABLEWARNING (16)


MEMORY MODEL: SMALL WITH FLOATING POINT ARITHMETIC


INPUT MODULES INCLUDED:
  .\Objects\STARTUP.obj (?C_STARTUP)
  .\Objects\delay.obj (DELAY)
  .\Objects\main.obj (MAIN)
  .\Objects\STC8A_GPIO.obj (STC8A_GPIO)
  .\Objects\STC8A_Timer_Isr.obj (STC8A_TIMER_ISR)
  .\Objects\STC8A_Timer.obj (STC8A_TIMER)
  .\Objects\STC8A_NVIC.obj (STC8A_NVIC)
  .\Objects\servo_t0.obj (SERVO_T0)
  .\Objects\servo_t1.obj (SERVO_T1)
  .\Objects\action.obj (ACTION)
  .\Objects\action_def.obj (ACTION_DEF)
  .\Objects\G01_S.obj (G01_S)
  .\Objects\spi.obj (SPI)
  .\Objects\oled12864.obj (OLED12864)
  .\Objects\dtos.obj (DTOS)
  .\Objects\communication_protocol.obj (COMMUNICATION_PROTOCOL)
  D:\KEIL_V5\C51\LIB\C51FPS.LIB (?C?FPADD)
  D:\KEIL_V5\C51\LIB\C51FPS.LIB (?C?FPMUL)
  D:\KEIL_V5\C51\LIB\C51FPS.LIB (?C?FPCMP)
  D:\KEIL_V5\C51\LIB\C51FPS.LIB (?C?FPNEG)
  D:\KEIL_V5\C51\LIB\C51FPS.LIB (?C?FCAST)
  D:\KEIL_V5\C51\LIB\C51FPS.LIB (?C?CASTF)
  D:\KEIL_V5\C51\LIB\C51FPS.LIB (?C?FPGETOPN)
  D:\KEIL_V5\C51\LIB\C51S.LIB (?C_INIT)
  D:\KEIL_V5\C51\LIB\C51S.LIB (?C?COPY)
  D:\KEIL_V5\C51\LIB\C51S.LIB (?C?CLDPTR)
  D:\KEIL_V5\C51\LIB\C51S.LIB (?C?CLDOPTR)
  D:\KEIL_V5\C51\LIB\C51S.LIB (?C?CSTPTR)
  D:\KEIL_V5\C51\LIB\C51S.LIB (?C?CSTOPTR)
  D:\KEIL_V5\C51\LIB\C51S.LIB (?C?IMUL)
  D:\KEIL_V5\C51\LIB\C51S.LIB (?C?UIDIV)
  D:\KEIL_V5\C51\LIB\C51S.LIB (?C?ILDIX)
  D:\KEIL_V5\C51\LIB\C51S.LIB (?C?ILDOPTR)
  D:\KEIL_V5\C51\LIB\C51S.LIB (?C?LNEG)


LINK MAP OF MODULE:  .\Objects\¶æ»ú¿ØÖÆ¼ÆÊ±Æ÷ (?C_STARTUP)


            TYPE    BASE      LENGTH    RELOCATION   SEGMENT NAME
            -----------------------------------------------------

            * * * * * * *   D A T A   M E M O R Y   * * * * * * *
            REG     0000H     0008H     ABSOLUTE     "REG BANK 0"
            DATA    0008H     0012H     UNIT         _DATA_GROUP_
            DATA    001AH     0006H     UNIT         ?DT?_OLED_SHOWHEXBUF8?OLED12864
BL51 BANKED LINKER/LOCATER V6.22.4.0                                                  03/24/2024  17:36:26  PAGE 2


            BIT     0020H.0   0000H.7   UNIT         _BIT_GROUP_
            BIT     0020H.7   0000H.1   UNIT         ?BI?_FLOATTOSS?DTOS
            DATA    0021H     000FH     UNIT         ?DT?_FLOATTOSS?DTOS
            DATA    0030H     0008H     UNIT         ?DT?_FLOATTOS?DTOS
            DATA    0038H     0007H     UNIT         ?DT?ACTION
            DATA    003FH     0007H     UNIT         ?DT?_UINTTOS?DTOS
            DATA    0046H     0006H     UNIT         ?DT?_INTTOS?DTOS
            DATA    004CH     0005H     UNIT         ?DT?_OLED_SHOWSTRING?OLED12864
            DATA    0051H     0004H     UNIT         ?DT?_NRF24L01_TXPACKET?G01_S
            DATA    0055H     0004H     UNIT         ?DT?_OLED_SHOWSTRING8?OLED12864
            DATA    0059H     0001H     UNIT         ?DT?_DELAY_PER_DEGREE?MAIN
            IDATA   005AH     0001H     UNIT         ?STACK

            * * * * * * *  X D A T A   M E M O R Y  * * * * * * *
            XDATA   0000H     0057H     UNIT         _XDATA_GROUP_
            XDATA   0057H     0021H     UNIT         ?XD?SERVO_T0
            XDATA   0078H     0021H     UNIT         ?XD?SERVO_T1
            XDATA   0099H     0011H     UNIT         ?XD?_UINTTOS?DTOS
            XDATA   00AAH     0004H     UNIT         ?XD?ACTION
            XDATA   00AEH     0004H     UNIT         ?XD?_FLOATTOSS?DTOS
            XDATA   00B2H     0003H     UNIT         ?XD?_NRF24L01_TXPACKET?G01_S
            XDATA   00B5H     0002H     UNIT         ?XD?_OLED_SHOWCHAR?OLED12864
            XDATA   00B7H     0002H     UNIT         ?XD?_OLED_SHOWCHAR8?OLED12864
            XDATA   00B9H     0002H     UNIT         ?XD?_INTTOS?DTOS
            XDATA   00BBH     0001H     UNIT         ?XD?_DELAY_PER_DEGREE?MAIN
            XDATA   00BCH     0001H     UNIT         ?XD?_OLED_SHOWSTRING?OLED12864
            XDATA   00BDH     0001H     UNIT         ?XD?_OLED_SHOWSTRING8?OLED12864
            XDATA   00BEH     0001H     UNIT         ?XD?_OLED_SHOWHEXBUF8?OLED12864

            * * * * * * *   C O D E   M E M O R Y   * * * * * * *
            CODE    0000H     0003H     ABSOLUTE     
            CODE    0003H     0006H     UNIT         ?CO?SERVO_T0
            CODE    0009H     0001H     UNIT         ?CO?COMMUNICATION_PROTOCOL
                    000AH     0001H                  *** GAP ***
            CODE    000BH     0003H     ABSOLUTE     
            CODE    000EH     000CH     UNIT         ?PR?_DELAY_MS?DELAY
                    001AH     0001H                  *** GAP ***
            CODE    001BH     0003H     ABSOLUTE     
            CODE    001EH     0045H     UNIT         ?PR?_NVIC_CMP_INIT?STC8A_NVIC
            CODE    0063H     0003H     ABSOLUTE     
            CODE    0066H     0034H     UNIT         ?C_INITSEG
                    009AH     0001H                  *** GAP ***
            CODE    009BH     0003H     ABSOLUTE     
            CODE    009EH     0003H     UNIT         ?PR?TIMER3_ISR_HANDLER?STC8A_TIMER_ISR
                    00A1H     0002H                  *** GAP ***
            CODE    00A3H     0003H     ABSOLUTE     
            CODE    00A6H     0C18H     UNIT         ?CO?OLED12864
            CODE    0CBEH     057AH     UNIT         ?C?LIB_CODE
            CODE    1238H     0254H     UNIT         ?PR?_GPIO_INILIZE?STC8A_GPIO
            CODE    148CH     0249H     UNIT         ?PR?_TIMER_INILIZE?STC8A_TIMER
            CODE    16D5H     023BH     UNIT         ?PR?MAIN?MAIN
            CODE    1910H     0221H     UNIT         ?PR?_FLOATTOSS?DTOS
            CODE    1B31H     0195H     UNIT         ?PR?ACTION_TIMER_CALLBACK?ACTION
            CODE    1CC6H     0188H     UNIT         ?CO?ACTION_DEF
            CODE    1E4EH     012CH     UNIT         ?PR?SERVO_T0_TIMER_CALLBACK?SERVO_T0
            CODE    1F7AH     012CH     UNIT         ?PR?SERVO_T1_TIMER_CALLBACK?SERVO_T1
            CODE    20A6H     011AH     UNIT         ?PR?_SERVO_T0_STEP_ONE?SERVO_T0
BL51 BANKED LINKER/LOCATER V6.22.4.0                                                  03/24/2024  17:36:26  PAGE 3


            CODE    21C0H     011AH     UNIT         ?PR?_SERVO_T1_STEP_ONE?SERVO_T1
            CODE    22DAH     00E2H     UNIT         ?PR?OLED_INIT?OLED12864
            CODE    23BCH     00D8H     UNIT         ?PR?_UINTTOS?DTOS
            CODE    2494H     009EH     UNIT         ?PR?_OLED_SHOWCHAR?OLED12864
            CODE    2532H     0097H     UNIT         ?PR?NRF24L01_CHECK?G01_S
            CODE    25C9H     008CH     UNIT         ?C_C51STARTUP
            CODE    2655H     0089H     UNIT         ?PR?_NRF24L01_TXPACKET?G01_S
            CODE    26DEH     007DH     UNIT         ?PR?_NRF24L01_RXPACKET?G01_S
            CODE    275BH     007CH     UNIT         ?PR?RF24L01_INIT?G01_S
            CODE    27D7H     005EH     UNIT         ?PR?_NVIC_PCA_INIT?STC8A_NVIC
            CODE    2835H     005BH     UNIT         ?PR?_SERVO_T0_SET_TARGET_DEGREE?SERVO_T0
            CODE    2890H     005BH     UNIT         ?PR?_SERVO_T1_SET_TARGET_DEGREE?SERVO_T1
            CODE    28EBH     0059H     UNIT         ?PR?_NVIC_I2C_INIT?STC8A_NVIC
            CODE    2944H     0058H     UNIT         ?PR?SERVO_GPIO_CONFIG?MAIN
            CODE    299CH     0054H     UNIT         ?PR?_OLED_SHOWHEXBUF8?OLED12864
            CODE    29F0H     0051H     UNIT         ?PR?_OLED_SHOWCHAR8?OLED12864
            CODE    2A41H     0046H     UNIT         ?PR?_OLED_SHOWSTRING?OLED12864
            CODE    2A87H     0043H     UNIT         ?PR?OLED_CLEAR?OLED12864
            CODE    2ACAH     0041H     UNIT         ?PR?_NVIC_UART3_INIT?STC8A_NVIC
            CODE    2B0BH     0041H     UNIT         ?PR?_SPI_READ_WRITE_BYTE?SPI
            CODE    2B4CH     0041H     UNIT         ?PR?_OLED_SHOWSTRING8?OLED12864
            CODE    2B8DH     003FH     UNIT         ?PR?_NVIC_UART4_INIT?STC8A_NVIC
            CODE    2BCCH     003EH     UNIT         ?PR?_NVIC_SPI_INIT?STC8A_NVIC
            CODE    2C0AH     003DH     UNIT         ?PR?_OLED_WR_BYTE?OLED12864
            CODE    2C47H     003CH     UNIT         ?PR?_NVIC_BMM_ADC_INIT?STC8A_NVIC
            CODE    2C83H     003CH     UNIT         ?PR?_NVIC_BMM_M2M_INIT?STC8A_NVIC
            CODE    2CBFH     003CH     UNIT         ?PR?_NVIC_BMM_SPI_INIT?STC8A_NVIC
            CODE    2CFBH     003CH     UNIT         ?PR?_NVIC_BMM_UART1_TX_INIT?STC8A_NVIC
            CODE    2D37H     003CH     UNIT         ?PR?_NVIC_BMM_UART1_RX_INIT?STC8A_NVIC
            CODE    2D73H     003CH     UNIT         ?PR?_NVIC_BMM_UART2_TX_INIT?STC8A_NVIC
            CODE    2DAFH     003CH     UNIT         ?PR?_NVIC_BMM_UART2_RX_INIT?STC8A_NVIC
            CODE    2DEBH     003CH     UNIT         ?PR?_NVIC_BMM_UART3_TX_INIT?STC8A_NVIC
            CODE    2E27H     003CH     UNIT         ?PR?_NVIC_BMM_UART3_RX_INIT?STC8A_NVIC
            CODE    2E63H     003CH     UNIT         ?PR?_NVIC_BMM_UART4_TX_INIT?STC8A_NVIC
            CODE    2E9FH     003CH     UNIT         ?PR?_NVIC_BMM_UART4_RX_INIT?STC8A_NVIC
            CODE    2EDBH     003CH     UNIT         ?PR?_NVIC_BMM_LCM_INIT?STC8A_NVIC
            CODE    2F17H     003CH     UNIT         ?PR?_NRF24L01_READ_BUF?G01_S
            CODE    2F53H     003BH     UNIT         ?PR?TIMER0_ISR_HANDLER?STC8A_TIMER_ISR
            CODE    2F8EH     003BH     UNIT         ?PR?TIMER1_ISR_HANDLER?STC8A_TIMER_ISR
            CODE    2FC9H     003BH     UNIT         ?PR?TIMER2_ISR_HANDLER?STC8A_TIMER_ISR
            CODE    3004H     003BH     UNIT         ?PR?_NRF24L01_WRITE_BUF?G01_S
            CODE    303FH     003AH     UNIT         ?PR?_NVIC_UART2_INIT?STC8A_NVIC
            CODE    3079H     003AH     UNIT         ?PR?_INTTOS?DTOS
            CODE    30B3H     0039H     UNIT         ?PR?_RESET_TIMER_T0?SERVO_T0
            CODE    30ECH     0039H     UNIT         ?PR?_RESET_TIMER_T1?SERVO_T1
            CODE    3125H     0038H     UNIT         ?PR?_NVIC_TIMER0_INIT?STC8A_NVIC
            CODE    315DH     0038H     UNIT         ?PR?_NVIC_TIMER1_INIT?STC8A_NVIC
            CODE    3195H     0038H     UNIT         ?PR?_NVIC_INT0_INIT?STC8A_NVIC
            CODE    31CDH     0038H     UNIT         ?PR?_NVIC_INT1_INIT?STC8A_NVIC
            CODE    3205H     0038H     UNIT         ?PR?_NVIC_ADC_INIT?STC8A_NVIC
            CODE    323DH     0038H     UNIT         ?PR?_NVIC_UART1_INIT?STC8A_NVIC
            CODE    3275H     0036H     UNIT         ?PR?COPY_TARGET_T0?SERVO_T0
            CODE    32ABH     0036H     UNIT         ?PR?COPY_TARGET_T1?SERVO_T1
            CODE    32E1H     0030H     UNIT         ?PR?_RF24L01_SET_MODE?G01_S
            CODE    3311H     002FH     UNIT         ?PR?_NVIC_LCM_INIT?STC8A_NVIC
            CODE    3340H     0029H     UNIT         ?PR?OLED_SHOWBOOTIMG?OLED12864
            CODE    3369H     0028H     UNIT         ?PR?OLED_GPIO_CONFIG?MAIN
BL51 BANKED LINKER/LOCATER V6.22.4.0                                                  03/24/2024  17:36:26  PAGE 4


            CODE    3391H     0028H     UNIT         ?PR?G01_S_GPIO_CONFIG?MAIN
            CODE    33B9H     0028H     UNIT         ?PR?_NRF24L01_CLEAR_IRQ_FLAG?G01_S
            CODE    33E1H     0025H     UNIT         ?PR?_NRF24L01_SET_RXADDR?G01_S
            CODE    3406H     0023H     UNIT         ?PR?TIMER_CONFIG_T1?SERVO_T1
            CODE    3429H     0022H     UNIT         ?PR?TIMER_CONFIG_T0?SERVO_T0
            CODE    344BH     0022H     UNIT         ?PR?ACTION_TIMER_INIT?ACTION
            CODE    346DH     0020H     UNIT         ?PR?_OLED_SET_POS?OLED12864
            CODE    348DH     001FH     UNIT         ?PR?SERVO_T0_INIT?SERVO_T0
            CODE    34ACH     001FH     UNIT         ?PR?SERVO_T1_INIT?SERVO_T1
            CODE    34CBH     001EH     UNIT         ?PR?DELAY1MS?DELAY
            CODE    34E9H     0019H     UNIT         ?PR?_DELAY_PER_DEGREE?MAIN
            CODE    3502H     0018H     UNIT         ?PR?INITING_DELAY?MAIN
            CODE    351AH     0017H     UNIT         ?PR?_NVIC_TIMER4_INIT?STC8A_NVIC
            CODE    3531H     0017H     UNIT         ?PR?_NVIC_INT4_INIT?STC8A_NVIC
            CODE    3548H     0017H     UNIT         ?PR?_CAL_DEGREE_T0?SERVO_T0
            CODE    355FH     0017H     UNIT         ?PR?_CAL_DEGREE_T1?SERVO_T1
            CODE    3576H     0016H     UNIT         ?PR?_NVIC_TIMER2_INIT?STC8A_NVIC
            CODE    358CH     0016H     UNIT         ?PR?_NVIC_TIMER3_INIT?STC8A_NVIC
            CODE    35A2H     0016H     UNIT         ?PR?_NVIC_INT3_INIT?STC8A_NVIC
            CODE    35B8H     0015H     UNIT         ?PR?_NVIC_INT2_INIT?STC8A_NVIC
            CODE    35CDH     0015H     UNIT         ?PR?_NRF24L01_SET_TXADDR?G01_S
            CODE    35E2H     0013H     UNIT         ?PR?_NRF24L01_WRITE_REG?G01_S
            CODE    35F5H     0013H     UNIT         ?PR?_BIT4TOHEX?OLED12864
            CODE    3608H     0012H     UNIT         ?PR?TO_INITIAL_POS?MAIN
            CODE    361AH     0012H     UNIT         ?PR?_NRF24L01_READ_REG?G01_S
            CODE    362CH     000FH     UNIT         ?PR?NRF24L01_READ_STATUS_REGISTER?G01_S
            CODE    363BH     000FH     UNIT         ?CO?G01_S
            CODE    364AH     0009H     UNIT         ?PR?NRF24L01_GPIO_INIT?G01_S
            CODE    3653H     0009H     UNIT         ?PR?_FLOATTOS?DTOS
            CODE    365CH     0006H     UNIT         ?CO?SERVO_T1
            CODE    3662H     0003H     UNIT         ?PR?TIMER4_ISR_HANDLER?STC8A_TIMER_ISR



OVERLAY MAP OF MODULE:   .\Objects\¶æ»ú¿ØÖÆ¼ÆÊ±Æ÷ (?C_STARTUP)


SEGMENT                                             BIT_GROUP          DATA_GROUP          XDATA_GROUP
  +--> CALLED SEGMENT                            START    LENGTH     START    LENGTH     START    LENGTH
--------------------------------------------------------------------------------------------------------
?C_C51STARTUP                                    -----    -----      -----    -----      -----    -----
  +--> ?PR?MAIN?MAIN
  +--> ?C_INITSEG

?PR?MAIN?MAIN                                    0020H.0  0000H.6    0008H    0001H      0000H    003CH
  +--> ?PR?SERVO_GPIO_CONFIG?MAIN
  +--> ?PR?SERVO_T0_INIT?SERVO_T0
  +--> ?PR?SERVO_T1_INIT?SERVO_T1
  +--> ?PR?OLED_GPIO_CONFIG?MAIN
  +--> ?PR?OLED_INIT?OLED12864
  +--> ?PR?G01_S_GPIO_CONFIG?MAIN
  +--> ?PR?TO_INITIAL_POS?MAIN
  +--> ?PR?INITING_DELAY?MAIN
  +--> ?PR?ACTION_TIMER_INIT?ACTION
  +--> ?PR?NRF24L01_CHECK?G01_S
  +--> ?PR?RF24L01_INIT?G01_S
  +--> ?PR?_RF24L01_SET_MODE?G01_S
BL51 BANKED LINKER/LOCATER V6.22.4.0                                                  03/24/2024  17:36:26  PAGE 5


  +--> ?PR?OLED_SHOWBOOTIMG?OLED12864
  +--> ?PR?_NRF24L01_RXPACKET?G01_S

?PR?SERVO_GPIO_CONFIG?MAIN                       -----    -----      -----    -----      003CH    0002H
  +--> ?PR?_GPIO_INILIZE?STC8A_GPIO

?PR?SERVO_T0_INIT?SERVO_T0                       -----    -----      -----    -----      003CH    0006H
  +--> ?CO?SERVO_T0
  +--> ?PR?TIMER_CONFIG_T0?SERVO_T0
  +--> ?PR?_SERVO_T0_SET_TARGET_DEGREE?SERVO_T0

?PR?TIMER_CONFIG_T0?SERVO_T0                     -----    -----      0009H    0006H      -----    -----
  +--> ?PR?_TIMER_INILIZE?STC8A_TIMER
  +--> ?PR?_NVIC_TIMER0_INIT?STC8A_NVIC

?PR?_SERVO_T0_SET_TARGET_DEGREE?SERVO_T0         -----    -----      0009H    0003H      0042H    0001H
  +--> ?PR?_CAL_DEGREE_T0?SERVO_T0

?PR?SERVO_T1_INIT?SERVO_T1                       -----    -----      -----    -----      003CH    0006H
  +--> ?CO?SERVO_T1
  +--> ?PR?TIMER_CONFIG_T1?SERVO_T1
  +--> ?PR?_SERVO_T1_SET_TARGET_DEGREE?SERVO_T1

?PR?TIMER_CONFIG_T1?SERVO_T1                     -----    -----      0009H    0006H      -----    -----
  +--> ?PR?_TIMER_INILIZE?STC8A_TIMER
  +--> ?PR?_NVIC_TIMER1_INIT?STC8A_NVIC

?PR?_SERVO_T1_SET_TARGET_DEGREE?SERVO_T1         -----    -----      0009H    0003H      0042H    0001H
  +--> ?PR?_CAL_DEGREE_T1?SERVO_T1

?PR?OLED_GPIO_CONFIG?MAIN                        -----    -----      -----    -----      003CH    0002H
  +--> ?PR?_GPIO_INILIZE?STC8A_GPIO

?PR?OLED_INIT?OLED12864                          -----    -----      -----    -----      -----    -----
  +--> ?PR?_DELAY_MS?DELAY
  +--> ?PR?_OLED_WR_BYTE?OLED12864
  +--> ?PR?OLED_CLEAR?OLED12864
  +--> ?PR?_OLED_SET_POS?OLED12864

?PR?_DELAY_MS?DELAY                              -----    -----      -----    -----      -----    -----
  +--> ?PR?DELAY1MS?DELAY

?PR?DELAY1MS?DELAY                               -----    -----      -----    -----      0048H    0002H

?PR?_OLED_WR_BYTE?OLED12864                      -----    -----      -----    -----      003EH    0001H

?PR?OLED_CLEAR?OLED12864                         -----    -----      -----    -----      003CH    0002H
  +--> ?PR?_OLED_WR_BYTE?OLED12864

?PR?_OLED_SET_POS?OLED12864                      -----    -----      -----    -----      -----    -----
  +--> ?PR?_OLED_WR_BYTE?OLED12864

?PR?G01_S_GPIO_CONFIG?MAIN                       -----    -----      -----    -----      003CH    0002H
  +--> ?PR?_GPIO_INILIZE?STC8A_GPIO
  +--> ?PR?NRF24L01_GPIO_INIT?G01_S

?PR?TO_INITIAL_POS?MAIN                          -----    -----      -----    -----      -----    -----
BL51 BANKED LINKER/LOCATER V6.22.4.0                                                  03/24/2024  17:36:26  PAGE 6


  +--> ?CO?ACTION_DEF
  +--> ?PR?_SERVO_T0_SET_TARGET_DEGREE?SERVO_T0
  +--> ?PR?_SERVO_T1_SET_TARGET_DEGREE?SERVO_T1

?PR?INITING_DELAY?MAIN                           -----    -----      -----    -----      003CH    0001H
  +--> ?PR?_DELAY_MS?DELAY

?PR?ACTION_TIMER_INIT?ACTION                     -----    -----      0009H    0006H      -----    -----
  +--> ?PR?_TIMER_INILIZE?STC8A_TIMER
  +--> ?PR?_NVIC_TIMER2_INIT?STC8A_NVIC

?PR?NRF24L01_CHECK?G01_S                         0020H.6  0000H.1    -----    -----      003CH    000CH
  +--> ?CO?G01_S
  +--> ?PR?_NRF24L01_WRITE_BUF?G01_S
  +--> ?PR?_NRF24L01_READ_BUF?G01_S
  +--> ?PR?_DELAY_MS?DELAY

?PR?_NRF24L01_WRITE_BUF?G01_S                    -----    -----      0011H    0005H      0048H    0001H
  +--> ?PR?_SPI_READ_WRITE_BYTE?SPI

?PR?_SPI_READ_WRITE_BYTE?SPI                     -----    -----      -----    -----      0049H    0002H

?PR?_NRF24L01_READ_BUF?G01_S                     -----    -----      000CH    0005H      0048H    0001H
  +--> ?PR?_SPI_READ_WRITE_BYTE?SPI

?PR?RF24L01_INIT?G01_S                           -----    -----      -----    -----      003FH    0005H
  +--> ?CO?G01_S
  +--> ?PR?_NRF24L01_CLEAR_IRQ_FLAG?G01_S
  +--> ?PR?_NRF24L01_WRITE_REG?G01_S
  +--> ?PR?_NRF24L01_READ_REG?G01_S
  +--> ?PR?_NRF24L01_SET_TXADDR?G01_S
  +--> ?PR?_NRF24L01_SET_RXADDR?G01_S

?PR?_NRF24L01_CLEAR_IRQ_FLAG?G01_S               -----    -----      000CH    0001H      0044H    0001H
  +--> ?PR?NRF24L01_READ_STATUS_REGISTER?G01_S
  +--> ?PR?_SPI_READ_WRITE_BYTE?SPI

?PR?NRF24L01_READ_STATUS_REGISTER?G01_S          -----    -----      -----    -----      0045H    0001H
  +--> ?PR?_SPI_READ_WRITE_BYTE?SPI

?PR?_NRF24L01_WRITE_REG?G01_S                    -----    -----      000DH    0001H      -----    -----
  +--> ?PR?_SPI_READ_WRITE_BYTE?SPI

?PR?_NRF24L01_READ_REG?G01_S                     -----    -----      -----    -----      0044H    0001H
  +--> ?PR?_SPI_READ_WRITE_BYTE?SPI

?PR?_NRF24L01_SET_TXADDR?G01_S                   -----    -----      -----    -----      -----    -----
  +--> ?PR?_NRF24L01_WRITE_BUF?G01_S

?PR?_NRF24L01_SET_RXADDR?G01_S                   -----    -----      000CH    0005H      -----    -----
  +--> ?PR?_NRF24L01_WRITE_BUF?G01_S

?PR?_RF24L01_SET_MODE?G01_S                      -----    -----      000CH    0001H      003FH    0001H
  +--> ?PR?_NRF24L01_READ_REG?G01_S
  +--> ?PR?_NRF24L01_WRITE_REG?G01_S

?PR?OLED_SHOWBOOTIMG?OLED12864                   -----    -----      -----    -----      -----    -----
BL51 BANKED LINKER/LOCATER V6.22.4.0                                                  03/24/2024  17:36:26  PAGE 7


  +--> ?PR?_OLED_SET_POS?OLED12864
  +--> ?CO?OLED12864
  +--> ?PR?_OLED_WR_BYTE?OLED12864

?PR?_NRF24L01_RXPACKET?G01_S                     -----    -----      0009H    0003H      003CH    0003H
  +--> ?PR?_SPI_READ_WRITE_BYTE?SPI
  +--> ?PR?_DELAY_MS?DELAY
  +--> ?PR?NRF24L01_GPIO_INIT?G01_S
  +--> ?PR?RF24L01_INIT?G01_S
  +--> ?PR?_RF24L01_SET_MODE?G01_S
  +--> ?PR?_NRF24L01_READ_REG?G01_S
  +--> ?PR?_NRF24L01_WRITE_REG?G01_S
  +--> ?PR?_NRF24L01_READ_BUF?G01_S

?C_INITSEG                                       -----    -----      -----    -----      -----    -----
  +--> ?CO?ACTION_DEF

*** NEW ROOT ***************************************************

?PR?TIMER0_ISR_HANDLER?STC8A_TIMER_ISR           -----    -----      -----    -----      -----    -----
  +--> ?PR?SERVO_T0_TIMER_CALLBACK?SERVO_T0

?PR?SERVO_T0_TIMER_CALLBACK?SERVO_T0             -----    -----      -----    -----      004BH    0002H
  +--> ?PR?_RESET_TIMER_T0?SERVO_T0
  +--> ?PR?COPY_TARGET_T0?SERVO_T0

?PR?_RESET_TIMER_T0?SERVO_T0                     -----    -----      -----    -----      004DH    0002H

?PR?COPY_TARGET_T0?SERVO_T0                      -----    -----      -----    -----      004DH    0001H

*** NEW ROOT ***************************************************

?PR?TIMER1_ISR_HANDLER?STC8A_TIMER_ISR           -----    -----      -----    -----      -----    -----
  +--> ?PR?SERVO_T1_TIMER_CALLBACK?SERVO_T1

?PR?SERVO_T1_TIMER_CALLBACK?SERVO_T1             -----    -----      -----    -----      004FH    0002H
  +--> ?PR?_RESET_TIMER_T1?SERVO_T1
  +--> ?PR?COPY_TARGET_T1?SERVO_T1

?PR?_RESET_TIMER_T1?SERVO_T1                     -----    -----      -----    -----      0051H    0002H

?PR?COPY_TARGET_T1?SERVO_T1                      -----    -----      -----    -----      0051H    0001H

*** NEW ROOT ***************************************************

?PR?TIMER2_ISR_HANDLER?STC8A_TIMER_ISR           -----    -----      -----    -----      -----    -----
  +--> ?PR?ACTION_TIMER_CALLBACK?ACTION

?PR?ACTION_TIMER_CALLBACK?ACTION                 -----    -----      -----    -----      0053H    0002H
  +--> ?CO?ACTION_DEF
  +--> ?PR?_SERVO_T0_STEP_ONE?SERVO_T0
  +--> ?PR?_SERVO_T1_STEP_ONE?SERVO_T1

?PR?_SERVO_T0_STEP_ONE?SERVO_T0                  -----    -----      0016H    0004H      0055H    0002H
  +--> ?PR?_CAL_DEGREE_T0?SERVO_T0

?PR?_SERVO_T1_STEP_ONE?SERVO_T1                  -----    -----      0016H    0004H      0055H    0002H
BL51 BANKED LINKER/LOCATER V6.22.4.0                                                  03/24/2024  17:36:26  PAGE 8


  +--> ?PR?_CAL_DEGREE_T1?SERVO_T1



SYMBOL TABLE OF MODULE:  .\Objects\¶æ»ú¿ØÖÆ¼ÆÊ±Æ÷ (?C_STARTUP)

  VALUE           TYPE          NAME
  ----------------------------------

  -------         MODULE        ?C_STARTUP
  C:25C9H         SEGMENT       ?C_C51STARTUP
  I:005AH         SEGMENT       ?STACK
  C:0000H         PUBLIC        ?C_STARTUP
  D:00E0H         SYMBOL        ACC
  D:00F0H         SYMBOL        B
  D:0083H         SYMBOL        DPH
  D:0082H         SYMBOL        DPL
  N:0000H         SYMBOL        IBPSTACK
  N:0100H         SYMBOL        IBPSTACKTOP
  N:0080H         SYMBOL        IDATALEN
  C:25CCH         SYMBOL        IDATALOOP
  N:0000H         SYMBOL        PBPSTACK
  N:0100H         SYMBOL        PBPSTACKTOP
  N:0000H         SYMBOL        PDATALEN
  N:0000H         SYMBOL        PDATASTART
  N:0000H         SYMBOL        PPAGE
  N:0000H         SYMBOL        PPAGEENABLE
  D:00A0H         SYMBOL        PPAGE_SFR
  D:0081H         SYMBOL        SP
  C:25C9H         SYMBOL        STARTUP1
  N:0000H         SYMBOL        XBPSTACK
  N:0000H         SYMBOL        XBPSTACKTOP
  N:0000H         SYMBOL        XDATALEN
  N:0000H         SYMBOL        XDATASTART
  C:0000H         LINE#         126
  C:25C9H         LINE#         133
  C:25CBH         LINE#         134
  C:25CCH         LINE#         135
  C:25CDH         LINE#         136
  C:25CFH         LINE#         185
  C:25D2H         LINE#         196
  -------         ENDMOD        ?C_STARTUP

  -------         MODULE        DELAY
  C:0000H         SYMBOL        _ICE_DUMMY_
  D:0080H         PUBLIC        P0
  D:0090H         PUBLIC        P1
  D:00A0H         PUBLIC        P2
  D:00B0H         PUBLIC        P3
  D:00C0H         PUBLIC        P4
  C:34CBH         PUBLIC        Delay1ms
  D:00C8H         PUBLIC        P5
  D:00E8H         PUBLIC        P6
  D:00F8H         PUBLIC        P7
  D:00A8H         PUBLIC        IE
  D:00B8H         PUBLIC        IP
  D:00D8H         PUBLIC        CCON
BL51 BANKED LINKER/LOCATER V6.22.4.0                                                  03/24/2024  17:36:26  PAGE 9


  D:0098H         PUBLIC        SCON
  D:0088H         PUBLIC        TCON
  D:00F0H         PUBLIC        B
  D:00E0H         PUBLIC        ACC
  C:000EH         PUBLIC        _delay_ms
  D:00D0H         PUBLIC        PSW
  -------         PROC          DELAY1MS
  -------         DO            
  X:0048H         SYMBOL        i
  X:0049H         SYMBOL        j
  -------         ENDDO         
  C:34CBH         LINE#         3
  C:34CBH         LINE#         5
  C:34CCH         LINE#         6
  C:34CDH         LINE#         7
  C:34CEH         LINE#         8
  C:34D4H         LINE#         9
  C:34D8H         LINE#         10
  C:34D8H         LINE#         11
  C:34E0H         LINE#         12
  C:34E8H         LINE#         13
  -------         ENDPROC       DELAY1MS
  -------         PROC          _DELAY_MS
  D:0007H         SYMBOL        ms
  C:000EH         LINE#         15
  C:000EH         LINE#         16
  C:0014H         LINE#         17
  C:0017H         LINE#         18
  C:0019H         LINE#         19
  -------         ENDPROC       _DELAY_MS
  -------         ENDMOD        DELAY

  -------         MODULE        MAIN
  C:0000H         SYMBOL        _ICE_DUMMY_
  D:0080H         PUBLIC        P0
  D:0090H         PUBLIC        P1
  D:00A0H         PUBLIC        P2
  D:00B0H         PUBLIC        P3
  D:00C0H         PUBLIC        P4
  D:00C8H         PUBLIC        P5
  D:00E8H         PUBLIC        P6
  D:00F8H         PUBLIC        P7
  C:34E9H         PUBLIC        _delay_per_degree
  D:00A8H         PUBLIC        IE
  D:00B8H         PUBLIC        IP
  D:00D8H         PUBLIC        CCON
  C:16D5H         PUBLIC        main
  D:0098H         PUBLIC        SCON
  D:0088H         PUBLIC        TCON
  D:00F0H         PUBLIC        B
  C:3391H         PUBLIC        G01_S_GPIO_config
  D:00E0H         PUBLIC        ACC
  C:2944H         PUBLIC        SERVO_GPIO_Config
  C:3608H         PUBLIC        to_initial_pos
  C:3502H         PUBLIC        initing_delay
  C:3369H         PUBLIC        OLED_GPIO_Config
  D:00D0H         PUBLIC        PSW
BL51 BANKED LINKER/LOCATER V6.22.4.0                                                  03/24/2024  17:36:26  PAGE 10


  -------         PROC          OLED_GPIO_CONFIG
  -------         DO            
  X:003CH         SYMBOL        conf
  -------         ENDDO         
  C:3369H         LINE#         22
  C:3369H         LINE#         24
  C:336FH         LINE#         25
  C:3372H         LINE#         26
  C:337CH         LINE#         28
  C:3382H         LINE#         29
  C:3386H         LINE#         30
  -------         ENDPROC       OLED_GPIO_CONFIG
  -------         PROC          G01_S_GPIO_CONFIG
  -------         DO            
  X:003CH         SYMBOL        conf
  -------         ENDDO         
  C:3391H         LINE#         33
  C:3391H         LINE#         35
  C:3396H         LINE#         36
  C:339AH         LINE#         37
  C:33A5H         LINE#         39
  C:33ABH         LINE#         40
  C:33B6H         LINE#         42
  -------         ENDPROC       G01_S_GPIO_CONFIG
  -------         PROC          SERVO_GPIO_CONFIG
  -------         DO            
  X:003CH         SYMBOL        conf
  -------         ENDDO         
  C:2944H         LINE#         45
  C:2944H         LINE#         47
  C:2949H         LINE#         48
  C:294DH         LINE#         49
  C:2958H         LINE#         51
  C:295EH         LINE#         52
  C:2969H         LINE#         54
  C:296FH         LINE#         55
  C:297AH         LINE#         57
  C:2980H         LINE#         58
  C:298BH         LINE#         60
  C:2991H         LINE#         61
  -------         ENDPROC       SERVO_GPIO_CONFIG
  -------         PROC          INITING_DELAY
  -------         DO            
  X:003CH         SYMBOL        i
  -------         ENDDO         
  C:3502H         LINE#         64
  C:3502H         LINE#         65
  C:3507H         LINE#         66
  C:3508H         LINE#         67
  C:350DH         LINE#         68
  C:3519H         LINE#         69
  -------         ENDPROC       INITING_DELAY
  -------         PROC          _DELAY_PER_DEGREE
  D:0059H         SYMBOL        dms
  -------         DO            
  X:00BBH         SYMBOL        i
  -------         ENDDO         
BL51 BANKED LINKER/LOCATER V6.22.4.0                                                  03/24/2024  17:36:26  PAGE 11


  C:34E9H         LINE#         71
  C:34EBH         LINE#         73
  C:34F0H         LINE#         75
  C:34F5H         LINE#         76
  C:3501H         LINE#         77
  -------         ENDPROC       _DELAY_PER_DEGREE
  -------         PROC          TO_INITIAL_POS
  C:3608H         LINE#         79
  C:3608H         LINE#         80
  C:3611H         LINE#         81
  -------         ENDPROC       TO_INITIAL_POS
  -------         PROC          MAIN
  -------         DO            
  B:0020H.0       SYMBOL        exist
  -------         DO            
  X:0003H         SYMBOL        forwardV
  X:0004H         SYMBOL        backwardV
  B:0020H.1       SYMBOL        turnLeft
  B:0020H.2       SYMBOL        turnRight
  B:0020H.3       SYMBOL        actDance
  B:0020H.4       SYMBOL        actRock
  B:0020H.5       SYMBOL        actWangtian
  X:0005H         SYMBOL        rx
  X:0006H         SYMBOL        g_rece
  -------         DO            
  X:0002H         SYMBOL        i
  -------         DO            
  D:0008H         SYMBOL        cmd
  X:0000H         SYMBOL        v
  -------         ENDDO         
  -------         ENDDO         
  -------         ENDDO         
  -------         ENDDO         
  C:16D5H         LINE#         85
  C:16D5H         LINE#         87
  C:16D8H         LINE#         88
  C:16DBH         LINE#         89
  C:16DEH         LINE#         90
  C:16E1H         LINE#         91
  C:16E4H         LINE#         92
  C:16E7H         LINE#         94
  C:16EAH         LINE#         95
  C:16EDH         LINE#         96
  C:16F0H         LINE#         98
  C:16F5H         LINE#         100
  C:16F8H         LINE#         101
  C:16FDH         LINE#         104
  C:1702H         LINE#         105
  C:1707H         LINE#         107
  C:170AH         LINE#         109
  C:170AH         LINE#         110
  C:170FH         LINE#         111
  C:1711H         LINE#         112
  C:1713H         LINE#         113
  C:1715H         LINE#         114
  C:1717H         LINE#         115
  C:1719H         LINE#         116
BL51 BANKED LINKER/LOCATER V6.22.4.0                                                  03/24/2024  17:36:26  PAGE 12


  C:171BH         LINE#         120
  C:1729H         LINE#         122
  C:1731H         LINE#         124
  C:1747H         LINE#         125
  C:1754H         LINE#         126
  C:1768H         LINE#         127
  C:176CH         LINE#         128
  C:1796H         LINE#         129
  C:1796H         LINE#         130
  C:184CH         LINE#         131
  C:184EH         LINE#         132
  C:184EH         LINE#         133
  C:185CH         LINE#         134
  C:185EH         LINE#         135
  C:185EH         LINE#         136
  C:186CH         LINE#         137
  C:186EH         LINE#         138
  C:186EH         LINE#         139
  C:187CH         LINE#         140
  C:187EH         LINE#         141
  C:187EH         LINE#         142
  C:188CH         LINE#         143
  C:188EH         LINE#         144
  C:188EH         LINE#         145
  C:189CH         LINE#         146
  C:189CH         LINE#         147
  C:189CH         LINE#         148
  C:18A5H         LINE#         149
  C:18A5H         LINE#         151
  C:18ACH         LINE#         152
  C:18B1H         LINE#         153
  C:18B1H         LINE#         154
  C:18BAH         LINE#         155
  C:18C0H         LINE#         156
  C:18C5H         LINE#         157
  C:18CBH         LINE#         158
  C:18D1H         LINE#         159
  C:18D7H         LINE#         160
  C:18DDH         LINE#         161
  C:18E3H         LINE#         162
  C:18E9H         LINE#         163
  C:18EFH         LINE#         164
  C:18F5H         LINE#         165
  C:18FBH         LINE#         166
  C:1901H         LINE#         167
  C:1904H         LINE#         168
  C:1909H         LINE#         169
  C:190DH         LINE#         170
  C:190DH         LINE#         171
  -------         ENDPROC       MAIN
  -------         ENDMOD        MAIN

  -------         MODULE        STC8A_GPIO
  C:0000H         SYMBOL        _ICE_DUMMY_
  D:0093H         PUBLIC        P0M1
  D:0092H         PUBLIC        P1M0
  D:0096H         PUBLIC        P2M0
BL51 BANKED LINKER/LOCATER V6.22.4.0                                                  03/24/2024  17:36:26  PAGE 13


  D:0091H         PUBLIC        P1M1
  D:0080H         PUBLIC        P0
  D:00B2H         PUBLIC        P3M0
  D:0095H         PUBLIC        P2M1
  D:0090H         PUBLIC        P1
  D:00B4H         PUBLIC        P4M0
  D:00B1H         PUBLIC        P3M1
  D:00A0H         PUBLIC        P2
  D:00CAH         PUBLIC        P5M0
  D:00B3H         PUBLIC        P4M1
  D:00B0H         PUBLIC        P3
  D:00CCH         PUBLIC        P6M0
  D:00C9H         PUBLIC        P5M1
  D:00C0H         PUBLIC        P4
  D:00E2H         PUBLIC        P7M0
  D:00CBH         PUBLIC        P6M1
  D:00C8H         PUBLIC        P5
  D:00E8H         PUBLIC        P6
  D:00E1H         PUBLIC        P7M1
  D:00F8H         PUBLIC        P7
  D:00A8H         PUBLIC        IE
  D:00B8H         PUBLIC        IP
  D:00D8H         PUBLIC        CCON
  D:0098H         PUBLIC        SCON
  D:0088H         PUBLIC        TCON
  D:00F0H         PUBLIC        B
  D:00E0H         PUBLIC        ACC
  C:1238H         PUBLIC        _GPIO_Inilize
  D:00D0H         PUBLIC        PSW
  D:0094H         PUBLIC        P0M0
  -------         PROC          _GPIO_INILIZE
  D:0007H         SYMBOL        GPIO
  D:0001H         SYMBOL        GPIOx
  C:1238H         LINE#         22
  C:1238H         LINE#         23
  C:1238H         LINE#         24
  C:1241H         LINE#         25
  C:124DH         LINE#         26
  C:1250H         LINE#         27
  C:1250H         LINE#         28
  C:125EH         LINE#         29
  C:126FH         LINE#         30
  C:1280H         LINE#         31
  C:1291H         LINE#         32
  C:1291H         LINE#         33
  C:1296H         LINE#         34
  C:1296H         LINE#         35
  C:12A7H         LINE#         36
  C:12B6H         LINE#         37
  C:12C6H         LINE#         38
  C:12D9H         LINE#         39
  C:12D9H         LINE#         40
  C:12DEH         LINE#         41
  C:12DEH         LINE#         42
  C:12EFH         LINE#         43
  C:12FEH         LINE#         44
  C:130EH         LINE#         45
BL51 BANKED LINKER/LOCATER V6.22.4.0                                                  03/24/2024  17:36:26  PAGE 14


  C:1321H         LINE#         46
  C:1321H         LINE#         47
  C:1326H         LINE#         48
  C:1326H         LINE#         49
  C:1337H         LINE#         50
  C:1346H         LINE#         51
  C:1356H         LINE#         52
  C:1369H         LINE#         53
  C:1369H         LINE#         54
  C:136EH         LINE#         55
  C:136EH         LINE#         56
  C:137FH         LINE#         57
  C:138EH         LINE#         58
  C:139EH         LINE#         59
  C:13B1H         LINE#         60
  C:13B1H         LINE#         61
  C:13B6H         LINE#         62
  C:13B6H         LINE#         63
  C:13C7H         LINE#         64
  C:13D6H         LINE#         65
  C:13E6H         LINE#         66
  C:13F9H         LINE#         67
  C:13F9H         LINE#         68
  C:13FEH         LINE#         69
  C:13FEH         LINE#         70
  C:140FH         LINE#         71
  C:141EH         LINE#         72
  C:142EH         LINE#         73
  C:1441H         LINE#         74
  C:1441H         LINE#         75
  C:1446H         LINE#         76
  C:1446H         LINE#         77
  C:1457H         LINE#         78
  C:1466H         LINE#         79
  C:1476H         LINE#         80
  C:1489H         LINE#         81
  C:1489H         LINE#         82
  C:148BH         LINE#         83
  -------         ENDPROC       _GPIO_INILIZE
  -------         ENDMOD        STC8A_GPIO

  -------         MODULE        STC8A_TIMER_ISR
  C:0000H         SYMBOL        _ICE_DUMMY_
  D:0080H         PUBLIC        P0
  D:0090H         PUBLIC        P1
  D:00A0H         PUBLIC        P2
  D:00B0H         PUBLIC        P3
  D:00C0H         PUBLIC        P4
  D:00C8H         PUBLIC        P5
  D:00E8H         PUBLIC        P6
  D:00F8H         PUBLIC        P7
  D:00A8H         PUBLIC        IE
  D:00B8H         PUBLIC        IP
  D:00D8H         PUBLIC        CCON
  C:2F53H         PUBLIC        Timer0_ISR_Handler
  C:2F8EH         PUBLIC        Timer1_ISR_Handler
  C:2FC9H         PUBLIC        Timer2_ISR_Handler
BL51 BANKED LINKER/LOCATER V6.22.4.0                                                  03/24/2024  17:36:26  PAGE 15


  C:009EH         PUBLIC        Timer3_ISR_Handler
  C:3662H         PUBLIC        Timer4_ISR_Handler
  D:0098H         PUBLIC        SCON
  D:0088H         PUBLIC        TCON
  B:00E8H.3       PUBLIC        P63
  B:00E8H.4       PUBLIC        P64
  D:00F0H         PUBLIC        B
  D:00E0H         PUBLIC        ACC
  D:00D0H         PUBLIC        PSW
  -------         PROC          TIMER0_ISR_HANDLER
  C:2F53H         LINE#         25
  C:2F70H         LINE#         27
  C:2F73H         LINE#         28
  -------         ENDPROC       TIMER0_ISR_HANDLER
  -------         PROC          TIMER1_ISR_HANDLER
  C:2F8EH         LINE#         37
  C:2FABH         LINE#         39
  C:2FAEH         LINE#         40
  -------         ENDPROC       TIMER1_ISR_HANDLER
  -------         PROC          TIMER2_ISR_HANDLER
  C:2FC9H         LINE#         49
  C:2FE6H         LINE#         51
  C:2FE9H         LINE#         52
  -------         ENDPROC       TIMER2_ISR_HANDLER
  -------         PROC          TIMER3_ISR_HANDLER
  C:009EH         LINE#         61
  C:009EH         LINE#         64
  C:00A0H         LINE#         65
  -------         ENDPROC       TIMER3_ISR_HANDLER
  -------         PROC          TIMER4_ISR_HANDLER
  C:3662H         LINE#         74
  C:3662H         LINE#         77
  C:3664H         LINE#         78
  -------         ENDPROC       TIMER4_ISR_HANDLER
  -------         ENDMOD        STC8A_TIMER_ISR

  -------         MODULE        STC8A_TIMER
  C:0000H         SYMBOL        _ICE_DUMMY_
  D:0080H         PUBLIC        P0
  D:0090H         PUBLIC        P1
  D:00A0H         PUBLIC        P2
  D:00B0H         PUBLIC        P3
  D:00C0H         PUBLIC        P4
  D:00C8H         PUBLIC        P5
  D:00E8H         PUBLIC        P6
  D:00F8H         PUBLIC        P7
  D:00A8H         PUBLIC        IE
  D:00B8H         PUBLIC        IP
  D:00D8H         PUBLIC        CCON
  D:0098H         PUBLIC        SCON
  D:0089H         PUBLIC        TMOD
  D:0088H         PUBLIC        TCON
  C:148CH         PUBLIC        _Timer_Inilize
  D:00F0H         PUBLIC        B
  D:008EH         PUBLIC        AUXR
  D:00E0H         PUBLIC        ACC
  D:008CH         PUBLIC        TH0
BL51 BANKED LINKER/LOCATER V6.22.4.0                                                  03/24/2024  17:36:26  PAGE 16


  D:008DH         PUBLIC        TH1
  D:00D6H         PUBLIC        TH2
  D:00D4H         PUBLIC        TH3
  D:00D2H         PUBLIC        TH4
  D:008AH         PUBLIC        TL0
  D:008BH         PUBLIC        TL1
  D:00D7H         PUBLIC        TL2
  D:00D5H         PUBLIC        TL3
  D:00D3H         PUBLIC        TL4
  B:0088H.4       PUBLIC        TR0
  B:0088H.6       PUBLIC        TR1
  D:00D1H         PUBLIC        T4T3M
  D:008FH         PUBLIC        INT_CLKO
  D:00D0H         PUBLIC        PSW
  -------         PROC          _TIMER_INILIZE
  D:0005H         SYMBOL        TIM
  D:0001H         SYMBOL        TIMx
  C:148CH         LINE#         22
  C:148EH         LINE#         23
  C:148EH         LINE#         24
  C:1491H         LINE#         25
  C:1491H         LINE#         26
  C:1493H         LINE#         27
  C:149FH         LINE#         28
  C:14A6H         LINE#         29
  C:14B5H         LINE#         30
  C:14D9H         LINE#         31
  C:14E7H         LINE#         32
  C:14F9H         LINE#         33
  C:1507H         LINE#         34
  C:150AH         LINE#         35
  C:150AH         LINE#         37
  C:1512H         LINE#         38
  C:1512H         LINE#         39
  C:1514H         LINE#         40
  C:1520H         LINE#         41
  C:152CH         LINE#         42
  C:153BH         LINE#         43
  C:155FH         LINE#         44
  C:156FH         LINE#         45
  C:1581H         LINE#         46
  C:158FH         LINE#         47
  C:1592H         LINE#         48
  C:1592H         LINE#         50
  C:1597H         LINE#         51
  C:1597H         LINE#         52
  C:159AH         LINE#         53
  C:15BAH         LINE#         54
  C:15CCH         LINE#         56
  C:15DEH         LINE#         57
  C:15EFH         LINE#         58
  C:15F2H         LINE#         59
  C:15F2H         LINE#         61
  C:15F7H         LINE#         62
  C:15F7H         LINE#         63
  C:15FAH         LINE#         64
  C:1609H         LINE#         65
BL51 BANKED LINKER/LOCATER V6.22.4.0                                                  03/24/2024  17:36:26  PAGE 17


  C:162DH         LINE#         66
  C:163BH         LINE#         68
  C:164DH         LINE#         69
  C:165DH         LINE#         70
  C:165FH         LINE#         71
  C:165FH         LINE#         73
  C:1664H         LINE#         74
  C:1664H         LINE#         75
  C:1667H         LINE#         76
  C:1676H         LINE#         77
  C:169AH         LINE#         78
  C:16ABH         LINE#         80
  C:16BBH         LINE#         81
  C:16CFH         LINE#         82
  C:16D2H         LINE#         83
  C:16D2H         LINE#         84
  C:16D4H         LINE#         85
  -------         ENDPROC       _TIMER_INILIZE
  -------         ENDMOD        STC8A_TIMER

  -------         MODULE        STC8A_NVIC
  C:0000H         SYMBOL        _ICE_DUMMY_
  D:0080H         PUBLIC        P0
  D:0090H         PUBLIC        P1
  D:00A0H         PUBLIC        P2
  D:00B0H         PUBLIC        P3
  D:00C0H         PUBLIC        P4
  D:00C8H         PUBLIC        P5
  D:00E8H         PUBLIC        P6
  D:00F8H         PUBLIC        P7
  D:00BAH         PUBLIC        P_SW2
  B:00A8H.5       PUBLIC        EADC
  D:00A8H         PUBLIC        IE
  C:2C47H         PUBLIC        _NVIC_BMM_ADC_Init
  C:2C83H         PUBLIC        _NVIC_BMM_M2M_Init
  D:00B6H         PUBLIC        IP2H
  D:00EEH         PUBLIC        IP3H
  D:00DAH         PUBLIC        CCAPM0
  D:00DBH         PUBLIC        CCAPM1
  B:00A8H.4       PUBLIC        ES
  D:00DCH         PUBLIC        CCAPM2
  B:00B8H.5       PUBLIC        PADC
  D:00B8H         PUBLIC        IP
  C:2EDBH         PUBLIC        _NVIC_BMM_LCM_Init
  B:00B8H.4       PUBLIC        PS
  D:00D9H         PUBLIC        CMOD
  D:00D8H         PUBLIC        CCON
  C:3195H         PUBLIC        _NVIC_INT0_Init
  B:00B8H.7       PUBLIC        PPCA
  C:31CDH         PUBLIC        _NVIC_INT1_Init
  C:35B8H         PUBLIC        _NVIC_INT2_Init
  C:35A2H         PUBLIC        _NVIC_INT3_Init
  D:00E6H         PUBLIC        CMPCR1
  C:3531H         PUBLIC        _NVIC_INT4_Init
  C:2CBFH         PUBLIC        _NVIC_BMM_SPI_Init
  D:0098H         PUBLIC        SCON
  D:0088H         PUBLIC        TCON
BL51 BANKED LINKER/LOCATER V6.22.4.0                                                  03/24/2024  17:36:26  PAGE 18


  C:3125H         PUBLIC        _NVIC_Timer0_Init
  C:315DH         PUBLIC        _NVIC_Timer1_Init
  C:3576H         PUBLIC        _NVIC_Timer2_Init
  C:358CH         PUBLIC        _NVIC_Timer3_Init
  D:00AFH         PUBLIC        IE2
  C:351AH         PUBLIC        _NVIC_Timer4_Init
  D:00F0H         PUBLIC        B
  C:28EBH         PUBLIC        _NVIC_I2C_Init
  D:00E0H         PUBLIC        ACC
  B:00A8H.1       PUBLIC        ET0
  B:00A8H.3       PUBLIC        ET1
  D:00B5H         PUBLIC        IP2
  D:00DFH         PUBLIC        IP3
  B:00A8H.0       PUBLIC        EX0
  B:00A8H.2       PUBLIC        EX1
  C:3205H         PUBLIC        _NVIC_ADC_Init
  B:00B8H.1       PUBLIC        PT0
  B:00B8H.3       PUBLIC        PT1
  B:00B8H.0       PUBLIC        PX0
  B:00B8H.2       PUBLIC        PX1
  C:27D7H         PUBLIC        _NVIC_PCA_Init
  C:2D37H         PUBLIC        _NVIC_BMM_UART1_Rx_Init
  C:2DAFH         PUBLIC        _NVIC_BMM_UART2_Rx_Init
  D:00B7H         PUBLIC        IPH
  C:2E27H         PUBLIC        _NVIC_BMM_UART3_Rx_Init
  C:2CFBH         PUBLIC        _NVIC_BMM_UART1_Tx_Init
  C:2E9FH         PUBLIC        _NVIC_BMM_UART4_Rx_Init
  C:2D73H         PUBLIC        _NVIC_BMM_UART2_Tx_Init
  C:2DEBH         PUBLIC        _NVIC_BMM_UART3_Tx_Init
  C:3311H         PUBLIC        _NVIC_LCM_Init
  C:2E63H         PUBLIC        _NVIC_BMM_UART4_Tx_Init
  C:001EH         PUBLIC        _NVIC_CMP_Init
  C:2BCCH         PUBLIC        _NVIC_SPI_Init
  D:008FH         PUBLIC        INT_CLKO
  C:323DH         PUBLIC        _NVIC_UART1_Init
  C:303FH         PUBLIC        _NVIC_UART2_Init
  C:2ACAH         PUBLIC        _NVIC_UART3_Init
  C:2B8DH         PUBLIC        _NVIC_UART4_Init
  D:00D0H         PUBLIC        PSW
  -------         PROC          _NVIC_TIMER0_INIT
  D:0007H         SYMBOL        State
  D:0005H         SYMBOL        Priority
  C:3125H         LINE#         23
  C:3125H         LINE#         24
  C:3125H         LINE#         25
  C:3134H         LINE#         26
  C:315AH         LINE#         27
  C:315CH         LINE#         28
  -------         ENDPROC       _NVIC_TIMER0_INIT
  -------         PROC          _NVIC_TIMER1_INIT
  D:0007H         SYMBOL        State
  D:0005H         SYMBOL        Priority
  C:315DH         LINE#         38
  C:315DH         LINE#         39
  C:315DH         LINE#         40
  C:316CH         LINE#         41
  C:3192H         LINE#         42
BL51 BANKED LINKER/LOCATER V6.22.4.0                                                  03/24/2024  17:36:26  PAGE 19


  C:3194H         LINE#         43
  -------         ENDPROC       _NVIC_TIMER1_INIT
  -------         PROC          _NVIC_TIMER2_INIT
  D:0007H         SYMBOL        State
  D:0005H         SYMBOL        Priority
  C:3576H         LINE#         53
  C:3576H         LINE#         54
  C:3576H         LINE#         55
  C:3589H         LINE#         56
  C:358AH         LINE#         57
  C:358BH         LINE#         58
  -------         ENDPROC       _NVIC_TIMER2_INIT
  -------         PROC          _NVIC_TIMER3_INIT
  D:0007H         SYMBOL        State
  D:0005H         SYMBOL        Priority
  C:358CH         LINE#         68
  C:358CH         LINE#         69
  C:358CH         LINE#         70
  C:359FH         LINE#         71
  C:35A0H         LINE#         72
  C:35A1H         LINE#         73
  -------         ENDPROC       _NVIC_TIMER3_INIT
  -------         PROC          _NVIC_TIMER4_INIT
  D:0007H         SYMBOL        State
  D:0005H         SYMBOL        Priority
  C:351AH         LINE#         83
  C:351AH         LINE#         84
  C:351AH         LINE#         85
  C:352EH         LINE#         86
  C:352FH         LINE#         87
  C:3530H         LINE#         88
  -------         ENDPROC       _NVIC_TIMER4_INIT
  -------         PROC          _NVIC_INT0_INIT
  D:0007H         SYMBOL        State
  D:0005H         SYMBOL        Priority
  C:3195H         LINE#         98
  C:3195H         LINE#         99
  C:3195H         LINE#         100
  C:31A4H         LINE#         101
  C:31CAH         LINE#         102
  C:31CCH         LINE#         103
  -------         ENDPROC       _NVIC_INT0_INIT
  -------         PROC          _NVIC_INT1_INIT
  D:0007H         SYMBOL        State
  D:0005H         SYMBOL        Priority
  C:31CDH         LINE#         113
  C:31CDH         LINE#         114
  C:31CDH         LINE#         115
  C:31DCH         LINE#         116
  C:3202H         LINE#         117
  C:3204H         LINE#         118
  -------         ENDPROC       _NVIC_INT1_INIT
  -------         PROC          _NVIC_INT2_INIT
  D:0007H         SYMBOL        State
  D:0005H         SYMBOL        Priority
  C:35B8H         LINE#         128
  C:35B8H         LINE#         129
BL51 BANKED LINKER/LOCATER V6.22.4.0                                                  03/24/2024  17:36:26  PAGE 20


  C:35B8H         LINE#         130
  C:35CAH         LINE#         131
  C:35CBH         LINE#         132
  C:35CCH         LINE#         133
  -------         ENDPROC       _NVIC_INT2_INIT
  -------         PROC          _NVIC_INT3_INIT
  D:0007H         SYMBOL        State
  D:0005H         SYMBOL        Priority
  C:35A2H         LINE#         143
  C:35A2H         LINE#         144
  C:35A2H         LINE#         145
  C:35B5H         LINE#         146
  C:35B6H         LINE#         147
  C:35B7H         LINE#         148
  -------         ENDPROC       _NVIC_INT3_INIT
  -------         PROC          _NVIC_INT4_INIT
  D:0007H         SYMBOL        State
  D:0005H         SYMBOL        Priority
  C:3531H         LINE#         158
  C:3531H         LINE#         159
  C:3531H         LINE#         160
  C:3545H         LINE#         161
  C:3546H         LINE#         162
  C:3547H         LINE#         163
  -------         ENDPROC       _NVIC_INT4_INIT
  -------         PROC          _NVIC_ADC_INIT
  D:0007H         SYMBOL        State
  D:0005H         SYMBOL        Priority
  C:3205H         LINE#         173
  C:3205H         LINE#         174
  C:3205H         LINE#         175
  C:3214H         LINE#         176
  C:323AH         LINE#         177
  C:323CH         LINE#         178
  -------         ENDPROC       _NVIC_ADC_INIT
  -------         PROC          _NVIC_CMP_INIT
  D:0007H         SYMBOL        State
  D:0005H         SYMBOL        Priority
  C:001EH         LINE#         188
  C:001EH         LINE#         189
  C:001EH         LINE#         190
  C:0027H         LINE#         191
  C:002AH         LINE#         192
  C:0033H         LINE#         193
  C:0036H         LINE#         194
  C:0060H         LINE#         195
  C:0062H         LINE#         196
  -------         ENDPROC       _NVIC_CMP_INIT
  -------         PROC          _NVIC_I2C_INIT
  D:0007H         SYMBOL        Mode
  D:0005H         SYMBOL        State
  D:0003H         SYMBOL        Priority
  C:28EBH         LINE#         208
  C:28EBH         LINE#         209
  C:28EBH         LINE#         210
  C:28F4H         LINE#         211
  C:28F7H         LINE#         212
BL51 BANKED LINKER/LOCATER V6.22.4.0                                                  03/24/2024  17:36:26  PAGE 21


  C:28FAH         LINE#         213
  C:28FAH         LINE#         214
  C:290AH         LINE#         215
  C:290CH         LINE#         216
  C:290FH         LINE#         217
  C:290FH         LINE#         218
  C:2917H         LINE#         219
  C:2917H         LINE#         221
  C:2941H         LINE#         222
  C:2943H         LINE#         223
  -------         ENDPROC       _NVIC_I2C_INIT
  -------         PROC          _NVIC_UART1_INIT
  D:0007H         SYMBOL        State
  D:0005H         SYMBOL        Priority
  C:323DH         LINE#         233
  C:323DH         LINE#         234
  C:323DH         LINE#         235
  C:324CH         LINE#         236
  C:3272H         LINE#         237
  C:3274H         LINE#         238
  -------         ENDPROC       _NVIC_UART1_INIT
  -------         PROC          _NVIC_UART2_INIT
  D:0007H         SYMBOL        State
  D:0005H         SYMBOL        Priority
  C:303FH         LINE#         248
  C:303FH         LINE#         249
  C:303FH         LINE#         250
  C:304CH         LINE#         251
  C:3076H         LINE#         252
  C:3078H         LINE#         253
  -------         ENDPROC       _NVIC_UART2_INIT
  -------         PROC          _NVIC_UART3_INIT
  D:0007H         SYMBOL        State
  D:0005H         SYMBOL        Priority
  C:2ACAH         LINE#         263
  C:2ACAH         LINE#         264
  C:2ACAH         LINE#         265
  C:2ADEH         LINE#         266
  C:2B08H         LINE#         267
  C:2B0AH         LINE#         268
  -------         ENDPROC       _NVIC_UART3_INIT
  -------         PROC          _NVIC_UART4_INIT
  D:0007H         SYMBOL        State
  D:0005H         SYMBOL        Priority
  C:2B8DH         LINE#         278
  C:2B8DH         LINE#         279
  C:2B8DH         LINE#         280
  C:2B9FH         LINE#         281
  C:2BC9H         LINE#         282
  C:2BCBH         LINE#         283
  -------         ENDPROC       _NVIC_UART4_INIT
  -------         PROC          _NVIC_SPI_INIT
  D:0007H         SYMBOL        State
  D:0005H         SYMBOL        Priority
  C:2BCCH         LINE#         293
  C:2BCCH         LINE#         294
  C:2BCCH         LINE#         295
BL51 BANKED LINKER/LOCATER V6.22.4.0                                                  03/24/2024  17:36:26  PAGE 22


  C:2BDDH         LINE#         296
  C:2C07H         LINE#         297
  C:2C09H         LINE#         298
  -------         ENDPROC       _NVIC_SPI_INIT
  -------         PROC          _NVIC_PCA_INIT
  D:0007H         SYMBOL        Channel
  D:0005H         SYMBOL        State
  D:0003H         SYMBOL        Priority
  C:27D7H         LINE#         309
  C:27D7H         LINE#         310
  C:27D7H         LINE#         312
  C:27FDH         LINE#         313
  C:280EH         LINE#         314
  C:280EH         LINE#         315
  C:280EH         LINE#         316
  C:2810H         LINE#         317
  C:2812H         LINE#         319
  C:2812H         LINE#         320
  C:2814H         LINE#         321
  C:2816H         LINE#         323
  C:2816H         LINE#         324
  C:2818H         LINE#         325
  C:281AH         LINE#         327
  C:281AH         LINE#         328
  C:281DH         LINE#         329
  C:2822H         LINE#         330
  C:2825H         LINE#         331
  C:2827H         LINE#         333
  C:2827H         LINE#         334
  C:2832H         LINE#         335
  C:2832H         LINE#         336
  C:2832H         LINE#         337
  C:2834H         LINE#         338
  -------         ENDPROC       _NVIC_PCA_INIT
  -------         PROC          _NVIC_BMM_ADC_INIT
  D:0007H         SYMBOL        State
  D:0005H         SYMBOL        Priority
  D:0003H         SYMBOL        Bus_Priority
  C:2C47H         LINE#         349
  C:2C47H         LINE#         350
  C:2C47H         LINE#         351
  C:2C4AH         LINE#         352
  C:2C51H         LINE#         353
  C:2C62H         LINE#         354
  C:2C6EH         LINE#         355
  C:2C75H         LINE#         356
  C:2C7AH         LINE#         358
  C:2C7DH         LINE#         359
  C:2C80H         LINE#         360
  C:2C82H         LINE#         361
  -------         ENDPROC       _NVIC_BMM_ADC_INIT
  -------         PROC          _NVIC_BMM_M2M_INIT
  D:0007H         SYMBOL        State
  D:0005H         SYMBOL        Priority
  D:0003H         SYMBOL        Bus_Priority
  C:2C83H         LINE#         372
  C:2C83H         LINE#         373
BL51 BANKED LINKER/LOCATER V6.22.4.0                                                  03/24/2024  17:36:26  PAGE 23


  C:2C83H         LINE#         374
  C:2C86H         LINE#         375
  C:2C8DH         LINE#         376
  C:2C9EH         LINE#         377
  C:2CAAH         LINE#         378
  C:2CB1H         LINE#         379
  C:2CB6H         LINE#         381
  C:2CB9H         LINE#         382
  C:2CBCH         LINE#         383
  C:2CBEH         LINE#         384
  -------         ENDPROC       _NVIC_BMM_M2M_INIT
  -------         PROC          _NVIC_BMM_SPI_INIT
  D:0007H         SYMBOL        State
  D:0005H         SYMBOL        Priority
  D:0003H         SYMBOL        Bus_Priority
  C:2CBFH         LINE#         395
  C:2CBFH         LINE#         396
  C:2CBFH         LINE#         397
  C:2CC2H         LINE#         398
  C:2CC9H         LINE#         399
  C:2CDAH         LINE#         400
  C:2CE6H         LINE#         401
  C:2CEDH         LINE#         402
  C:2CF2H         LINE#         404
  C:2CF5H         LINE#         405
  C:2CF8H         LINE#         406
  C:2CFAH         LINE#         407
  -------         ENDPROC       _NVIC_BMM_SPI_INIT
  -------         PROC          _NVIC_BMM_UART1_TX_INIT
  D:0007H         SYMBOL        State
  D:0005H         SYMBOL        Priority
  D:0003H         SYMBOL        Bus_Priority
  C:2CFBH         LINE#         418
  C:2CFBH         LINE#         419
  C:2CFBH         LINE#         420
  C:2CFEH         LINE#         421
  C:2D05H         LINE#         422
  C:2D16H         LINE#         423
  C:2D22H         LINE#         424
  C:2D29H         LINE#         425
  C:2D2EH         LINE#         427
  C:2D31H         LINE#         428
  C:2D34H         LINE#         429
  C:2D36H         LINE#         430
  -------         ENDPROC       _NVIC_BMM_UART1_TX_INIT
  -------         PROC          _NVIC_BMM_UART1_RX_INIT
  D:0007H         SYMBOL        State
  D:0005H         SYMBOL        Priority
  D:0003H         SYMBOL        Bus_Priority
  C:2D37H         LINE#         441
  C:2D37H         LINE#         442
  C:2D37H         LINE#         443
  C:2D3AH         LINE#         444
  C:2D41H         LINE#         445
  C:2D52H         LINE#         446
  C:2D5EH         LINE#         447
  C:2D65H         LINE#         448
BL51 BANKED LINKER/LOCATER V6.22.4.0                                                  03/24/2024  17:36:26  PAGE 24


  C:2D6AH         LINE#         450
  C:2D6DH         LINE#         451
  C:2D70H         LINE#         452
  C:2D72H         LINE#         453
  -------         ENDPROC       _NVIC_BMM_UART1_RX_INIT
  -------         PROC          _NVIC_BMM_UART2_TX_INIT
  D:0007H         SYMBOL        State
  D:0005H         SYMBOL        Priority
  D:0003H         SYMBOL        Bus_Priority
  C:2D73H         LINE#         464
  C:2D73H         LINE#         465
  C:2D73H         LINE#         466
  C:2D76H         LINE#         467
  C:2D7DH         LINE#         468
  C:2D8EH         LINE#         469
  C:2D9AH         LINE#         470
  C:2DA1H         LINE#         471
  C:2DA6H         LINE#         473
  C:2DA9H         LINE#         474
  C:2DACH         LINE#         475
  C:2DAEH         LINE#         476
  -------         ENDPROC       _NVIC_BMM_UART2_TX_INIT
  -------         PROC          _NVIC_BMM_UART2_RX_INIT
  D:0007H         SYMBOL        State
  D:0005H         SYMBOL        Priority
  D:0003H         SYMBOL        Bus_Priority
  C:2DAFH         LINE#         487
  C:2DAFH         LINE#         488
  C:2DAFH         LINE#         489
  C:2DB2H         LINE#         490
  C:2DB9H         LINE#         491
  C:2DCAH         LINE#         492
  C:2DD6H         LINE#         493
  C:2DDDH         LINE#         494
  C:2DE2H         LINE#         496
  C:2DE5H         LINE#         497
  C:2DE8H         LINE#         498
  C:2DEAH         LINE#         499
  -------         ENDPROC       _NVIC_BMM_UART2_RX_INIT
  -------         PROC          _NVIC_BMM_UART3_TX_INIT
  D:0007H         SYMBOL        State
  D:0005H         SYMBOL        Priority
  D:0003H         SYMBOL        Bus_Priority
  C:2DEBH         LINE#         510
  C:2DEBH         LINE#         511
  C:2DEBH         LINE#         512
  C:2DEEH         LINE#         513
  C:2DF5H         LINE#         514
  C:2E06H         LINE#         515
  C:2E12H         LINE#         516
  C:2E19H         LINE#         517
  C:2E1EH         LINE#         519
  C:2E21H         LINE#         520
  C:2E24H         LINE#         521
  C:2E26H         LINE#         522
  -------         ENDPROC       _NVIC_BMM_UART3_TX_INIT
  -------         PROC          _NVIC_BMM_UART3_RX_INIT
BL51 BANKED LINKER/LOCATER V6.22.4.0                                                  03/24/2024  17:36:26  PAGE 25


  D:0007H         SYMBOL        State
  D:0005H         SYMBOL        Priority
  D:0003H         SYMBOL        Bus_Priority
  C:2E27H         LINE#         533
  C:2E27H         LINE#         534
  C:2E27H         LINE#         535
  C:2E2AH         LINE#         536
  C:2E31H         LINE#         537
  C:2E42H         LINE#         538
  C:2E4EH         LINE#         539
  C:2E55H         LINE#         540
  C:2E5AH         LINE#         542
  C:2E5DH         LINE#         543
  C:2E60H         LINE#         544
  C:2E62H         LINE#         545
  -------         ENDPROC       _NVIC_BMM_UART3_RX_INIT
  -------         PROC          _NVIC_BMM_UART4_TX_INIT
  D:0007H         SYMBOL        State
  D:0005H         SYMBOL        Priority
  D:0003H         SYMBOL        Bus_Priority
  C:2E63H         LINE#         556
  C:2E63H         LINE#         557
  C:2E63H         LINE#         558
  C:2E66H         LINE#         559
  C:2E6DH         LINE#         560
  C:2E7EH         LINE#         561
  C:2E8AH         LINE#         562
  C:2E91H         LINE#         563
  C:2E96H         LINE#         565
  C:2E99H         LINE#         566
  C:2E9CH         LINE#         567
  C:2E9EH         LINE#         568
  -------         ENDPROC       _NVIC_BMM_UART4_TX_INIT
  -------         PROC          _NVIC_BMM_UART4_RX_INIT
  D:0007H         SYMBOL        State
  D:0005H         SYMBOL        Priority
  D:0003H         SYMBOL        Bus_Priority
  C:2E9FH         LINE#         579
  C:2E9FH         LINE#         580
  C:2E9FH         LINE#         581
  C:2EA2H         LINE#         582
  C:2EA9H         LINE#         583
  C:2EBAH         LINE#         584
  C:2EC6H         LINE#         585
  C:2ECDH         LINE#         586
  C:2ED2H         LINE#         588
  C:2ED5H         LINE#         589
  C:2ED8H         LINE#         590
  C:2EDAH         LINE#         591
  -------         ENDPROC       _NVIC_BMM_UART4_RX_INIT
  -------         PROC          _NVIC_BMM_LCM_INIT
  D:0007H         SYMBOL        State
  D:0005H         SYMBOL        Priority
  D:0003H         SYMBOL        Bus_Priority
  C:2EDBH         LINE#         602
  C:2EDBH         LINE#         603
  C:2EDBH         LINE#         604
BL51 BANKED LINKER/LOCATER V6.22.4.0                                                  03/24/2024  17:36:26  PAGE 26


  C:2EDEH         LINE#         605
  C:2EE5H         LINE#         606
  C:2EF6H         LINE#         607
  C:2F02H         LINE#         608
  C:2F09H         LINE#         609
  C:2F0EH         LINE#         611
  C:2F11H         LINE#         612
  C:2F14H         LINE#         613
  C:2F16H         LINE#         614
  -------         ENDPROC       _NVIC_BMM_LCM_INIT
  -------         PROC          _NVIC_LCM_INIT
  D:0007H         SYMBOL        State
  D:0005H         SYMBOL        Priority
  C:3311H         LINE#         624
  C:3311H         LINE#         625
  C:3311H         LINE#         626
  C:3314H         LINE#         627
  C:331BH         LINE#         628
  C:332BH         LINE#         629
  C:3332H         LINE#         630
  C:3337H         LINE#         632
  C:333AH         LINE#         633
  C:333DH         LINE#         634
  C:333FH         LINE#         635
  -------         ENDPROC       _NVIC_LCM_INIT
  -------         ENDMOD        STC8A_NVIC

  -------         MODULE        SERVO_T0
  C:0000H         SYMBOL        _ICE_DUMMY_
  D:0080H         PUBLIC        P0
  C:2835H         PUBLIC        _Servo_T0_Set_Target_Degree
  D:0090H         PUBLIC        P1
  D:00A0H         PUBLIC        P2
  D:00B0H         PUBLIC        P3
  D:00C0H         PUBLIC        P4
  D:00C8H         PUBLIC        P5
  B:00A8H.7       PUBLIC        EA
  D:00E8H         PUBLIC        P6
  D:00F8H         PUBLIC        P7
  D:00A8H         PUBLIC        IE
  X:0057H         PUBLIC        g_timer_step_t0
  D:00B8H         PUBLIC        IP
  D:00D8H         PUBLIC        CCON
  C:3548H         PUBLIC        _Cal_Degree_T0
  X:0058H         PUBLIC        g_timer_vs_target_t0
  C:3275H         PUBLIC        copy_target_t0
  D:0098H         PUBLIC        SCON
  D:0088H         PUBLIC        TCON
  X:0064H         PUBLIC        g_timer_vs_t0
  X:0070H         PUBLIC        g_degree_t0
  D:00F0H         PUBLIC        B
  C:0003H         SYMBOL        _?ix1000
  C:3429H         PUBLIC        Timer_config_T0
  D:00E0H         PUBLIC        ACC
  D:008CH         PUBLIC        TH0
  C:1E4EH         PUBLIC        Servo_T0_Timer_Callback
  C:30BBH         PUBLIC        _Reset_Timer_T0
BL51 BANKED LINKER/LOCATER V6.22.4.0                                                  03/24/2024  17:36:26  PAGE 27


  D:008AH         PUBLIC        TL0
  X:0076H         PUBLIC        g_remain_timer_t0
  C:348DH         PUBLIC        Servo_T0_Init
  B:00A0H.7       PUBLIC        P_SERVO1
  B:0080H.5       PUBLIC        P_SERVO2
  B:00A0H.6       PUBLIC        P_SERVO3
  B:0080H.6       PUBLIC        P_SERVO4
  B:00A0H.5       PUBLIC        P_SERVO5
  B:0080H.7       PUBLIC        P_SERVO6
  C:20A6H         PUBLIC        _Servo_T0_Step_One
  D:00D0H         PUBLIC        PSW
  -------         PROC          TIMER_CONFIG_T0
  -------         DO            
  D:0009H         SYMBOL        TIM_InitStructure
  -------         ENDDO         
  C:3429H         LINE#         16
  C:3429H         LINE#         18
  C:342CH         LINE#         19
  C:342FH         LINE#         20
  C:3431H         LINE#         21
  C:3434H         LINE#         22
  C:343DH         LINE#         23
  C:3440H         LINE#         24
  C:3442H         LINE#         25
  C:3448H         LINE#         27
  C:344AH         LINE#         28
  -------         ENDPROC       TIMER_CONFIG_T0
  -------         PROC          _CAL_DEGREE_T0
  D:0007H         SYMBOL        d
  C:3548H         LINE#         32
  C:3548H         LINE#         33
  C:355EH         LINE#         34
  -------         ENDPROC       _CAL_DEGREE_T0
  C:30B3H         SYMBOL        L?0036
  C:30B6H         SYMBOL        L?0037
  -------         PROC          L?0035
  -------         ENDPROC       L?0035
  C:30B3H         SYMBOL        L?0036
  C:30B6H         SYMBOL        L?0037
  -------         PROC          _RESET_TIMER_T0
  D:0006H         SYMBOL        um
  -------         DO            
  X:004DH         SYMBOL        thtl
  -------         ENDDO         
  C:30BBH         LINE#         37
  C:30BBH         LINE#         38
  C:30DDH         LINE#         39
  C:30E8H         LINE#         40
  C:30EBH         LINE#         41
  -------         ENDPROC       _RESET_TIMER_T0
  -------         PROC          SERVO_T0_INIT
  -------         DO            
  X:003CH         SYMBOL        angles
  -------         ENDDO         
  C:348DH         LINE#         43
  C:348DH         LINE#         44
  C:34A0H         LINE#         45
BL51 BANKED LINKER/LOCATER V6.22.4.0                                                  03/24/2024  17:36:26  PAGE 28


  C:34A3H         LINE#         46
  -------         ENDPROC       SERVO_T0_INIT
  -------         PROC          _SERVO_T0_SET_TARGET_DEGREE
  D:0009H         SYMBOL        tds
  -------         DO            
  X:0042H         SYMBOL        i
  -------         ENDDO         
  C:2835H         LINE#         49
  C:283BH         LINE#         51
  C:284AH         LINE#         52
  C:2867H         LINE#         53
  C:2887H         LINE#         54
  C:288FH         LINE#         55
  -------         ENDPROC       _SERVO_T0_SET_TARGET_DEGREE
  -------         PROC          _SERVO_T0_STEP_ONE
  D:0016H         SYMBOL        tds
  D:0019H         SYMBOL        stride
  -------         DO            
  X:0055H         SYMBOL        res
  X:0056H         SYMBOL        i
  -------         ENDDO         
  C:20A6H         LINE#         57
  C:20AEH         LINE#         58
  C:20B4H         LINE#         60
  C:20C4H         LINE#         61
  C:20E4H         LINE#         62
  C:20F5H         LINE#         63
  C:210DH         LINE#         64
  C:211CH         LINE#         65
  C:211CH         LINE#         66
  C:211CH         LINE#         67
  C:211CH         LINE#         68
  C:2142H         LINE#         69
  C:2155H         LINE#         70
  C:2177H         LINE#         71
  C:2186H         LINE#         72
  C:2186H         LINE#         73
  C:21ACH         LINE#         74
  C:21B1H         LINE#         75
  C:21B1H         LINE#         76
  C:21BAH         LINE#         77
  C:21BFH         LINE#         78
  -------         ENDPROC       _SERVO_T0_STEP_ONE
  -------         PROC          COPY_TARGET_T0
  -------         DO            
  X:004DH         SYMBOL        i
  -------         ENDDO         
  C:3275H         LINE#         80
  C:3275H         LINE#         82
  C:327AH         LINE#         83
  C:32A0H         LINE#         84
  C:32AAH         LINE#         85
  -------         ENDPROC       COPY_TARGET_T0
  -------         PROC          SERVO_T0_TIMER_CALLBACK
  -------         DO            
  X:004BH         SYMBOL        timer_vs
  -------         ENDDO         
BL51 BANKED LINKER/LOCATER V6.22.4.0                                                  03/24/2024  17:36:26  PAGE 29


  C:1E4EH         LINE#         87
  C:1E4EH         LINE#         88
  C:1E6AH         LINE#         89
  C:1E8FH         LINE#         90
  C:1E8FH         LINE#         91
  C:1E91H         LINE#         92
  C:1E94H         LINE#         93
  C:1EA9H         LINE#         94
  C:1EAFH         LINE#         95
  C:1EB0H         LINE#         96
  C:1EB0H         LINE#         97
  C:1EB2H         LINE#         99
  C:1EB4H         LINE#         100
  C:1EB7H         LINE#         101
  C:1ECCH         LINE#         102
  C:1ED2H         LINE#         103
  C:1ED3H         LINE#         104
  C:1ED3H         LINE#         105
  C:1ED5H         LINE#         107
  C:1ED7H         LINE#         108
  C:1EDAH         LINE#         109
  C:1EEFH         LINE#         110
  C:1EF5H         LINE#         111
  C:1EF6H         LINE#         112
  C:1EF6H         LINE#         113
  C:1EF8H         LINE#         115
  C:1EFAH         LINE#         116
  C:1EFDH         LINE#         117
  C:1F12H         LINE#         118
  C:1F18H         LINE#         119
  C:1F19H         LINE#         120
  C:1F19H         LINE#         121
  C:1F1BH         LINE#         123
  C:1F1DH         LINE#         124
  C:1F20H         LINE#         125
  C:1F35H         LINE#         126
  C:1F3BH         LINE#         127
  C:1F3CH         LINE#         128
  C:1F3CH         LINE#         129
  C:1F3EH         LINE#         131
  C:1F40H         LINE#         132
  C:1F43H         LINE#         133
  C:1F58H         LINE#         134
  C:1F5EH         LINE#         135
  C:1F5FH         LINE#         136
  C:1F5FH         LINE#         137
  C:1F62H         LINE#         138
  C:1F64H         LINE#         139
  C:1F6AH         LINE#         140
  C:1F6FH         LINE#         141
  C:1F79H         LINE#         142
  C:1F79H         LINE#         143
  C:1F79H         LINE#         144
  -------         ENDPROC       SERVO_T0_TIMER_CALLBACK
  -------         ENDMOD        SERVO_T0

  -------         MODULE        SERVO_T1
BL51 BANKED LINKER/LOCATER V6.22.4.0                                                  03/24/2024  17:36:26  PAGE 30


  C:0000H         SYMBOL        _ICE_DUMMY_
  D:0080H         PUBLIC        P0
  D:0090H         PUBLIC        P1
  C:2890H         PUBLIC        _Servo_T1_Set_Target_Degree
  D:00A0H         PUBLIC        P2
  D:00B0H         PUBLIC        P3
  D:00C0H         PUBLIC        P4
  D:00C8H         PUBLIC        P5
  B:00A8H.7       PUBLIC        EA
  D:00E8H         PUBLIC        P6
  D:00F8H         PUBLIC        P7
  D:00A8H         PUBLIC        IE
  X:0078H         PUBLIC        g_timer_step_t1
  D:00B8H         PUBLIC        IP
  B:00C0H.0       PUBLIC        P_SERVO10
  B:00A0H.0       PUBLIC        P_SERVO11
  D:00D8H         PUBLIC        CCON
  B:00C8H.5       PUBLIC        P_SERVO12
  C:355FH         PUBLIC        _Cal_Degree_T1
  X:0079H         PUBLIC        g_timer_vs_target_t1
  C:32ABH         PUBLIC        copy_target_t1
  D:0098H         PUBLIC        SCON
  D:0088H         PUBLIC        TCON
  X:0085H         PUBLIC        g_timer_vs_t1
  X:0091H         PUBLIC        g_degree_t1
  D:00F0H         PUBLIC        B
  C:365CH         SYMBOL        _?ix1000
  C:3406H         PUBLIC        Timer_config_T1
  D:00E0H         PUBLIC        ACC
  D:008DH         PUBLIC        TH1
  C:1F7AH         PUBLIC        Servo_T1_Timer_Callback
  C:30F4H         PUBLIC        _Reset_Timer_T1
  D:008BH         PUBLIC        TL1
  X:0097H         PUBLIC        g_remain_timer_t1
  C:34ACH         PUBLIC        Servo_T1_Init
  B:00B0H.7       PUBLIC        P_SERVO7
  B:00B0H.2       PUBLIC        P_SERVO8
  C:21C0H         PUBLIC        _Servo_T1_Step_One
  B:00C0H.1       PUBLIC        P_SERVO9
  D:00D0H         PUBLIC        PSW
  -------         PROC          TIMER_CONFIG_T1
  -------         DO            
  D:0009H         SYMBOL        TIM_InitStructure
  -------         ENDDO         
  C:3406H         LINE#         16
  C:3406H         LINE#         18
  C:3409H         LINE#         19
  C:340CH         LINE#         20
  C:340EH         LINE#         21
  C:3411H         LINE#         22
  C:341BH         LINE#         23
  C:341EH         LINE#         24
  C:3420H         LINE#         25
  C:3426H         LINE#         27
  C:3428H         LINE#         28
  -------         ENDPROC       TIMER_CONFIG_T1
  -------         PROC          _CAL_DEGREE_T1
BL51 BANKED LINKER/LOCATER V6.22.4.0                                                  03/24/2024  17:36:26  PAGE 31


  D:0007H         SYMBOL        d
  C:355FH         LINE#         32
  C:355FH         LINE#         33
  C:3575H         LINE#         34
  -------         ENDPROC       _CAL_DEGREE_T1
  C:30ECH         SYMBOL        L?0036
  C:30EFH         SYMBOL        L?0037
  -------         PROC          L?0035
  -------         ENDPROC       L?0035
  C:30ECH         SYMBOL        L?0036
  C:30EFH         SYMBOL        L?0037
  -------         PROC          _RESET_TIMER_T1
  D:0006H         SYMBOL        um
  -------         DO            
  X:0051H         SYMBOL        thtl
  -------         ENDDO         
  C:30F4H         LINE#         37
  C:30F4H         LINE#         38
  C:3116H         LINE#         39
  C:3121H         LINE#         40
  C:3124H         LINE#         41
  -------         ENDPROC       _RESET_TIMER_T1
  -------         PROC          SERVO_T1_INIT
  -------         DO            
  X:003CH         SYMBOL        angles
  -------         ENDDO         
  C:34ACH         LINE#         43
  C:34ACH         LINE#         44
  C:34BFH         LINE#         45
  C:34C2H         LINE#         46
  -------         ENDPROC       SERVO_T1_INIT
  -------         PROC          _SERVO_T1_SET_TARGET_DEGREE
  D:0009H         SYMBOL        tds
  -------         DO            
  X:0042H         SYMBOL        i
  -------         ENDDO         
  C:2890H         LINE#         49
  C:2896H         LINE#         51
  C:28A5H         LINE#         52
  C:28C2H         LINE#         53
  C:28E2H         LINE#         54
  C:28EAH         LINE#         55
  -------         ENDPROC       _SERVO_T1_SET_TARGET_DEGREE
  -------         PROC          _SERVO_T1_STEP_ONE
  D:0016H         SYMBOL        tds
  D:0019H         SYMBOL        stride
  -------         DO            
  X:0055H         SYMBOL        res
  X:0056H         SYMBOL        i
  -------         ENDDO         
  C:21C0H         LINE#         57
  C:21C8H         LINE#         58
  C:21CEH         LINE#         60
  C:21DEH         LINE#         61
  C:21FEH         LINE#         62
  C:220FH         LINE#         63
  C:2227H         LINE#         64
BL51 BANKED LINKER/LOCATER V6.22.4.0                                                  03/24/2024  17:36:26  PAGE 32


  C:2236H         LINE#         65
  C:2236H         LINE#         66
  C:2236H         LINE#         67
  C:2236H         LINE#         68
  C:225CH         LINE#         69
  C:226FH         LINE#         70
  C:2291H         LINE#         71
  C:22A0H         LINE#         72
  C:22A0H         LINE#         73
  C:22C6H         LINE#         74
  C:22CBH         LINE#         75
  C:22CBH         LINE#         76
  C:22D4H         LINE#         77
  C:22D9H         LINE#         78
  -------         ENDPROC       _SERVO_T1_STEP_ONE
  -------         PROC          COPY_TARGET_T1
  -------         DO            
  X:0051H         SYMBOL        i
  -------         ENDDO         
  C:32ABH         LINE#         80
  C:32ABH         LINE#         82
  C:32B0H         LINE#         83
  C:32D6H         LINE#         84
  C:32E0H         LINE#         85
  -------         ENDPROC       COPY_TARGET_T1
  -------         PROC          SERVO_T1_TIMER_CALLBACK
  -------         DO            
  X:004FH         SYMBOL        timer_vs
  -------         ENDDO         
  C:1F7AH         LINE#         87
  C:1F7AH         LINE#         88
  C:1F96H         LINE#         89
  C:1FBBH         LINE#         90
  C:1FBBH         LINE#         91
  C:1FBDH         LINE#         92
  C:1FC0H         LINE#         93
  C:1FD5H         LINE#         94
  C:1FDBH         LINE#         95
  C:1FDCH         LINE#         96
  C:1FDCH         LINE#         97
  C:1FDEH         LINE#         99
  C:1FE0H         LINE#         100
  C:1FE3H         LINE#         101
  C:1FF8H         LINE#         102
  C:1FFEH         LINE#         103
  C:1FFFH         LINE#         104
  C:1FFFH         LINE#         105
  C:2001H         LINE#         107
  C:2003H         LINE#         108
  C:2006H         LINE#         109
  C:201BH         LINE#         110
  C:2021H         LINE#         111
  C:2022H         LINE#         112
  C:2022H         LINE#         113
  C:2024H         LINE#         115
  C:2026H         LINE#         116
[...]
  C:0000H         SYMBOL        _ICE_DUMMY_
  D:0080H         PUBLIC        P0
  D:0090H         PUBLIC        P1
  D:00A0H         PUBLIC        P2
  D:00B0H         PUBLIC        P3
  D:00C0H         PUBLIC        P4
  D:00C8H         PUBLIC        P5
  D:00E8H         PUBLIC        P6
  D:00F8H         PUBLIC        P7
  D:00A8H         PUBLIC        IE
  D:00B8H         PUBLIC        IP
  D:00D8H         PUBLIC        CCON
  B:0080H.1       PUBLIC        P_G01_S_MISO
  B:0080H.2       PUBLIC        P_G01_S_MOSI
  D:0098H         PUBLIC        SCON
  D:0088H         PUBLIC        TCON
  D:00F0H         PUBLIC        B
  D:00E0H         PUBLIC        ACC
  B:00C0H.3       PUBLIC        P_G01_S_SCK
  C:2B0BH         PUBLIC        _spi_read_write_byte
  D:00D0H         PUBLIC        PSW
  -------         PROC          _SPI_READ_WRITE_BYTE
  D:0005H         SYMBOL        TxByte
  -------         DO            
  X:0049H         SYMBOL        i
  X:004AH         SYMBOL        Data
  -------         ENDDO         
  C:2B0BH         LINE#         11
  C:2B0DH         LINE#         12
  C:2B14H         LINE#         14
  C:2B16H         LINE#         16
  C:2B1AH         LINE#         18
  C:2B1EH         LINE#         19
  C:2B20H         LINE#         20
  C:2B22H         LINE#         21
BL51 BANKED LINKER/LOCATER V6.22.4.0                                                  03/24/2024  17:36:26  PAGE 42


  C:2B24H         LINE#         22
  C:2B24H         LINE#         23
  C:2B28H         LINE#         24
  C:2B2AH         LINE#         25
  C:2B2BH         LINE#         28
  C:2B32H         LINE#         29
  C:2B35H         LINE#         30
  C:2B39H         LINE#         31
  C:2B39H         LINE#         33
  C:2B3BH         LINE#         34
  C:2B3CH         LINE#         35
  C:2B46H         LINE#         37
  C:2B4BH         LINE#         38
  -------         ENDPROC       _SPI_READ_WRITE_BYTE
  -------         ENDMOD        SPI

  -------         MODULE        OLED12864
  C:0000H         SYMBOL        _ICE_DUMMY_
  D:0080H         PUBLIC        P0
  D:0090H         PUBLIC        P1
  D:00A0H         PUBLIC        P2
  D:00B0H         PUBLIC        P3
  D:00C0H         PUBLIC        P4
  D:00C8H         PUBLIC        P5
  D:00E8H         PUBLIC        P6
  D:00F8H         PUBLIC        P7
  D:00A8H         PUBLIC        IE
  B:00A0H.1       PUBLIC        P_OLED12864_SDA
  D:00B8H         PUBLIC        IP
  C:22DAH         PUBLIC        OLED_Init
  C:3340H         PUBLIC        OLED_ShowBootIMG
  B:00C0H.2       PUBLIC        P_OLED12864_SCK
  D:00D8H         PUBLIC        CCON
  C:2A41H         PUBLIC        _OLED_ShowString
  C:2C16H         PUBLIC        _OLED_WR_Byte
  C:299CH         PUBLIC        _OLED_ShowHexBuf8
  B:00A0H.2       PUBLIC        P_OLED12864_RES
  C:2494H         PUBLIC        _OLED_ShowChar
  C:00A6H         PUBLIC        F6x8
  D:0098H         PUBLIC        SCON
  D:0088H         PUBLIC        TCON
  C:02CEH         PUBLIC        F8X16
  C:35F5H         PUBLIC        _Bit4ToHex
  D:00F0H         PUBLIC        B
  B:00A0H.3       PUBLIC        P_OLED12864_DC
  C:346DH         PUBLIC        _OLED_Set_Pos
  D:00E0H         PUBLIC        ACC
  B:00A0H.4       PUBLIC        P_OLED12864_CS
  C:2B4CH         PUBLIC        _OLED_ShowString8
  C:29FAH         PUBLIC        _OLED_ShowChar8
  C:2A87H         PUBLIC        OLED_Clear
  C:08BEH         PUBLIC        BOOT_IMG
  D:00D0H         PUBLIC        PSW
  -------         PROC          OLED_INIT
  C:22DAH         LINE#         5
  C:22DAH         LINE#         6
  C:22DCH         LINE#         7
BL51 BANKED LINKER/LOCATER V6.22.4.0                                                  03/24/2024  17:36:26  PAGE 43


  C:22E1H         LINE#         8
  C:22E3H         LINE#         9
  C:22E8H         LINE#         10
  C:22EAH         LINE#         12
  C:22F1H         LINE#         13
  C:22F7H         LINE#         14
  C:22FEH         LINE#         15
  C:2305H         LINE#         16
  C:230CH         LINE#         17
  C:2313H         LINE#         18
  C:231AH         LINE#         19
  C:2321H         LINE#         20
  C:2328H         LINE#         21
  C:232FH         LINE#         22
  C:2336H         LINE#         23
  C:233DH         LINE#         24
  C:2343H         LINE#         25
  C:234AH         LINE#         26
  C:2351H         LINE#         27
  C:2358H         LINE#         28
  C:235FH         LINE#         29
  C:2366H         LINE#         30
  C:236DH         LINE#         31
  C:2374H         LINE#         32
  C:237BH         LINE#         33
  C:2382H         LINE#         34
  C:2389H         LINE#         35
  C:2390H         LINE#         36
  C:2397H         LINE#         37
  C:239EH         LINE#         38
  C:23A5H         LINE#         39
  C:23ACH         LINE#         40
  C:23B3H         LINE#         41
  C:23B6H         LINE#         42
  -------         ENDPROC       OLED_INIT
  C:2C0FH         SYMBOL        L?0056
  -------         PROC          L?0055
  -------         ENDPROC       L?0055
  C:2C0FH         SYMBOL        L?0056
  -------         PROC          _OLED_WR_BYTE
  D:0007H         SYMBOL        dat
  D:0005H         SYMBOL        cmd
  -------         DO            
  X:003EH         SYMBOL        i
  -------         ENDDO         
  C:2C16H         LINE#         48
  C:2C16H         LINE#         50
  C:2C19H         LINE#         51
  C:2C1BH         LINE#         52
  C:2C1DH         LINE#         53
  C:2C1FH         LINE#         54
  C:2C1FH         LINE#         55
  C:2C21H         LINE#         56
  C:2C26H         LINE#         57
  C:2C28H         LINE#         58
  C:2C2CH         LINE#         59
  C:2C2EH         LINE#         60
BL51 BANKED LINKER/LOCATER V6.22.4.0                                                  03/24/2024  17:36:26  PAGE 44


  C:2C30H         LINE#         61
  C:2C30H         LINE#         62
  C:2C32H         LINE#         63
  C:2C32H         LINE#         64
  C:2C34H         LINE#         65
  C:2C38H         LINE#         66
  C:2C42H         LINE#         67
  C:2C44H         LINE#         68
  C:2C46H         LINE#         69
  -------         ENDPROC       _OLED_WR_BYTE
  -------         PROC          _OLED_SET_POS
  D:0006H         SYMBOL        x
  D:0005H         SYMBOL        y
  C:346DH         LINE#         71
  C:346FH         LINE#         72
  C:3478H         LINE#         73
  C:3484H         LINE#         74
  -------         ENDPROC       _OLED_SET_POS
  -------         PROC          OLED_CLEAR
  -------         DO            
  X:003CH         SYMBOL        i
  X:003DH         SYMBOL        n
  -------         ENDDO         
  C:2A87H         LINE#         78
  C:2A87H         LINE#         80
  C:2A96H         LINE#         81
  C:2A9FH         LINE#         82
  C:2AA4H         LINE#         83
  C:2AA9H         LINE#         84
  C:2AAEH         LINE#         85
  C:2AB5H         LINE#         86
  C:2AC1H         LINE#         87
  C:2AC9H         LINE#         88
  -------         ENDPROC       OLED_CLEAR
  -------         PROC          _BIT4TOHEX
  D:0007H         SYMBOL        bit4
  C:35F5H         LINE#         90
  C:35F5H         LINE#         91
  C:35F8H         LINE#         92
  C:35FEH         LINE#         93
  C:3602H         LINE#         94
  C:3603H         LINE#         95
  C:3607H         LINE#         96
  C:3607H         LINE#         97
  C:3607H         LINE#         98
  -------         ENDPROC       _BIT4TOHEX
  -------         PROC          _OLED_SHOWCHAR
  D:0004H         SYMBOL        x
  D:0002H         SYMBOL        y
  D:0003H         SYMBOL        chr
  -------         DO            
  X:00B5H         SYMBOL        c
  X:00B6H         SYMBOL        i
  -------         ENDDO         
  C:2494H         LINE#         101
  C:2498H         LINE#         103
  C:249FH         LINE#         104
BL51 BANKED LINKER/LOCATER V6.22.4.0                                                  03/24/2024  17:36:26  PAGE 45


  C:24AAH         LINE#         105
  C:24B0H         LINE#         106
  C:24B0H         LINE#         108
  C:24B6H         LINE#         109
  C:24B8H         LINE#         110
  C:24BAH         LINE#         111
  C:24BAH         LINE#         112
  C:24C1H         LINE#         113
  C:24D0H         LINE#         114
  C:24EDH         LINE#         115
  C:24F5H         LINE#         116
  C:24FDH         LINE#         117
  C:250CH         LINE#         118
  C:2529H         LINE#         119
  C:2531H         LINE#         120
  -------         ENDPROC       _OLED_SHOWCHAR
  -------         PROC          _OLED_SHOWSTRING
  D:004CH         SYMBOL        x
  D:004DH         SYMBOL        y
  D:004EH         SYMBOL        chr
  -------         DO            
  X:00BCH         SYMBOL        j
  -------         ENDDO         
  C:2A41H         LINE#         123
  C:2A4BH         LINE#         124
  C:2A50H         LINE#         125
  C:2A65H         LINE#         126
  C:2A6CH         LINE#         127
  C:2A72H         LINE#         128
  C:2A77H         LINE#         129
  C:2A7AH         LINE#         130
  C:2A7EH         LINE#         131
  C:2A7EH         LINE#         132
  C:2A84H         LINE#         133
  C:2A86H         LINE#         134
  -------         ENDPROC       _OLED_SHOWSTRING
  -------         PROC          L?0057
  -------         ENDPROC       L?0057
  -------         PROC          _OLED_SHOWCHAR8
  D:0006H         SYMBOL        x
  D:0005H         SYMBOL        y
  D:0003H         SYMBOL        chr
  -------         DO            
  X:00B7H         SYMBOL        c
  X:00B8H         SYMBOL        i
  -------         ENDDO         
  C:29FAH         LINE#         138
  C:29FCH         LINE#         140
  C:2A03H         LINE#         141
  C:2A09H         LINE#         142
  C:2A0BH         LINE#         143
  C:2A0CH         LINE#         144
  C:2A0CH         LINE#         145
  C:2A11H         LINE#         146
  C:2A20H         LINE#         147
  C:2A38H         LINE#         148
  C:2A40H         LINE#         149
BL51 BANKED LINKER/LOCATER V6.22.4.0                                                  03/24/2024  17:36:26  PAGE 46


  -------         ENDPROC       _OLED_SHOWCHAR8
  -------         PROC          _OLED_SHOWSTRING8
  D:0004H         SYMBOL        x
  D:0055H         SYMBOL        y
  D:0056H         SYMBOL        chr
  -------         DO            
  X:00BDH         SYMBOL        j
  -------         ENDDO         
  C:2B4CH         LINE#         151
  C:2B56H         LINE#         152
  C:2B5BH         LINE#         153
  C:2B70H         LINE#         154
  C:2B77H         LINE#         155
  C:2B7BH         LINE#         156
  C:2B80H         LINE#         157
  C:2B82H         LINE#         158
  C:2B84H         LINE#         159
  C:2B84H         LINE#         160
  C:2B8AH         LINE#         161
  C:2B8CH         LINE#         162
  -------         ENDPROC       _OLED_SHOWSTRING8
  -------         PROC          _OLED_SHOWHEXBUF8
  D:0004H         SYMBOL        x
  D:001BH         SYMBOL        y
  D:001CH         SYMBOL        buf
  D:001FH         SYMBOL        len
  -------         DO            
  X:00BEH         SYMBOL        i
  -------         ENDDO         
  C:299CH         LINE#         164
  C:29A6H         LINE#         166
  C:29B5H         LINE#         167
  C:29B6H         LINE#         168
  C:29CAH         LINE#         169
  C:29CEH         LINE#         170
  C:29E3H         LINE#         171
  C:29E7H         LINE#         172
  C:29EFH         LINE#         173
  -------         ENDPROC       _OLED_SHOWHEXBUF8
  -------         PROC          OLED_SHOWBOOTIMG
  -------         DO            
  D:0004H         SYMBOL        r
  D:0006H         SYMBOL        c
  -------         ENDDO         
  C:3340H         LINE#         175
  C:3340H         LINE#         177
  C:3342H         LINE#         178
  C:3349H         LINE#         179
  C:334BH         LINE#         180
  C:3360H         LINE#         181
  C:3364H         LINE#         182
  C:3368H         LINE#         183
  -------         ENDPROC       OLED_SHOWBOOTIMG
  -------         ENDMOD        OLED12864

  -------         MODULE        DTOS
  C:0000H         SYMBOL        _ICE_DUMMY_
BL51 BANKED LINKER/LOCATER V6.22.4.0                                                  03/24/2024  17:36:26  PAGE 47


  C:1910H         PUBLIC        _floatToSS
  C:3653H         PUBLIC        _floatToS
  C:23BCH         PUBLIC        _uintToS
  C:3079H         PUBLIC        _intToS
  -------         PROC          _INTTOS
  D:0006H         SYMBOL        v
  D:0001H         SYMBOL        out
  D:004BH         SYMBOL        maxL
  -------         DO            
  X:00B9H         SYMBOL        lplus
  -------         ENDDO         
  C:3079H         LINE#         3
  C:3079H         LINE#         4
  C:3080H         LINE#         5
  C:3088H         LINE#         6
  C:308FH         LINE#         7
  C:3094H         LINE#         8
  C:309BH         LINE#         9
  C:309DH         LINE#         10
  C:30A5H         LINE#         11
  C:30A5H         LINE#         12
  C:30B2H         LINE#         13
  -------         ENDPROC       _INTTOS
  -------         PROC          _UINTTOS
  D:003FH         SYMBOL        v
  D:0041H         SYMBOL        out
  D:0044H         SYMBOL        maxL
  -------         DO            
  X:0099H         SYMBOL        maxD
  X:009AH         SYMBOL        t
  X:00A8H         SYMBOL        i
  X:00A9H         SYMBOL        j
  -------         DO            
  D:0045H         SYMBOL        c
  -------         ENDDO         
  -------         ENDDO         
  C:23BCH         LINE#         15
  C:23C6H         LINE#         20
  C:23CCH         LINE#         21
  C:23D1H         LINE#         22
  C:23DEH         LINE#         23
  C:23E1H         LINE#         24
  C:23E1H         LINE#         25
  C:23E8H         LINE#         26
  C:23EBH         LINE#         27
  C:23EBH         LINE#         28
  C:23F2H         LINE#         29
  C:23FDH         LINE#         30
  C:240AH         LINE#         31
  C:2426H         LINE#         32
  C:2435H         LINE#         33
  C:243DH         LINE#         34
  C:2456H         LINE#         35
  C:2471H         LINE#         36
  C:247FH         LINE#         37
  C:2493H         LINE#         38
  C:2493H         LINE#         39
BL51 BANKED LINKER/LOCATER V6.22.4.0                                                  03/24/2024  17:36:26  PAGE 48


  -------         ENDPROC       _UINTTOS
  -------         PROC          _FLOATTOS
  D:0004H         SYMBOL        v
  D:0001H         SYMBOL        out
  D:0037H         SYMBOL        maxL
  C:3653H         LINE#         42
  C:3653H         LINE#         43
  -------         ENDPROC       _FLOATTOS
  -------         PROC          _FLOATTOSS
  D:0021H         SYMBOL        v
  D:0025H         SYMBOL        out
  D:0028H         SYMBOL        maxL
  D:0029H         SYMBOL        s
  -------         DO            
  X:00AEH         SYMBOL        t
  X:00B0H         SYMBOL        len
  X:00B1H         SYMBOL        l
  -------         DO            
  D:002AH         SYMBOL        temp
  B:0020H.7       SYMBOL        last0
  -------         ENDDO         
  -------         ENDDO         
  C:1910H         LINE#         46
  C:191EH         LINE#         48
  C:1923H         LINE#         50
  C:192AH         LINE#         51
  C:192DH         LINE#         52
  C:192DH         LINE#         53
  C:193FH         LINE#         54
  C:194AH         LINE#         55
  C:1955H         LINE#         56
  C:195BH         LINE#         57
  C:196EH         LINE#         58
  C:196EH         LINE#         59
  C:1981H         LINE#         60
  C:19B8H         LINE#         61
  C:19D1H         LINE#         62
  C:19D7H         LINE#         63
  C:19E6H         LINE#         64
  C:19F0H         LINE#         65
  C:19FBH         LINE#         66
  C:1A01H         LINE#         68
  C:1A0AH         LINE#         69
  C:1A0FH         LINE#         70
  C:1A10H         LINE#         71
  C:1A10H         LINE#         73
  C:1A14H         LINE#         74
  C:1A1DH         LINE#         75
  C:1A20H         LINE#         76
  C:1A20H         LINE#         78
  C:1A22H         LINE#         79
  C:1A45H         LINE#         80
  C:1A5FH         LINE#         81
  C:1A6BH         LINE#         82
  C:1AA0H         LINE#         83
  C:1AA9H         LINE#         84
  C:1AB4H         LINE#         85
BL51 BANKED LINKER/LOCATER V6.22.4.0                                                  03/24/2024  17:36:26  PAGE 49


  C:1AC6H         LINE#         86
  C:1AC6H         LINE#         87
  C:1AD4H         LINE#         88
  C:1ADAH         LINE#         89
  C:1ADBH         LINE#         90
  C:1AEBH         LINE#         91
  C:1AF1H         LINE#         92
  C:1B00H         LINE#         93
  C:1B02H         LINE#         94
  C:1B04H         LINE#         95
  C:1B23H         LINE#         96
  C:1B23H         LINE#         97
  C:1B2BH         LINE#         98
  C:1B2BH         LINE#         99
  C:1B30H         LINE#         100
  -------         ENDPROC       _FLOATTOSS
  -------         ENDMOD        DTOS

  -------         MODULE        COMMUNICATION_PROTOCOL
  C:0000H         SYMBOL        _ICE_DUMMY_
  C:0009H         PUBLIC        COMMUICATION_HEART_BEAT
  -------         ENDMOD        COMMUNICATION_PROTOCOL

  -------         MODULE        ?C?FPADD
  C:0CC5H         PUBLIC        ?C?FPADD
  C:0CC1H         PUBLIC        ?C?FPSUB
  -------         ENDMOD        ?C?FPADD

  -------         MODULE        ?C?FPMUL
  C:0DB6H         PUBLIC        ?C?FPMUL
  -------         ENDMOD        ?C?FPMUL

  -------         MODULE        ?C?FPCMP
  C:0EBEH         PUBLIC        ?C?FPCMP
  C:0EBCH         PUBLIC        ?C?FPCMP3
  -------         ENDMOD        ?C?FPCMP

  -------         MODULE        ?C?FPNEG
  C:0F35H         PUBLIC        ?C?FPNEG
  -------         ENDMOD        ?C?FPNEG

  -------         MODULE        ?C?FCAST
  C:0F50H         PUBLIC        ?C?FCASTC
  C:0F4BH         PUBLIC        ?C?FCASTI
  C:0F46H         PUBLIC        ?C?FCASTL
  -------         ENDMOD        ?C?FCAST

  -------         MODULE        ?C?CASTF
  C:0F84H         PUBLIC        ?C?CASTF
  -------         ENDMOD        ?C?CASTF

  -------         MODULE        ?C?COPY
  C:10D5H         PUBLIC        ?C?COPY
  -------         ENDMOD        ?C?COPY

  -------         MODULE        ?C?CLDPTR
  C:10FBH         PUBLIC        ?C?CLDPTR
BL51 BANKED LINKER/LOCATER V6.22.4.0                                                  03/24/2024  17:36:26  PAGE 50


  -------         ENDMOD        ?C?CLDPTR

  -------         MODULE        ?C?CLDOPTR
  C:1114H         PUBLIC        ?C?CLDOPTR
  -------         ENDMOD        ?C?CLDOPTR

  -------         MODULE        ?C?CSTPTR
  C:1141H         PUBLIC        ?C?CSTPTR
  -------         ENDMOD        ?C?CSTPTR

  -------         MODULE        ?C?CSTOPTR
  C:1153H         PUBLIC        ?C?CSTOPTR
  -------         ENDMOD        ?C?CSTOPTR

  -------         MODULE        ?C?IMUL
  C:1175H         PUBLIC        ?C?IMUL
  -------         ENDMOD        ?C?IMUL

  -------         MODULE        ?C?UIDIV
  C:1187H         PUBLIC        ?C?UIDIV
  -------         ENDMOD        ?C?UIDIV

  -------         MODULE        ?C?ILDIX
  C:11DCH         PUBLIC        ?C?ILDIX
  -------         ENDMOD        ?C?ILDIX

  -------         MODULE        ?C?ILDOPTR
  C:11F2H         PUBLIC        ?C?ILDOPTR
  -------         ENDMOD        ?C?ILDOPTR

  -------         MODULE        ?C?LNEG
  C:122AH         PUBLIC        ?C?LNEG
  -------         ENDMOD        ?C?LNEG

Program Size: data=91.0 xdata=191 code=13920
LINK/LOCATE RUN COMPLETE.  0 WARNING(S),  0 ERROR(S)
