C51 COMPILER V9.59.0.0   MAIN                                                              09/18/2020 18:56:57 PAGE 1   


C51 COMPILER V9.59.0.0, COMPILATION OF MODULE MAIN
OBJECT MODULE PLACED IN .\list\main.obj
COMPILER INVOKED BY: C:\Keil_v5\C51\BIN\C51.EXE main.c OPTIMIZE(8,SPEED) BROWSE DEBUG OBJECTEXTEND PRINT(.\list\main.lst
                    -) TABS(2) OBJECT(.\list\main.obj)

line level    source

   1          /*---------------------------------------------------------------------*/
   2          /* --- STC MCU Limited ------------------------------------------------*/
   3          /* --- STC 1T Series MCU Demo Programme -------------------------------*/
   4          /* --- Mobile: (86)13922805190 ----------------------------------------*/
   5          /* --- Fax: 86-0513-55012956,55012947,55012969 ------------------------*/
   6          /* --- Tel: 86-0513-55012928,55012929,55012966 ------------------------*/
   7          /* --- Web: www.STCMCU.com --------------------------------------------*/
   8          /* --- Web: www.STCMCUDATA.com  ---------------------------------------*/
   9          /* --- QQ:  800003751 -------------------------------------------------*/
  10          /* 如果要在程序中使用此代码,请在程序中注明使用了STC的资料及程序            */
  11          /*---------------------------------------------------------------------*/
  12          
  13          /*************  功能说明    **************
  14          
  15          本例程基于STC8H8K64U为主控芯片的实验箱8进行编写测试，STC8G、STC8H系列芯片可通用参考.
  16          
  17          比较器的正极可以是 P3.7 端口或者 ADC 的模拟输入通道，
  18          
  19          而负极可以是 P3.6 端口或者是内部 BandGap 经过 OP 后的 REFV 电压（1.19V内部固定比较电压）。
  20          
  21          通过中断或者查询方式读取比较器比较结果，CMP+的电平低于CMP-的电平P47口输出低电平(LED10亮)，反之输出高电平(L
             -ED10灭)。
  22          
  23          下载时, 选择时钟 24MHz (可以在配置文件"config.h"中修改).
  24          
  25          ******************************************/
  26          
  27          #include  "config.h"
  28          #include  "compare.h"
  29          #include  "GPIO.h"
  30          
  31          /*************  本地常量声明  **************/
  32          
  33          
  34          /*************  本地变量声明  **************/
  35          
  36          
  37          /*************  本地函数声明  **************/
  38          
  39          
  40          /*************  外部函数和变量声明 *****************/
  41          
  42          
  43          /************************ 比较器配置 ****************************/
  44          void  CMP_config(void)
  45          {
  46   1        CMP_InitDefine CMP_InitStructure;           //结构定义
  47   1        CMP_InitStructure.CMP_EN = ENABLE;                //允许比较器    ENABLE,DISABLE
  48   1        CMP_InitStructure.CMP_RiseInterruptEn = ENABLE;   //允许上升沿中断  ENABLE,DISABLE
  49   1        CMP_InitStructure.CMP_FallInterruptEn = ENABLE;   //允许下降沿中断  ENABLE,DISABLE
  50   1        CMP_InitStructure.CMP_P_Select     = CMP_P_P37;   //比较器输入正极性选择, CMP_P_P37: 选择内部P3.7做正输入,
             - CMP_P_ADC: 由ADCIS[2:0]所选择的ADC输入端做正输入.
  51   1        CMP_InitStructure.CMP_N_Select     = CMP_N_GAP;   //比较器输入负极性选择, CMP_N_GAP: 选择内部BandGap电压BG
             -v做负输入, CMP_N_P36: 选择外部P3.6做输入.
C51 COMPILER V9.59.0.0   MAIN                                                              09/18/2020 18:56:57 PAGE 2   

  52   1        CMP_InitStructure.CMP_InvCMPO      = DISABLE;     //比较器输出取反,   ENABLE,DISABLE
  53   1        CMP_InitStructure.CMP_100nsFilter  = ENABLE;      //内部0.1uF滤波,    ENABLE,DISABLE
  54   1        CMP_InitStructure.CMP_Outpt_En     = ENABLE;      //允许比较结果输出,ENABLE,DISABLE
  55   1        CMP_InitStructure.CMP_P_SW         = CMP_OUT_P41; //选择P3.4/P4.1作为比较器输出脚,  CMP_OUT_P34,CMP_OUT_P
             -41
  56   1        CMP_InitStructure.CMP_OutDelayDuty = 16;          //比较结果变化延时周期数, 0~63
  57   1        CMP_InitStructure.CMP_Polity       = Polity_0;    //指定中断优先级(低到高) Polity_0,Polity_1,Polity_2,Polity
             -_3
  58   1        CMP_Inilize(&CMP_InitStructure);        //初始化比较器
  59   1      }
  60          
  61          
  62          /************************ IO口配置 ****************************/
  63          void  GPIO_config(void)
  64          {
  65   1        GPIO_InitTypeDef  GPIO_InitStructure;       //结构定义
  66   1        GPIO_InitStructure.Pin  = GPIO_Pin_6 | GPIO_Pin_7;        //指定要初始化的IO, GPIO_Pin_0 ~ GPIO_Pin_7, 或操作
  67   1        GPIO_InitStructure.Mode = GPIO_HighZ;       //指定IO的输入或输出方式,GPIO_PullUp,GPIO_HighZ,GPIO_OUT_OD,GPIO
             -_OUT_PP
  68   1        GPIO_Inilize(GPIO_P3,&GPIO_InitStructure);  //初始化
  69   1      
  70   1        GPIO_InitStructure.Pin  = GPIO_Pin_1 | GPIO_Pin_7;        //指定要初始化的IO, GPIO_Pin_0 ~ GPIO_Pin_7, 或操作
  71   1        GPIO_InitStructure.Mode = GPIO_PullUp;      //指定IO的输入或输出方式,GPIO_PullUp,GPIO_HighZ,GPIO_OUT_OD,GPIO
             -_OUT_PP
  72   1        GPIO_Inilize(GPIO_P4,&GPIO_InitStructure);  //初始化
  73   1      }
  74          
  75          /************************ 定时器配置 ****************************/
  76          
  77          /******************** task A **************************/
  78          void main(void)
  79          {
  80   1        GPIO_config();
  81   1        CMP_config();
  82   1      
  83   1        EA = 1;
  84   1        while (1);
  85   1      }


MODULE INFORMATION:   STATIC OVERLAYABLE
   CODE SIZE        =     81    ----
   CONSTANT SIZE    =   ----    ----
   XDATA SIZE       =   ----    ----
   PDATA SIZE       =   ----    ----
   DATA SIZE        =   ----      14
   IDATA SIZE       =   ----    ----
   BIT SIZE         =   ----    ----
END OF MODULE INFORMATION.


C51 COMPILATION COMPLETE.  0 WARNING(S),  0 ERROR(S)
